Archive member included to satisfy reference by file (symbol)

app/libapp.a(gatt_dm.c.obj)   (--whole-archive)
app/libapp.a(main.c.obj)      (--whole-archive)
app/libapp.a(throughput.c.obj)
                              (--whole-archive)
zephyr/libzephyr.a(crc32_sw.c.obj)
                              (--whole-archive)
zephyr/libzephyr.a(crc16_sw.c.obj)
                              (--whole-archive)
zephyr/libzephyr.a(crc8_sw.c.obj)
                              (--whole-archive)
zephyr/libzephyr.a(crc7_sw.c.obj)
                              (--whole-archive)
zephyr/libzephyr.a(dec.c.obj)
                              (--whole-archive)
zephyr/libzephyr.a(fdtable.c.obj)
                              (--whole-archive)
zephyr/libzephyr.a(hex.c.obj)
                              (--whole-archive)
zephyr/libzephyr.a(mempool.c.obj)
                              (--whole-archive)
zephyr/libzephyr.a(notify.c.obj)
                              (--whole-archive)
zephyr/libzephyr.a(printk.c.obj)
                              (--whole-archive)
zephyr/libzephyr.a(onoff.c.obj)
                              (--whole-archive)
zephyr/libzephyr.a(rb.c.obj)  (--whole-archive)
zephyr/libzephyr.a(sem.c.obj)
                              (--whole-archive)
zephyr/libzephyr.a(thread_entry.c.obj)
                              (--whole-archive)
zephyr/libzephyr.a(timeutil.c.obj)
                              (--whole-archive)
zephyr/libzephyr.a(work_q.c.obj)
                              (--whole-archive)
zephyr/libzephyr.a(heap.c.obj)
                              (--whole-archive)
zephyr/libzephyr.a(heap-validate.c.obj)
                              (--whole-archive)
zephyr/libzephyr.a(configs.c.obj)
                              (--whole-archive)
zephyr/libzephyr.a(validate_base_addresses.c.obj)
                              (--whole-archive)
zephyr/libzephyr.a(validate_enabled_instances.c.obj)
                              (--whole-archive)
zephyr/libzephyr.a(log_list.c.obj)
                              (--whole-archive)
zephyr/libzephyr.a(log_core.c.obj)
                              (--whole-archive)
zephyr/libzephyr.a(log_msg.c.obj)
                              (--whole-archive)
zephyr/libzephyr.a(log_output.c.obj)
                              (--whole-archive)
zephyr/libzephyr.a(log_backend_uart.c.obj)
                              (--whole-archive)
zephyr/libzephyr.a(log_backend_rtt.c.obj)
                              (--whole-archive)
zephyr/libzephyr.a(tty.c.obj)
                              (--whole-archive)
zephyr/libzephyr.a(getchar.c.obj)
                              (--whole-archive)
zephyr/libzephyr.a(addr_utils.c.obj)
                              (--whole-archive)
zephyr/libzephyr.a(power.c.obj)
                              (--whole-archive)
zephyr/libzephyr.a(policy_residency.c.obj)
                              (--whole-archive)
zephyr/libzephyr.a(uart_console.c.obj)
                              (--whole-archive)
zephyr/libzephyr.a(nrf_power_clock.c.obj)
                              (--whole-archive)
zephyr/libzephyr.a(sys_clock_init.c.obj)
                              (--whole-archive)
zephyr/libzephyr.a(nrf_rtc_timer.c.obj)
                              (--whole-archive)
zephyr/libzephyr.a(SEGGER_RTT.c.obj)
                              (--whole-archive)
zephyr/libzephyr.a(SEGGER_RTT_zephyr.c.obj)
                              (--whole-archive)
zephyr/libzephyr.a(utils.c.obj)
                              (--whole-archive)
zephyr/libzephyr.a(ecc_dh.c.obj)
                              (--whole-archive)
zephyr/libzephyr.a(ecc.c.obj)
                              (--whole-archive)
zephyr/libzephyr.a(aes_decrypt.c.obj)
                              (--whole-archive)
zephyr/libzephyr.a(aes_encrypt.c.obj)
                              (--whole-archive)
zephyr/libzephyr.a(cmac_mode.c.obj)
                              (--whole-archive)
zephyr/arch/common/libarch__common.a(isr_tables.c.obj)
                              (--whole-archive)
zephyr/arch/common/libarch__common.a(sw_isr_common.c.obj)
                              (--whole-archive)
zephyr/arch/arch/arm/core/aarch32/libarch__arm__core__aarch32.a(swap.c.obj)
                              (--whole-archive)
zephyr/arch/arch/arm/core/aarch32/libarch__arm__core__aarch32.a(swap_helper.S.obj)
                              (--whole-archive)
zephyr/arch/arch/arm/core/aarch32/libarch__arm__core__aarch32.a(irq_manage.c.obj)
                              (--whole-archive)
zephyr/arch/arch/arm/core/aarch32/libarch__arm__core__aarch32.a(thread.c.obj)
                              (--whole-archive)
zephyr/arch/arch/arm/core/aarch32/libarch__arm__core__aarch32.a(cpu_idle.S.obj)
                              (--whole-archive)
zephyr/arch/arch/arm/core/aarch32/libarch__arm__core__aarch32.a(fatal.c.obj)
                              (--whole-archive)
zephyr/arch/arch/arm/core/aarch32/libarch__arm__core__aarch32.a(nmi.c.obj)
[...]
Memory Configuration

Name             Origin             Length             Attributes
FLASH            0x0000000000000000 0x0000000000100000 xr
SRAM             0x0000000020000000 0x0000000000040000 xw
IDT_LIST         0x0000000020040000 0x0000000000000800 xw
*default*        0x0000000000000000 0xffffffffffffffff

Linker script and memory map

LOAD zephyr/CMakeFiles/zephyr_prebuilt.dir/misc/empty_file.c.obj
                0x0000000000000020                _region_min_align = 0x20

.rel.plt        0x0000000000000000        0x0
 *(SORT_BY_ALIGNMENT(.rel.plt))
                [!provide]                        PROVIDE (__rel_iplt_start = .)
 *(SORT_BY_ALIGNMENT(.rel.iplt))
 .rel.iplt      0x0000000000000000        0x0 app/libapp.a(gatt_dm.c.obj)
                [!provide]                        PROVIDE (__rel_iplt_end = .)

.rela.plt       0x0000000000000000        0x0
 *(SORT_BY_ALIGNMENT(.rela.plt))
                [!provide]                        PROVIDE (__rela_iplt_start = .)
 *(SORT_BY_ALIGNMENT(.rela.iplt))
                [!provide]                        PROVIDE (__rela_iplt_end = .)

.rel.dyn
 *(SORT_BY_ALIGNMENT(.rel.*))

.rela.dyn
 *(SORT_BY_ALIGNMENT(.rela.*))

/DISCARD/
 *(SORT_BY_ALIGNMENT(.plt))
 *(SORT_BY_ALIGNMENT(.iplt))
 *(SORT_BY_ALIGNMENT(.got.plt))
 *(SORT_BY_ALIGNMENT(.igot.plt))
 *(SORT_BY_ALIGNMENT(.got))
 *(SORT_BY_ALIGNMENT(.igot))
 *(SORT_BY_ALIGNMENT(.note.GNU-stack))
                0x0000000000000000                _image_rom_start = 0x0

rom_start       0x0000000000000000      0x100
                0x0000000000000000                . = 0x0
                0x0000000000000000                . = ALIGN (0x4)
                0x0000000000000000                _vector_start = .
 *(SORT_BY_ALIGNMENT(.exc_vector_table))
 *(SORT_BY_ALIGNMENT(.exc_vector_table.*))
 .exc_vector_table._vector_table_section
                0x0000000000000000       0x40 zephyr/arch/arch/arm/core/aarch32/cortex_m/libarch__arm__core__aarch32__cortex_m.a(vector_table.S.obj)
                0x0000000000000000                _vector_table
 *(SORT_BY_ALIGNMENT(.gnu.linkonce.irq_vector_table))
 .gnu.linkonce.irq_vector_table
                0x0000000000000040       0xc0 zephyr/arch/common/libarch__common.a(isr_tables.c.obj)
                0x0000000000000040                _irq_vector_table
 *(SORT_BY_ALIGNMENT(.vectors))
                0x0000000000000100                _vector_end = .
 *(SORT_BY_ALIGNMENT(.openocd_dbg))
 *(SORT_BY_ALIGNMENT(.openocd_dbg.*))

text            0x0000000000000100    0x21366
                0x0000000000000100                _image_text_start = .
 *(SORT_BY_ALIGNMENT(.text))
 .text          0x0000000000000100      0x254 /home/netlab/zephyr-sdk-0.11.2/arm-zephyr-eabi/bin/../lib/gcc/arm-zephyr-eabi/9.2.0/thumb/v7e-m/nofp/libgcc.a(_arm_muldf3.o)
                0x0000000000000100                __aeabi_dmul
                0x0000000000000100                __muldf3
 .text          0x0000000000000354      0x378 /home/netlab/zephyr-sdk-0.11.2/arm-zephyr-eabi/bin/../lib/gcc/arm-zephyr-eabi/9.2.0/thumb/v7e-m/nofp/libgcc.a(_arm_addsubdf3.o)
                0x0000000000000354                __aeabi_drsub
                0x000000000000035c                __aeabi_dsub
                0x000000000000035c                __subdf3
                0x0000000000000360                __adddf3
                0x0000000000000360                __aeabi_dadd
                0x00000000000005d8                __aeabi_ui2d
                0x00000000000005d8                __floatunsidf
                0x00000000000005f8                __floatsidf
                0x00000000000005f8                __aeabi_i2d
                0x000000000000061c                __extendsfdf2
                0x000000000000061c                __aeabi_f2d
                0x0000000000000660                __aeabi_ul2d
                0x0000000000000660                __floatundidf
                0x0000000000000670                __floatdidf
                0x0000000000000670                __aeabi_l2d
 .text          0x00000000000006cc      0x110 /home/netlab/zephyr-sdk-0.11.2/arm-zephyr-eabi/bin/../lib/gcc/arm-zephyr-eabi/9.2.0/thumb/v7e-m/nofp/libgcc.a(_arm_cmpdf2.o)
                0x00000000000006cc                __gtdf2
                0x00000000000006cc                __gedf2
                0x00000000000006d4                __ltdf2
                0x00000000000006d4                __ledf2
                0x00000000000006dc                __cmpdf2
                0x00000000000006dc                __eqdf2
                0x00000000000006dc                __nedf2
                0x0000000000000758                __aeabi_cdrcmple
                0x0000000000000768                __aeabi_cdcmple
                0x0000000000000768                __aeabi_cdcmpeq
                0x0000000000000778                __aeabi_dcmpeq
                0x000000000000078c                __aeabi_dcmplt
                0x00000000000007a0                __aeabi_dcmple
                0x00000000000007b4                __aeabi_dcmpge
                0x00000000000007c8                __aeabi_dcmpgt
 .text          0x00000000000007dc       0x50 /home/netlab/zephyr-sdk-0.11.2/arm-zephyr-eabi/bin/../lib/gcc/arm-zephyr-eabi/9.2.0/thumb/v7e-m/nofp/libgcc.a(_arm_fixdfsi.o)
                0x00000000000007dc                __fixdfsi
                0x00000000000007dc                __aeabi_d2iz
 .text          0x000000000000082c       0x40 /home/netlab/zephyr-sdk-0.11.2/arm-zephyr-eabi/bin/../lib/gcc/arm-zephyr-eabi/9.2.0/thumb/v7e-m/nofp/libgcc.a(_arm_fixunsdfsi.o)
                0x000000000000082c                __fixunsdfsi
                0x000000000000082c                __aeabi_d2uiz
 .text          0x000000000000086c       0x30 /home/netlab/zephyr-sdk-0.11.2/arm-zephyr-eabi/bin/../lib/gcc/arm-zephyr-eabi/9.2.0/thumb/v7e-m/nofp/libgcc.a(_aeabi_uldivmod.o)
                0x000000000000086c                __aeabi_uldivmod
 .text          0x000000000000089c      0x2c4 /home/netlab/zephyr-sdk-0.11.2/arm-zephyr-eabi/bin/../lib/gcc/arm-zephyr-eabi/9.2.0/thumb/v7e-m/nofp/libgcc.a(_udivmoddi4.o)
                0x000000000000089c                __udivmoddi4
 .text          0x0000000000000b60        0x4 /home/netlab/zephyr-sdk-0.11.2/arm-zephyr-eabi/bin/../lib/gcc/arm-zephyr-eabi/9.2.0/thumb/v7e-m/nofp/libgcc.a(_dvmd_tls.o)
                0x0000000000000b60                __aeabi_ldiv0
                0x0000000000000b60                __aeabi_idiv0
 *(SORT_BY_ALIGNMENT(.text.*))
 *fill*         0x0000000000000b64        0x4 
 .text.hci_init
                0x0000000000000b68      0x520 zephyr/subsys/bluetooth/host/libsubsys__bluetooth__host.a(hci_core.c.obj)
 .text.ll_scan_params_set
                0x0000000000001088       0x70 zephyr/subsys/bluetooth/controller/libsubsys__bluetooth__controller.a(ull_scan.c.obj)
                0x0000000000001088                ll_scan_params_set
 .text.ull_scan_params_set
                0x00000000000010f8       0x4c zephyr/subsys/bluetooth/controller/libsubsys__bluetooth__controller.a(ull_scan.c.obj)
                0x00000000000010f8                ull_scan_params_set
 *fill*         0x0000000000001144        0x4 
 .text.ull_scan_enable
                0x0000000000001148      0x13c zephyr/subsys/bluetooth/controller/libsubsys__bluetooth__controller.a(ull_scan.c.obj)
                0x0000000000001148                ull_scan_enable
 *fill*         0x0000000000001284        0x4 
 .text.ull_conn_llcp
                0x0000000000001288     0x1cfc zephyr/subsys/bluetooth/controller/libsubsys__bluetooth__controller.a(ull_conn.c.obj)
                0x0000000000001288                ull_conn_llcp
 *fill*         0x0000000000002f84        0x4 
 .text.ull_master_setup
                0x0000000000002f88      0x29c zephyr/subsys/bluetooth/controller/libsubsys__bluetooth__controller.a(ull_master.c.obj)
                0x0000000000002f88                ull_master_setup
 *fill*         0x0000000000003224        0x4 
 .text.isr_rx   0x0000000000003228      0x61c zephyr/subsys/bluetooth/controller/libsubsys__bluetooth__controller.a(lll_scan.c.obj)
 .text.throughput_received
                0x0000000000003844       0x1c app/libapp.a(main.c.obj)
 .text.throughput_send
                0x0000000000003860       0x1c app/libapp.a(main.c.obj)
 .text.throughput_read
                0x000000000000387c       0x58 app/libapp.a(main.c.obj)
 .text.disconnected
                0x00000000000038d4       0x68 app/libapp.a(main.c.obj)
 .text.eir_found
                0x000000000000393c       0xd0 app/libapp.a(main.c.obj)
 .text.bt_addr_le_to_str.constprop.0
                0x0000000000003a0c       0x78 app/libapp.a(main.c.obj)
 .text.connected
                0x0000000000003a84       0x60 app/libapp.a(main.c.obj)
 .text.device_found
                0x0000000000003ae4       0x28 app/libapp.a(main.c.obj)
 .text.start_scan
                0x0000000000003b0c       0x58 app/libapp.a(main.c.obj)
                0x0000000000003b0c                start_scan
 .text.main     0x0000000000003b64       0xa8 app/libapp.a(main.c.obj)
                0x0000000000003b64                main
 .text.write_callback
                0x0000000000003c0c       0x44 app/libapp.a(throughput.c.obj)
 .text.read_callback
                0x0000000000003c50       0x68 app/libapp.a(throughput.c.obj)
 .text.bt_gatt_throughput_init
                0x0000000000003cb8       0x18 app/libapp.a(throughput.c.obj)
                0x0000000000003cb8                bt_gatt_throughput_init
 .text.print_digits
                0x0000000000003cd0       0x98 zephyr/libzephyr.a(printk.c.obj)
 .text.char_out
                0x0000000000003d68       0x10 zephyr/libzephyr.a(printk.c.obj)
 .text.__printk_hook_install
                0x0000000000003d78        0xc zephyr/libzephyr.a(printk.c.obj)
                0x0000000000003d78                __printk_hook_install
 .text.z_vprintk
                0x0000000000003d84      0x23c zephyr/libzephyr.a(printk.c.obj)
                0x0000000000003d84                z_vprintk
 .text.vprintk  0x0000000000003fc0       0x1c zephyr/libzephyr.a(printk.c.obj)
                0x0000000000003fc0                vprintk
 .text.vsnprintk
                0x0000000000003fdc       0x28 zephyr/libzephyr.a(printk.c.obj)
                0x0000000000003fdc                vsnprintk
 .text.enable_logger
                0x0000000000004004       0x5c zephyr/libzephyr.a(log_core.c.obj)
 .text.log_process_thread_timer_expiry_fn
                0x0000000000004060        0xc zephyr/libzephyr.a(log_core.c.obj)
 .text.log_core_init
                0x000000000000406c       0x40 zephyr/libzephyr.a(log_core.c.obj)
                0x000000000000406c                log_core_init
 .text.dropped_notify
                0x00000000000040ac       0x4c zephyr/libzephyr.a(log_core.c.obj)
                0x00000000000040ac                dropped_notify
 .text.log_dropped
                0x00000000000040f8       0x20 zephyr/libzephyr.a(log_core.c.obj)
                0x00000000000040f8                log_dropped
 .text.log_source_name_get
                0x0000000000004118       0x1c zephyr/libzephyr.a(log_core.c.obj)
                0x0000000000004118                log_source_name_get
 .text.log_backend_enable
                0x0000000000004134       0x34 zephyr/libzephyr.a(log_core.c.obj)
                0x0000000000004134                log_backend_enable
 .text.log_init
                0x0000000000004168       0x54 zephyr/libzephyr.a(log_core.c.obj)
                0x0000000000004168                log_init
 .text.log_strdup
                0x00000000000041bc       0x6c zephyr/libzephyr.a(log_core.c.obj)
                0x00000000000041bc                log_strdup
 .text.log_is_strdup
                0x0000000000004228       0x1c zephyr/libzephyr.a(log_core.c.obj)
                0x0000000000004228                log_is_strdup
 .text.z_impl_log_process
                0x0000000000004244      0x170 zephyr/libzephyr.a(log_core.c.obj)
                0x0000000000004244                z_impl_log_process
 .text.msg_finalize
                0x00000000000043b4       0xc4 zephyr/libzephyr.a(log_core.c.obj)
 .text.log_process_thread_func
                0x0000000000004478       0x48 zephyr/libzephyr.a(log_core.c.obj)
 .text.z_impl_log_panic
                0x00000000000044c0       0x48 zephyr/libzephyr.a(log_core.c.obj)
                0x00000000000044c0                z_impl_log_panic
 .text.log_free
                0x0000000000004508       0x34 zephyr/libzephyr.a(log_core.c.obj)
                0x0000000000004508                log_free
 .text.log_msg_pool_init
                0x000000000000453c       0x14 zephyr/libzephyr.a(log_msg.c.obj)
                0x000000000000453c                log_msg_pool_init
 .text.log_msg_no_space_handle
                0x0000000000004550       0x30 zephyr/libzephyr.a(log_msg.c.obj)
                0x0000000000004550                log_msg_no_space_handle
 .text.log_msg_chunk_alloc
                0x0000000000004580       0x28 zephyr/libzephyr.a(log_msg.c.obj)
                0x0000000000004580                log_msg_chunk_alloc
 .text.msg_free
                0x00000000000045a8       0x7c zephyr/libzephyr.a(log_msg.c.obj)
 .text.print_formatted
                0x0000000000004624       0x24 zephyr/libzephyr.a(log_output.c.obj)
 .text.prefix_print
                0x0000000000004648      0x11c zephyr/libzephyr.a(log_output.c.obj)
 .text.postfix_print
                0x0000000000004764       0x3c zephyr/libzephyr.a(log_output.c.obj)
 .text.hexdump_line_print
                0x00000000000047a0       0xdc zephyr/libzephyr.a(log_output.c.obj)
 .text.log_output_msg_process
                0x000000000000487c       0xf4 zephyr/libzephyr.a(log_output.c.obj)
                0x000000000000487c                log_output_msg_process
 .text.log_output_dropped_process
                0x0000000000004970       0x54 zephyr/libzephyr.a(log_output.c.obj)
                0x0000000000004970                log_output_dropped_process
 .text.log_output_timestamp_freq_set
                0x00000000000049c4       0x30 zephyr/libzephyr.a(log_output.c.obj)
                0x00000000000049c4                log_output_timestamp_freq_set
 .text.panic    0x00000000000049f4        0xc zephyr/libzephyr.a(log_backend_uart.c.obj)
 .text.dropped  0x0000000000004a00        0xc zephyr/libzephyr.a(log_backend_uart.c.obj)
 .text.log_backend_uart_init
                0x0000000000004a0c       0x18 zephyr/libzephyr.a(log_backend_uart.c.obj)
 .text.put      0x0000000000004a24       0x24 zephyr/libzephyr.a(log_backend_uart.c.obj)
 .text.log_backend_rtt_init
                0x0000000000004a48        0xc zephyr/libzephyr.a(log_backend_rtt.c.obj)
 .text.panic    0x0000000000004a54       0x14 zephyr/libzephyr.a(log_backend_rtt.c.obj)
 .text.dropped  0x0000000000004a68        0xc zephyr/libzephyr.a(log_backend_rtt.c.obj)
 .text.put      0x0000000000004a74       0x24 zephyr/libzephyr.a(log_backend_rtt.c.obj)
 .text.on_failed_write.part.0
                0x0000000000004a98       0x1c zephyr/libzephyr.a(log_backend_rtt.c.obj)
 .text.data_out_block_mode
                0x0000000000004ab4       0xa0 zephyr/libzephyr.a(log_backend_rtt.c.obj)
 .text.console_out
                0x0000000000004b54       0x34 zephyr/libzephyr.a(uart_console.c.obj)
 .text.uart_console_init
                0x0000000000004b88       0x2c zephyr/libzephyr.a(uart_console.c.obj)
 .text.clkstarted_handle.constprop.0
                0x0000000000004bb4       0x50 zephyr/libzephyr.a(nrf_power_clock.c.obj)
 .text.nrf_power_clock_isr
                0x0000000000004c04       0x64 zephyr/libzephyr.a(nrf_power_clock.c.obj)
                0x0000000000004c04                nrf_power_clock_isr
 .text.handle_next_tick_case
                0x0000000000004c68       0x28 zephyr/libzephyr.a(nrf_rtc_timer.c.obj)
 .text.event_clear
                0x0000000000004c90       0x18 zephyr/libzephyr.a(nrf_rtc_timer.c.obj)
 .text.rtc_nrf_isr
                0x0000000000004ca8       0x2c zephyr/libzephyr.a(nrf_rtc_timer.c.obj)
                0x0000000000004ca8                rtc_nrf_isr
 .text.z_clock_driver_init
                0x0000000000004cd4       0x64 zephyr/libzephyr.a(nrf_rtc_timer.c.obj)
                0x0000000000004cd4                z_clock_driver_init
 .text.z_clock_set_timeout
                0x0000000000004d38       0xbc zephyr/libzephyr.a(nrf_rtc_timer.c.obj)
                0x0000000000004d38                z_clock_set_timeout
 .text.z_clock_elapsed
                0x0000000000004df4       0x34 zephyr/libzephyr.a(nrf_rtc_timer.c.obj)
                0x0000000000004df4                z_clock_elapsed
 .text.z_timer_cycle_get_32
                0x0000000000004e28       0x34 zephyr/libzephyr.a(nrf_rtc_timer.c.obj)
                0x0000000000004e28                z_timer_cycle_get_32
 .text._DoInit  0x0000000000004e5c       0x60 zephyr/libzephyr.a(SEGGER_RTT.c.obj)
 .text.SEGGER_RTT_WriteSkipNoLock
                0x0000000000004ebc       0x98 zephyr/libzephyr.a(SEGGER_RTT.c.obj)
                0x0000000000004ebc                SEGGER_RTT_WriteSkipNoLock
 .text.SEGGER_RTT_HasDataUp
                0x0000000000004f54       0x14 zephyr/libzephyr.a(SEGGER_RTT.c.obj)
                0x0000000000004f54                SEGGER_RTT_HasDataUp
 .text.uECC_get_rng
                0x0000000000004f68        0xc zephyr/libzephyr.a(ecc.c.obj)
                0x0000000000004f68                uECC_get_rng
 .text.vli_mmod_fast_secp256r1
                0x0000000000004f74      0x1a0 zephyr/libzephyr.a(ecc.c.obj)
                0x0000000000004f74                vli_mmod_fast_secp256r1
 .text.tc_aes128_set_encrypt_key
                0x0000000000005114       0xa4 zephyr/libzephyr.a(aes_encrypt.c.obj)
                0x0000000000005114                tc_aes128_set_encrypt_key
 .text.tc_aes_encrypt
                0x00000000000051b8       0xd4 zephyr/libzephyr.a(aes_encrypt.c.obj)
                0x00000000000051b8                tc_aes_encrypt
 .text.arch_swap
                0x000000000000528c       0x34 zephyr/arch/arch/arm/core/aarch32/libarch__arm__core__aarch32.a(swap.c.obj)
                0x000000000000528c                arch_swap
 .text.z_arm_pendsv
                0x00000000000052c0       0x48 zephyr/arch/arch/arm/core/aarch32/libarch__arm__core__aarch32.a(swap_helper.S.obj)
                0x00000000000052c0                z_arm_pendsv
 .text.z_arm_svc
                0x0000000000005308       0x20 zephyr/arch/arch/arm/core/aarch32/libarch__arm__core__aarch32.a(swap_helper.S.obj)
                0x0000000000005308                z_arm_svc
 .text.arch_irq_enable
                0x0000000000005328       0x20 zephyr/arch/arch/arm/core/aarch32/libarch__arm__core__aarch32.a(irq_manage.c.obj)
                0x0000000000005328                arch_irq_enable
 .text.arch_irq_disable
                0x0000000000005348       0x28 zephyr/arch/arch/arm/core/aarch32/libarch__arm__core__aarch32.a(irq_manage.c.obj)
                0x0000000000005348                arch_irq_disable
 .text.arch_irq_is_enabled
                0x0000000000005370       0x1c zephyr/arch/arch/arm/core/aarch32/libarch__arm__core__aarch32.a(irq_manage.c.obj)
                0x0000000000005370                arch_irq_is_enabled
 .text.z_arm_irq_priority_set
                0x000000000000538c       0x30 zephyr/arch/arch/arm/core/aarch32/libarch__arm__core__aarch32.a(irq_manage.c.obj)
                0x000000000000538c                z_arm_irq_priority_set
 .text._arch_isr_direct_pm
                0x00000000000053bc       0x1c zephyr/arch/arch/arm/core/aarch32/libarch__arm__core__aarch32.a(irq_manage.c.obj)
                0x00000000000053bc                _arch_isr_direct_pm
 .text.arch_new_thread
                0x00000000000053d8       0x50 zephyr/arch/arch/arm/core/aarch32/libarch__arm__core__aarch32.a(thread.c.obj)
                0x00000000000053d8                arch_new_thread
 .text.arch_switch_to_main_thread
                0x0000000000005428       0x38 zephyr/arch/arch/arm/core/aarch32/libarch__arm__core__aarch32.a(thread.c.obj)
                0x0000000000005428                arch_switch_to_main_thread
 .text.z_arm_cpu_idle_init
                0x0000000000005460        0xc zephyr/arch/arch/arm/core/aarch32/libarch__arm__core__aarch32.a(cpu_idle.S.obj)
                0x0000000000005460                z_arm_cpu_idle_init
 .text.arch_cpu_idle
                0x000000000000546c       0x1c zephyr/arch/arch/arm/core/aarch32/libarch__arm__core__aarch32.a(cpu_idle.S.obj)
                0x000000000000546c                arch_cpu_idle
 .text.z_arm_fatal_error
                0x0000000000005488       0x70 zephyr/arch/arch/arm/core/aarch32/libarch__arm__core__aarch32.a(fatal.c.obj)
                0x0000000000005488                z_arm_fatal_error
 .text.z_SysNmiOnReset
                0x00000000000054f8        0x8 zephyr/arch/arch/arm/core/aarch32/libarch__arm__core__aarch32.a(nmi_on_reset.S.obj)
                0x00000000000054f8                z_SysNmiOnReset
 .text.z_arm_prep_c
                0x0000000000005500       0x44 zephyr/arch/arch/arm/core/aarch32/libarch__arm__core__aarch32.a(prep_c.c.obj)
                0x0000000000005500                z_arm_prep_c
 .text._isr_wrapper
                0x0000000000005544       0x40 zephyr/arch/arch/arm/core/aarch32/libarch__arm__core__aarch32.a(isr_wrapper.S.obj)
                0x0000000000005544                _isr_wrapper
 .text._reset_section
                0x0000000000005584       0x3c zephyr/arch/arch/arm/core/aarch32/cortex_m/libarch__arm__core__aarch32__cortex_m.a(reset.S.obj)
                0x0000000000005584                z_arm_reset
                0x0000000000005584                __start
 .text.__fault  0x00000000000055c0       0x14 zephyr/arch/arch/arm/core/aarch32/cortex_m/libarch__arm__core__aarch32__cortex_m.a(fault_s.S.obj)
                0x00000000000055c0                z_arm_bus_fault
                0x00000000000055c0                z_arm_usage_fault
                0x00000000000055c0                z_arm_mpu_fault
                0x00000000000055c0                z_arm_exc_spurious
                0x00000000000055c0                z_arm_debug_monitor
                0x00000000000055c0                z_arm_hard_fault
 .text.usage_fault.isra.0
                0x00000000000055d4       0xb8 zephyr/arch/arch/arm/core/aarch32/cortex_m/libarch__arm__core__aarch32__cortex_m.a(fault.c.obj)
 .text.mem_manage_fault.isra.0
                0x000000000000568c       0xcc zephyr/arch/arch/arm/core/aarch32/cortex_m/libarch__arm__core__aarch32__cortex_m.a(fault.c.obj)
 .text.bus_fault.isra.0
                0x0000000000005758       0xdc zephyr/arch/arch/arm/core/aarch32/cortex_m/libarch__arm__core__aarch32__cortex_m.a(fault.c.obj)
 .text.z_arm_fault
                0x0000000000005834      0x198 zephyr/arch/arch/arm/core/aarch32/cortex_m/libarch__arm__core__aarch32__cortex_m.a(fault.c.obj)
                0x0000000000005834                z_arm_fault
 .text.z_arm_fault_init
                0x00000000000059cc       0x10 zephyr/arch/arch/arm/core/aarch32/cortex_m/libarch__arm__core__aarch32__cortex_m.a(fault.c.obj)
                0x00000000000059cc                z_arm_fault_init
 .text._HandlerModeExit
                0x00000000000059dc       0x1c zephyr/arch/arch/arm/core/aarch32/cortex_m/libarch__arm__core__aarch32__cortex_m.a(exc_exit.S.obj)
                0x00000000000059dc                z_arm_exc_exit
                0x00000000000059dc                z_arm_int_exit
 .text.z_arm_interrupt_init
                0x00000000000059f8       0x18 zephyr/arch/arch/arm/core/aarch32/cortex_m/libarch__arm__core__aarch32__cortex_m.a(irq_init.c.obj)
                0x00000000000059f8                z_arm_interrupt_init
 .text.z_impl_k_thread_abort
                0x0000000000005a10       0x4c zephyr/arch/arch/arm/core/aarch32/cortex_m/libarch__arm__core__aarch32__cortex_m.a(thread_abort.c.obj)
                0x0000000000005a10                z_impl_k_thread_abort
 .text.z_arm_configure_static_mpu_regions
                0x0000000000005a5c       0x38 zephyr/arch/arch/arm/core/aarch32/cortex_m/mpu/libarch__arm__core__aarch32__cortex_m__mpu.a(arm_core_mpu.c.obj)
                0x0000000000005a5c                z_arm_configure_static_mpu_regions
 .text.mpu_configure_regions
                0x0000000000005a94       0xc4 zephyr/arch/arch/arm/core/aarch32/cortex_m/mpu/libarch__arm__core__aarch32__cortex_m__mpu.a(arm_mpu.c.obj)
 .text.arm_core_mpu_enable
                0x0000000000005b58       0x14 zephyr/arch/arch/arm/core/aarch32/cortex_m/mpu/libarch__arm__core__aarch32__cortex_m__mpu.a(arm_mpu.c.obj)
                0x0000000000005b58                arm_core_mpu_enable
 .text.arm_core_mpu_disable
                0x0000000000005b6c       0x10 zephyr/arch/arch/arm/core/aarch32/cortex_m/mpu/libarch__arm__core__aarch32__cortex_m__mpu.a(arm_mpu.c.obj)
                0x0000000000005b6c                arm_core_mpu_disable
 .text.arm_mpu_init
                0x0000000000005b7c       0x5c zephyr/arch/arch/arm/core/aarch32/cortex_m/mpu/libarch__arm__core__aarch32__cortex_m__mpu.a(arm_mpu.c.obj)
 .text.arm_core_mpu_configure_static_mpu_regions
                0x0000000000005bd8       0x14 zephyr/arch/arch/arm/core/aarch32/cortex_m/mpu/libarch__arm__core__aarch32__cortex_m__mpu.a(arm_mpu.c.obj)
                0x0000000000005bd8                arm_core_mpu_configure_static_mpu_regions
 .text.__stdout_hook_install
                0x0000000000005bec        0xc zephyr/lib/libc/minimal/liblib__libc__minimal.a(stdout_console.c.obj)
                0x0000000000005bec                __stdout_hook_install
 .text.nordicsemi_nrf52_init
                0x0000000000005bf8       0x30 zephyr/soc/arm/nordic_nrf/nrf52/libsoc__arm__nordic_nrf__nrf52.a(soc.c.obj)
 .text.arch_busy_wait
                0x0000000000005c28       0x14 zephyr/soc/arm/nordic_nrf/nrf52/libsoc__arm__nordic_nrf__nrf52.a(soc.c.obj)
                0x0000000000005c28                arch_busy_wait
 .text.bt_hex_real
                0x0000000000005c3c       0x44 zephyr/subsys/bluetooth/common/libsubsys__bluetooth__common.a(log.c.obj)
                0x0000000000005c3c                bt_hex_real
 .text.bt_addr_le_str_real
                0x0000000000005c80       0x7c zephyr/subsys/bluetooth/common/libsubsys__bluetooth__common.a(log.c.obj)
                0x0000000000005c80                bt_addr_le_str_real
 .text.ecc_thread
                0x0000000000005cfc      0x1c4 zephyr/subsys/bluetooth/host/libsubsys__bluetooth__host.a(hci_ecc.c.obj)
 .text.bt_hci_ecc_send
                0x0000000000005ec0      0x110 zephyr/subsys/bluetooth/host/libsubsys__bluetooth__host.a(hci_ecc.c.obj)
                0x0000000000005ec0                bt_hci_ecc_send
 .text.bt_hci_ecc_init
                0x0000000000005fd0       0x48 zephyr/subsys/bluetooth/host/libsubsys__bluetooth__host.a(hci_ecc.c.obj)
                0x0000000000005fd0                bt_hci_ecc_init
 .text.uuid_to_uuid128
                0x0000000000006018       0x7c zephyr/subsys/bluetooth/host/libsubsys__bluetooth__host.a(uuid.c.obj)
 .text.le_dhkey_complete
                0x0000000000006094       0x20 zephyr/subsys/bluetooth/host/libsubsys__bluetooth__host.a(hci_core.c.obj)
 .text.ver_str  0x00000000000060b4       0x38 zephyr/subsys/bluetooth/host/libsubsys__bluetooth__host.a(hci_core.c.obj)
 .text.hci_data_buf_overflow
                0x00000000000060ec       0x24 zephyr/subsys/bluetooth/host/libsubsys__bluetooth__host.a(hci_core.c.obj)
 .text.le_pkey_complete
                0x0000000000006110       0x50 zephyr/subsys/bluetooth/host/libsubsys__bluetooth__host.a(hci_core.c.obj)
 .text.le_data_len_change
                0x0000000000006160       0x3c zephyr/subsys/bluetooth/host/libsubsys__bluetooth__host.a(hci_core.c.obj)
 .text.le_conn_update_complete
                0x000000000000619c       0x98 zephyr/subsys/bluetooth/host/libsubsys__bluetooth__host.a(hci_core.c.obj)
 .text.hci_vendor_event
                0x0000000000006234       0x38 zephyr/subsys/bluetooth/host/libsubsys__bluetooth__host.a(hci_core.c.obj)
 .text.update_sec_level
                0x000000000000626c       0x64 zephyr/subsys/bluetooth/host/libsubsys__bluetooth__host.a(hci_core.c.obj)
 .text.hci_encrypt_key_refresh_complete
                0x00000000000062d0       0x84 zephyr/subsys/bluetooth/host/libsubsys__bluetooth__host.a(hci_core.c.obj)
 .text.hci_encrypt_change
                0x0000000000006354       0x8c zephyr/subsys/bluetooth/host/libsubsys__bluetooth__host.a(hci_core.c.obj)
 .text.handle_event
                0x00000000000063e0       0x84 zephyr/subsys/bluetooth/host/libsubsys__bluetooth__host.a(hci_core.c.obj)
 .text.hci_le_meta_event
                0x0000000000006464       0x20 zephyr/subsys/bluetooth/host/libsubsys__bluetooth__host.a(hci_core.c.obj)
 .text.hci_cmd_done
                0x0000000000006484       0xf4 zephyr/subsys/bluetooth/host/libsubsys__bluetooth__host.a(hci_core.c.obj)
 .text.id_find  0x0000000000006578       0x34 zephyr/subsys/bluetooth/host/libsubsys__bluetooth__host.a(hci_core.c.obj)
 .text.hci_tx_thread
                0x00000000000065ac      0x188 zephyr/subsys/bluetooth/host/libsubsys__bluetooth__host.a(hci_core.c.obj)
 .text.hci_num_completed_packets
                0x0000000000006734      0x134 zephyr/subsys/bluetooth/host/libsubsys__bluetooth__host.a(hci_core.c.obj)
 .text.hci_cmd_status
                0x0000000000006868       0x2c zephyr/subsys/bluetooth/host/libsubsys__bluetooth__host.a(hci_core.c.obj)
 .text.hci_cmd_complete
                0x0000000000006894       0x30 zephyr/subsys/bluetooth/host/libsubsys__bluetooth__host.a(hci_core.c.obj)
 .text.bt_hci_cmd_create
                0x00000000000068c4       0x70 zephyr/subsys/bluetooth/host/libsubsys__bluetooth__host.a(hci_core.c.obj)
                0x00000000000068c4                bt_hci_cmd_create
 .text.bt_hci_cmd_send
                0x0000000000006934       0x64 zephyr/subsys/bluetooth/host/libsubsys__bluetooth__host.a(hci_core.c.obj)
                0x0000000000006934                bt_hci_cmd_send
 .text.le_ltk_request
                0x0000000000006998       0xc0 zephyr/subsys/bluetooth/host/libsubsys__bluetooth__host.a(hci_core.c.obj)
 .text.le_conn_param_neg_reply
                0x0000000000006a58       0x54 zephyr/subsys/bluetooth/host/libsubsys__bluetooth__host.a(hci_core.c.obj)
 .text.le_conn_param_req
                0x0000000000006aac       0xd0 zephyr/subsys/bluetooth/host/libsubsys__bluetooth__host.a(hci_core.c.obj)
 .text.bt_hci_cmd_send_sync
                0x0000000000006b7c       0xf0 zephyr/subsys/bluetooth/host/libsubsys__bluetooth__host.a(hci_core.c.obj)
                0x0000000000006b7c                bt_hci_cmd_send_sync
 .text.hci_le_read_max_data_len
                0x0000000000006c6c       0x54 zephyr/subsys/bluetooth/host/libsubsys__bluetooth__host.a(hci_core.c.obj)
 .text.set_random_address
                0x0000000000006cc0       0x5c zephyr/subsys/bluetooth/host/libsubsys__bluetooth__host.a(hci_core.c.obj)
 .text.le_create_conn_set_random_addr.isra.0
                0x0000000000006d1c       0x24 zephyr/subsys/bluetooth/host/libsubsys__bluetooth__host.a(hci_core.c.obj)
 .text.set_le_adv_enable_legacy
                0x0000000000006d40       0x5c zephyr/subsys/bluetooth/host/libsubsys__bluetooth__host.a(hci_core.c.obj)
 .text.set_le_scan_enable_legacy
                0x0000000000006d9c       0x78 zephyr/subsys/bluetooth/host/libsubsys__bluetooth__host.a(hci_core.c.obj)
 .text.start_le_scan_legacy
                0x0000000000006e14       0x98 zephyr/subsys/bluetooth/host/libsubsys__bluetooth__host.a(hci_core.c.obj)
 .text.bt_le_create_conn_legacy
                0x0000000000006eac       0xd8 zephyr/subsys/bluetooth/host/libsubsys__bluetooth__host.a(hci_core.c.obj)
                0x0000000000006eac                bt_le_create_conn_legacy
 .text.bt_le_create_conn_cancel
                0x0000000000006f84       0x48 zephyr/subsys/bluetooth/host/libsubsys__bluetooth__host.a(hci_core.c.obj)
                0x0000000000006f84                bt_le_create_conn_cancel
 .text.conn_auto_initiate
                0x0000000000006fcc       0xe8 zephyr/subsys/bluetooth/host/libsubsys__bluetooth__host.a(hci_core.c.obj)
 .text.le_phy_update_complete
                0x00000000000070b4       0x64 zephyr/subsys/bluetooth/host/libsubsys__bluetooth__host.a(hci_core.c.obj)
 .text.le_remote_feat_complete
                0x0000000000007118       0x60 zephyr/subsys/bluetooth/host/libsubsys__bluetooth__host.a(hci_core.c.obj)
 .text.bt_id_add
                0x0000000000007178      0x1bc zephyr/subsys/bluetooth/host/libsubsys__bluetooth__host.a(hci_core.c.obj)
                0x0000000000007178                bt_id_add
 .text.bt_id_del
                0x0000000000007334      0x154 zephyr/subsys/bluetooth/host/libsubsys__bluetooth__host.a(hci_core.c.obj)
                0x0000000000007334                bt_id_del
 .text.bt_le_scan_update
                0x0000000000007488       0x7c zephyr/subsys/bluetooth/host/libsubsys__bluetooth__host.a(hci_core.c.obj)
                0x0000000000007488                bt_le_scan_update
 .text.hci_disconn_complete
                0x0000000000007504       0x74 zephyr/subsys/bluetooth/host/libsubsys__bluetooth__host.a(hci_core.c.obj)
 .text.le_adv_report
                0x0000000000007578      0x1fc zephyr/subsys/bluetooth/host/libsubsys__bluetooth__host.a(hci_core.c.obj)
 .text.enh_conn_complete
                0x0000000000007774      0x1c0 zephyr/subsys/bluetooth/host/libsubsys__bluetooth__host.a(hci_core.c.obj)
 .text.bt_data_parse
                0x0000000000007934       0x6c zephyr/subsys/bluetooth/host/libsubsys__bluetooth__host.a(hci_core.c.obj)
                0x0000000000007934                bt_data_parse
 .text.id_create.isra.0
                0x00000000000079a0       0x58 zephyr/subsys/bluetooth/host/libsubsys__bluetooth__host.a(hci_core.c.obj)
 .text.bt_recv  0x00000000000079f8      0x154 zephyr/subsys/bluetooth/host/libsubsys__bluetooth__host.a(hci_core.c.obj)
                0x00000000000079f8                bt_recv
 .text.bt_recv_prio
                0x0000000000007b4c       0xac zephyr/subsys/bluetooth/host/libsubsys__bluetooth__host.a(hci_core.c.obj)
                0x0000000000007b4c                bt_recv_prio
 .text.bt_hci_driver_register
                0x0000000000007bf8       0x28 zephyr/subsys/bluetooth/host/libsubsys__bluetooth__host.a(hci_core.c.obj)
                0x0000000000007bf8                bt_hci_driver_register
 .text.bt_finalize_init
                0x0000000000007c20       0xe0 zephyr/subsys/bluetooth/host/libsubsys__bluetooth__host.a(hci_core.c.obj)
                0x0000000000007c20                bt_finalize_init
 .text.bt_get_name
                0x0000000000007d00        0x8 zephyr/subsys/bluetooth/host/libsubsys__bluetooth__host.a(hci_core.c.obj)
                0x0000000000007d00                bt_get_name
 .text.bt_id_create
                0x0000000000007d08       0x8c zephyr/subsys/bluetooth/host/libsubsys__bluetooth__host.a(hci_core.c.obj)
                0x0000000000007d08                bt_id_create
 .text.bt_setup_public_id_addr
                0x0000000000007d94       0xa0 zephyr/subsys/bluetooth/host/libsubsys__bluetooth__host.a(hci_core.c.obj)
                0x0000000000007d94                bt_setup_public_id_addr
 .text.bt_read_static_addr
                0x0000000000007e34       0xb4 zephyr/subsys/bluetooth/host/libsubsys__bluetooth__host.a(hci_core.c.obj)
                0x0000000000007e34                bt_read_static_addr
 .text.bt_setup_random_id_addr
                0x0000000000007ee8       0x58 zephyr/subsys/bluetooth/host/libsubsys__bluetooth__host.a(hci_core.c.obj)
                0x0000000000007ee8                bt_setup_random_id_addr
 .text.bt_enable
                0x0000000000007f40       0xfc zephyr/subsys/bluetooth/host/libsubsys__bluetooth__host.a(hci_core.c.obj)
                0x0000000000007f40                bt_enable
 .text.init_work
                0x000000000000803c       0x2c zephyr/subsys/bluetooth/host/libsubsys__bluetooth__host.a(hci_core.c.obj)
 .text.bt_le_scan_start
                0x0000000000008068       0xb0 zephyr/subsys/bluetooth/host/libsubsys__bluetooth__host.a(hci_core.c.obj)
                0x0000000000008068                bt_le_scan_start
 .text.bt_le_scan_stop
                0x0000000000008118       0x2c zephyr/subsys/bluetooth/host/libsubsys__bluetooth__host.a(hci_core.c.obj)
                0x0000000000008118                bt_le_scan_stop
 .text.bt_buf_get_rx
                0x0000000000008144       0x20 zephyr/subsys/bluetooth/host/libsubsys__bluetooth__host.a(hci_core.c.obj)
                0x0000000000008144                bt_buf_get_rx
 .text.bt_buf_get_cmd_complete
                0x0000000000008164       0x4c zephyr/subsys/bluetooth/host/libsubsys__bluetooth__host.a(hci_core.c.obj)
                0x0000000000008164                bt_buf_get_cmd_complete
 .text.bt_buf_get_evt
                0x00000000000081b0       0x54 zephyr/subsys/bluetooth/host/libsubsys__bluetooth__host.a(hci_core.c.obj)
                0x00000000000081b0                bt_buf_get_evt
 .text.bt_pub_key_gen
                0x0000000000008204       0xa0 zephyr/subsys/bluetooth/host/libsubsys__bluetooth__host.a(hci_core.c.obj)
                0x0000000000008204                bt_pub_key_gen
 .text.bt_pub_key_get
                0x00000000000082a4       0x1c zephyr/subsys/bluetooth/host/libsubsys__bluetooth__host.a(hci_core.c.obj)
                0x00000000000082a4                bt_pub_key_get
 .text.bt_dh_key_gen
                0x00000000000082c0       0x74 zephyr/subsys/bluetooth/host/libsubsys__bluetooth__host.a(hci_core.c.obj)
                0x00000000000082c0                bt_dh_key_gen
 .text.tx_free  0x0000000000008334       0x14 zephyr/subsys/bluetooth/host/libsubsys__bluetooth__host.a(conn.c.obj)
 .text.notify_connected
                0x0000000000008348       0x2c zephyr/subsys/bluetooth/host/libsubsys__bluetooth__host.a(conn.c.obj)
 .text.send_frag
                0x0000000000008374      0x130 zephyr/subsys/bluetooth/host/libsubsys__bluetooth__host.a(conn.c.obj)
 .text.conn_update_timeout
                0x00000000000084a4       0x6c zephyr/subsys/bluetooth/host/libsubsys__bluetooth__host.a(conn.c.obj)
 .text.conn_cleanup
                0x0000000000008510       0x44 zephyr/subsys/bluetooth/host/libsubsys__bluetooth__host.a(conn.c.obj)
 .text.bt_conn_get_pkts
                0x0000000000008554        0x8 zephyr/subsys/bluetooth/host/libsubsys__bluetooth__host.a(conn.c.obj)
                0x0000000000008554                bt_conn_get_pkts
 .text.notify_le_param_updated
                0x000000000000855c       0x68 zephyr/subsys/bluetooth/host/libsubsys__bluetooth__host.a(conn.c.obj)
                0x000000000000855c                notify_le_param_updated
 .text.le_param_req
                0x00000000000085c4       0x40 zephyr/subsys/bluetooth/host/libsubsys__bluetooth__host.a(conn.c.obj)
                0x00000000000085c4                le_param_req
 .text.bt_conn_identity_resolved
                0x0000000000008604       0x34 zephyr/subsys/bluetooth/host/libsubsys__bluetooth__host.a(conn.c.obj)
                0x0000000000008604                bt_conn_identity_resolved
 .text.bt_conn_security_changed
                0x0000000000008638       0x24 zephyr/subsys/bluetooth/host/libsubsys__bluetooth__host.a(conn.c.obj)
                0x0000000000008638                bt_conn_security_changed
 .text.bt_conn_cb_register
                0x000000000000865c       0x10 zephyr/subsys/bluetooth/host/libsubsys__bluetooth__host.a(conn.c.obj)
                0x000000000000865c                bt_conn_cb_register
 .text.bt_conn_recv
                0x000000000000866c      0x134 zephyr/subsys/bluetooth/host/libsubsys__bluetooth__host.a(conn.c.obj)
                0x000000000000866c                bt_conn_recv
 .text.bt_conn_send_cb
                0x00000000000087a0       0xd8 zephyr/subsys/bluetooth/host/libsubsys__bluetooth__host.a(conn.c.obj)
                0x00000000000087a0                bt_conn_send_cb
 .text.bt_conn_prepare_events
                0x0000000000008878       0x94 zephyr/subsys/bluetooth/host/libsubsys__bluetooth__host.a(conn.c.obj)
                0x0000000000008878                bt_conn_prepare_events
 .text.bt_conn_add_le
                0x000000000000890c       0xe4 zephyr/subsys/bluetooth/host/libsubsys__bluetooth__host.a(conn.c.obj)
                0x000000000000890c                bt_conn_add_le
 .text.bt_conn_set_state
                0x00000000000089f0      0x200 zephyr/subsys/bluetooth/host/libsubsys__bluetooth__host.a(conn.c.obj)
                0x00000000000089f0                bt_conn_set_state
 .text.bt_conn_lookup_handle
                0x0000000000008bf0       0x48 zephyr/subsys/bluetooth/host/libsubsys__bluetooth__host.a(conn.c.obj)
                0x0000000000008bf0                bt_conn_lookup_handle
 .text.bt_conn_lookup_addr_le
                0x0000000000008c38       0x4c zephyr/subsys/bluetooth/host/libsubsys__bluetooth__host.a(conn.c.obj)
                0x0000000000008c38                bt_conn_lookup_addr_le
 .text.bt_conn_exists_le
                0x0000000000008c84       0x4c zephyr/subsys/bluetooth/host/libsubsys__bluetooth__host.a(conn.c.obj)
                0x0000000000008c84                bt_conn_exists_le
 .text.bt_conn_lookup_state_le
                0x0000000000008cd0       0x64 zephyr/subsys/bluetooth/host/libsubsys__bluetooth__host.a(conn.c.obj)
                0x0000000000008cd0                bt_conn_lookup_state_le
 .text.bt_conn_get_info
                0x0000000000008d34       0x58 zephyr/subsys/bluetooth/host/libsubsys__bluetooth__host.a(conn.c.obj)
                0x0000000000008d34                bt_conn_get_info
 .text.bt_conn_le_create
                0x0000000000008d8c      0x158 zephyr/subsys/bluetooth/host/libsubsys__bluetooth__host.a(conn.c.obj)
                0x0000000000008d8c                bt_conn_le_create
 .text.bt_le_set_auto_conn
                0x0000000000008ee4       0xf0 zephyr/subsys/bluetooth/host/libsubsys__bluetooth__host.a(conn.c.obj)
                0x0000000000008ee4                bt_le_set_auto_conn
 .text.bt_conn_disconnect
                0x0000000000008fd4       0x98 zephyr/subsys/bluetooth/host/libsubsys__bluetooth__host.a(conn.c.obj)
                0x0000000000008fd4                bt_conn_disconnect
 .text.bt_conn_create_pdu_timeout
                0x000000000000906c       0x48 zephyr/subsys/bluetooth/host/libsubsys__bluetooth__host.a(conn.c.obj)
                0x000000000000906c                bt_conn_create_pdu_timeout
 .text.bt_conn_create_frag_timeout
                0x00000000000090b4        0xc zephyr/subsys/bluetooth/host/libsubsys__bluetooth__host.a(conn.c.obj)
                0x00000000000090b4                bt_conn_create_frag_timeout
 .text.create_frag.isra.0
                0x00000000000090c0       0x6c zephyr/subsys/bluetooth/host/libsubsys__bluetooth__host.a(conn.c.obj)
 .text.bt_conn_process_tx
                0x000000000000912c       0xd0 zephyr/subsys/bluetooth/host/libsubsys__bluetooth__host.a(conn.c.obj)
                0x000000000000912c                bt_conn_process_tx
 .text.bt_conn_index
                0x00000000000091fc       0x18 zephyr/subsys/bluetooth/host/libsubsys__bluetooth__host.a(conn.c.obj)
                0x00000000000091fc                bt_conn_index
 .text.bt_conn_lookup_index
                0x0000000000009214       0x34 zephyr/subsys/bluetooth/host/libsubsys__bluetooth__host.a(conn.c.obj)
                0x0000000000009214                bt_conn_lookup_index
 .text.bt_conn_init
                0x0000000000009248       0x6c zephyr/subsys/bluetooth/host/libsubsys__bluetooth__host.a(conn.c.obj)
                0x0000000000009248                bt_conn_init
 .text.get_ident
                0x00000000000092b4       0x18 zephyr/subsys/bluetooth/host/libsubsys__bluetooth__host.a(l2cap.c.obj)
 .text.l2cap_server_lookup_psm
                0x00000000000092cc       0x28 zephyr/subsys/bluetooth/host/libsubsys__bluetooth__host.a(l2cap.c.obj)
 .text.l2cap_accept
                0x00000000000092f4       0x54 zephyr/subsys/bluetooth/host/libsubsys__bluetooth__host.a(l2cap.c.obj)
 .text.l2cap_create_le_sig_pdu.isra.0
                0x0000000000009348       0x60 zephyr/subsys/bluetooth/host/libsubsys__bluetooth__host.a(l2cap.c.obj)
 .text.l2cap_chan_tx_init
                0x00000000000093a8       0x40 zephyr/subsys/bluetooth/host/libsubsys__bluetooth__host.a(l2cap.c.obj)
 .text.k_work_submit_to_queue.constprop.0
                0x00000000000093e8       0x30 zephyr/subsys/bluetooth/host/libsubsys__bluetooth__host.a(l2cap.c.obj)
 .text.l2cap_rtx_timeout
                0x0000000000009418       0x50 zephyr/subsys/bluetooth/host/libsubsys__bluetooth__host.a(l2cap.c.obj)
 .text.l2cap_chan_le_send
                0x0000000000009468      0x1d8 zephyr/subsys/bluetooth/host/libsubsys__bluetooth__host.a(l2cap.c.obj)
 .text.l2cap_chan_send_req
                0x0000000000009640       0x20 zephyr/subsys/bluetooth/host/libsubsys__bluetooth__host.a(l2cap.c.obj)
 .text.l2cap_chan_send_credits.isra.0
                0x0000000000009660       0xe8 zephyr/subsys/bluetooth/host/libsubsys__bluetooth__host.a(l2cap.c.obj)
 .text.l2cap_chan_add
                0x0000000000009748       0xb8 zephyr/subsys/bluetooth/host/libsubsys__bluetooth__host.a(l2cap.c.obj)
 .text.bt_l2cap_connected
                0x0000000000009800       0x74 zephyr/subsys/bluetooth/host/libsubsys__bluetooth__host.a(l2cap.c.obj)
                0x0000000000009800                bt_l2cap_connected
 .text.l2cap_chan_accept
                0x0000000000009874       0xdc zephyr/subsys/bluetooth/host/libsubsys__bluetooth__host.a(l2cap.c.obj)
 .text.l2cap_chan_le_recv_seg
                0x0000000000009950      0x168 zephyr/subsys/bluetooth/host/libsubsys__bluetooth__host.a(l2cap.c.obj)
 .text.l2cap_chan_le_recv
                0x0000000000009ab8       0xf8 zephyr/subsys/bluetooth/host/libsubsys__bluetooth__host.a(l2cap.c.obj)
 .text.bt_l2cap_recv
                0x0000000000009bb0       0xe0 zephyr/subsys/bluetooth/host/libsubsys__bluetooth__host.a(l2cap.c.obj)
                0x0000000000009bb0                bt_l2cap_recv
 .text.l2cap_recv
                0x0000000000009c90      0x7b8 zephyr/subsys/bluetooth/host/libsubsys__bluetooth__host.a(l2cap.c.obj)
 .text.att_cfm_sent
                0x000000000000a448       0x10 zephyr/subsys/bluetooth/host/libsubsys__bluetooth__host.a(att.c.obj)
 .text.att_rsp_sent
                0x000000000000a458       0x10 zephyr/subsys/bluetooth/host/libsubsys__bluetooth__host.a(att.c.obj)
 .text.att_req_sent
                0x000000000000a468       0x10 zephyr/subsys/bluetooth/host/libsubsys__bluetooth__host.a(att.c.obj)
 .text.bt_att_released
                0x000000000000a478       0x18 zephyr/subsys/bluetooth/host/libsubsys__bluetooth__host.a(att.c.obj)
 .text.read_group_cb
                0x000000000000a490       0xa8 zephyr/subsys/bluetooth/host/libsubsys__bluetooth__host.a(att.c.obj)
 .text.read_type_cb
                0x000000000000a538       0xa4 zephyr/subsys/bluetooth/host/libsubsys__bluetooth__host.a(att.c.obj)
 .text.find_type_cb
                0x000000000000a5dc      0x164 zephyr/subsys/bluetooth/host/libsubsys__bluetooth__host.a(att.c.obj)
 .text.att_get  0x000000000000a740       0x80 zephyr/subsys/bluetooth/host/libsubsys__bluetooth__host.a(att.c.obj)
 .text.chan_req_sent
                0x000000000000a7c0       0x1c zephyr/subsys/bluetooth/host/libsubsys__bluetooth__host.a(att.c.obj)
 .text.bt_att_accept
                0x000000000000a7dc       0xd8 zephyr/subsys/bluetooth/host/libsubsys__bluetooth__host.a(att.c.obj)
 .text.bt_att_connected
                0x000000000000a8b4       0x64 zephyr/subsys/bluetooth/host/libsubsys__bluetooth__host.a(att.c.obj)
 .text.prep_write_cb
                0x000000000000a918       0x7c zephyr/subsys/bluetooth/host/libsubsys__bluetooth__host.a(att.c.obj)
 .text.chan_send
                0x000000000000a994       0xb8 zephyr/subsys/bluetooth/host/libsubsys__bluetooth__host.a(att.c.obj)
 .text.bt_att_chan_create_pdu
                0x000000000000aa4c       0x88 zephyr/subsys/bluetooth/host/libsubsys__bluetooth__host.a(att.c.obj)
                0x000000000000aa4c                bt_att_chan_create_pdu
 .text.att_indicate
                0x000000000000aad4       0x3c zephyr/subsys/bluetooth/host/libsubsys__bluetooth__host.a(att.c.obj)
 .text.send_err_rsp.part.0
                0x000000000000ab10       0x40 zephyr/subsys/bluetooth/host/libsubsys__bluetooth__host.a(att.c.obj)
 .text.bt_att_recv
                0x000000000000ab50      0x158 zephyr/subsys/bluetooth/host/libsubsys__bluetooth__host.a(att.c.obj)
 .text.att_write_rsp
                0x000000000000aca8       0xd0 zephyr/subsys/bluetooth/host/libsubsys__bluetooth__host.a(att.c.obj)
 .text.bt_att_create_pdu
                0x000000000000ad78       0x70 zephyr/subsys/bluetooth/host/libsubsys__bluetooth__host.a(att.c.obj)
                0x000000000000ad78                bt_att_create_pdu
 .text.att_exec_write_req
                0x000000000000ade8       0x84 zephyr/subsys/bluetooth/host/libsubsys__bluetooth__host.a(att.c.obj)
 .text.att_prepare_write_req
                0x000000000000ae6c       0xe4 zephyr/subsys/bluetooth/host/libsubsys__bluetooth__host.a(att.c.obj)
 .text.att_read_group_req
                0x000000000000af50      0x108 zephyr/subsys/bluetooth/host/libsubsys__bluetooth__host.a(att.c.obj)
 .text.att_read_mult_req
                0x000000000000b058       0x8c zephyr/subsys/bluetooth/host/libsubsys__bluetooth__host.a(att.c.obj)
 .text.att_read_rsp
                0x000000000000b0e4       0x98 zephyr/subsys/bluetooth/host/libsubsys__bluetooth__host.a(att.c.obj)
 .text.att_read_type_req
                0x000000000000b17c       0xc8 zephyr/subsys/bluetooth/host/libsubsys__bluetooth__host.a(att.c.obj)
 .text.att_find_type_req
                0x000000000000b244       0xdc zephyr/subsys/bluetooth/host/libsubsys__bluetooth__host.a(att.c.obj)
 .text.att_find_info_req
                0x000000000000b320       0x78 zephyr/subsys/bluetooth/host/libsubsys__bluetooth__host.a(att.c.obj)
 .text.att_mtu_req
                0x000000000000b398       0x6c zephyr/subsys/bluetooth/host/libsubsys__bluetooth__host.a(att.c.obj)
 .text.bt_att_req_alloc
                0x000000000000b404       0x2c zephyr/subsys/bluetooth/host/libsubsys__bluetooth__host.a(att.c.obj)
                0x000000000000b404                bt_att_req_alloc
 .text.bt_att_req_free
                0x000000000000b430       0x18 zephyr/subsys/bluetooth/host/libsubsys__bluetooth__host.a(att.c.obj)
                0x000000000000b430                bt_att_req_free
 .text.att_handle_rsp
                0x000000000000b448       0xf4 zephyr/subsys/bluetooth/host/libsubsys__bluetooth__host.a(att.c.obj)
 .text.att_error_rsp
                0x000000000000b53c       0x78 zephyr/subsys/bluetooth/host/libsubsys__bluetooth__host.a(att.c.obj)
 .text.bt_att_encrypt_change
                0x000000000000b5b4       0x68 zephyr/subsys/bluetooth/host/libsubsys__bluetooth__host.a(att.c.obj)
 .text.att_reset
                0x000000000000b61c       0x78 zephyr/subsys/bluetooth/host/libsubsys__bluetooth__host.a(att.c.obj)
 .text.att_timeout
                0x000000000000b694       0x48 zephyr/subsys/bluetooth/host/libsubsys__bluetooth__host.a(att.c.obj)
 .text.bt_att_req_cancel
                0x000000000000b6dc       0x60 zephyr/subsys/bluetooth/host/libsubsys__bluetooth__host.a(att.c.obj)
                0x000000000000b6dc                bt_att_req_cancel
 .text.find_static_attr
                0x000000000000b73c       0x48 zephyr/subsys/bluetooth/host/libsubsys__bluetooth__host.a(gatt.c.obj)
 .text.notify_mult_process
                0x000000000000b784       0x30 zephyr/subsys/bluetooth/host/libsubsys__bluetooth__host.a(gatt.c.obj)
 .text.gatt_send.constprop.0
                0x000000000000b7b4       0x78 zephyr/subsys/bluetooth/host/libsubsys__bluetooth__host.a(gatt.c.obj)
 .text.gatt_indicate
                0x000000000000b82c       0x80 zephyr/subsys/bluetooth/host/libsubsys__bluetooth__host.a(gatt.c.obj)
 .text.gatt_sub_find_free
                0x000000000000b8ac       0x54 zephyr/subsys/bluetooth/host/libsubsys__bluetooth__host.a(gatt.c.obj)
 .text.find_sc_cfg
                0x000000000000b900       0x44 zephyr/subsys/bluetooth/host/libsubsys__bluetooth__host.a(gatt.c.obj)
 .text.sc_save  0x000000000000b944       0x70 zephyr/subsys/bluetooth/host/libsubsys__bluetooth__host.a(gatt.c.obj)
 .text.find_cf_cfg
                0x000000000000b9b4       0x44 zephyr/subsys/bluetooth/host/libsubsys__bluetooth__host.a(gatt.c.obj)
 .text.gatt_notify
                0x000000000000b9f8      0x154 zephyr/subsys/bluetooth/host/libsubsys__bluetooth__host.a(gatt.c.obj)
 .text.notify_cb
                0x000000000000bb4c       0xf4 zephyr/subsys/bluetooth/host/libsubsys__bluetooth__host.a(gatt.c.obj)
 .text.bt_gatt_attr_write_ccc
                0x000000000000bc40       0xd4 zephyr/subsys/bluetooth/host/libsubsys__bluetooth__host.a(gatt.c.obj)
                0x000000000000bc40                bt_gatt_attr_write_ccc
 .text.gatt_write_ccc.constprop.0
                0x000000000000bd14       0x68 zephyr/subsys/bluetooth/host/libsubsys__bluetooth__host.a(gatt.c.obj)
 .text.cf_write
                0x000000000000bd7c       0xc0 zephyr/subsys/bluetooth/host/libsubsys__bluetooth__host.a(gatt.c.obj)
 .text.sc_indicate_rsp
                0x000000000000be3c       0x60 zephyr/subsys/bluetooth/host/libsubsys__bluetooth__host.a(gatt.c.obj)
 .text.disconnected_cb
                0x000000000000be9c       0xbc zephyr/subsys/bluetooth/host/libsubsys__bluetooth__host.a(gatt.c.obj)
 .text.bt_gatt_init
                0x000000000000bf58       0x88 zephyr/subsys/bluetooth/host/libsubsys__bluetooth__host.a(gatt.c.obj)
                0x000000000000bf58                bt_gatt_init
 .text.bt_gatt_attr_value_handle
                0x000000000000bfe0       0x30 zephyr/subsys/bluetooth/host/libsubsys__bluetooth__host.a(gatt.c.obj)
                0x000000000000bfe0                bt_gatt_attr_value_handle
 .text.bt_gatt_foreach_attr_type
                0x000000000000c010       0xc0 zephyr/subsys/bluetooth/host/libsubsys__bluetooth__host.a(gatt.c.obj)
                0x000000000000c010                bt_gatt_foreach_attr_type
 .text.db_hash_gen.isra.0
                0x000000000000c0d0       0x90 zephyr/subsys/bluetooth/host/libsubsys__bluetooth__host.a(gatt.c.obj)
 .text.bt_gatt_indicate
                0x000000000000c160       0xf8 zephyr/subsys/bluetooth/host/libsubsys__bluetooth__host.a(gatt.c.obj)
                0x000000000000c160                bt_gatt_indicate
 .text.sc_process
                0x000000000000c258       0x68 zephyr/subsys/bluetooth/host/libsubsys__bluetooth__host.a(gatt.c.obj)
 .text.update_ccc
                0x000000000000c2c0      0x130 zephyr/subsys/bluetooth/host/libsubsys__bluetooth__host.a(gatt.c.obj)
 .text.bt_gatt_mult_notification
                0x000000000000c3f0       0xc0 zephyr/subsys/bluetooth/host/libsubsys__bluetooth__host.a(gatt.c.obj)
                0x000000000000c3f0                bt_gatt_mult_notification
 .text.bt_gatt_connected
                0x000000000000c4b0       0x80 zephyr/subsys/bluetooth/host/libsubsys__bluetooth__host.a(gatt.c.obj)
                0x000000000000c4b0                bt_gatt_connected
 .text.bt_gatt_encrypt_change
                0x000000000000c530       0x20 zephyr/subsys/bluetooth/host/libsubsys__bluetooth__host.a(gatt.c.obj)
                0x000000000000c530                bt_gatt_encrypt_change
 .text.db_hash_read
                0x000000000000c550       0x4c zephyr/subsys/bluetooth/host/libsubsys__bluetooth__host.a(gatt.c.obj)
 .text.bt_gatt_disconnected
                0x000000000000c59c       0xd8 zephyr/subsys/bluetooth/host/libsubsys__bluetooth__host.a(gatt.c.obj)
                0x000000000000c59c                bt_gatt_disconnected
 .text.get_io_capa
                0x000000000000c674       0x4c zephyr/subsys/bluetooth/host/libsubsys__bluetooth__host.a(smp.c.obj)
 .text.smp_ident_info
                0x000000000000c6c0       0x70 zephyr/subsys/bluetooth/host/libsubsys__bluetooth__host.a(smp.c.obj)
 .text.smp_encrypt_info
                0x000000000000c730       0x70 zephyr/subsys/bluetooth/host/libsubsys__bluetooth__host.a(smp.c.obj)
 .text.smp_chan_get
                0x000000000000c7a0       0x30 zephyr/subsys/bluetooth/host/libsubsys__bluetooth__host.a(smp.c.obj)
 .text.bt_smp_accept
                0x000000000000c7d0       0x54 zephyr/subsys/bluetooth/host/libsubsys__bluetooth__host.a(smp.c.obj)
 .text.smp_send.isra.0
                0x000000000000c824       0x30 zephyr/subsys/bluetooth/host/libsubsys__bluetooth__host.a(smp.c.obj)
 .text.compute_and_send_master_dhcheck
                0x000000000000c854      0x170 zephyr/subsys/bluetooth/host/libsubsys__bluetooth__host.a(smp.c.obj)
 .text.sc_send_public_key
                0x000000000000c9c4       0x44 zephyr/subsys/bluetooth/host/libsubsys__bluetooth__host.a(smp.c.obj)
 .text.smp_send_pairing_req
                0x000000000000ca08      0x1ac zephyr/subsys/bluetooth/host/libsubsys__bluetooth__host.a(smp.c.obj)
 .text.smp_security_request
                0x000000000000cbb4      0x104 zephyr/subsys/bluetooth/host/libsubsys__bluetooth__host.a(smp.c.obj)
 .text.bt_smp_distribute_keys
                0x000000000000ccb8      0x14c zephyr/subsys/bluetooth/host/libsubsys__bluetooth__host.a(smp.c.obj)
 .text.smp_pairing_complete
                0x000000000000ce04       0x94 zephyr/subsys/bluetooth/host/libsubsys__bluetooth__host.a(smp.c.obj)
 .text.bt_smp_dhkey_ready
                0x000000000000ce98       0x9c zephyr/subsys/bluetooth/host/libsubsys__bluetooth__host.a(smp.c.obj)
 .text.bt_smp_recv
                0x000000000000cf34      0x100 zephyr/subsys/bluetooth/host/libsubsys__bluetooth__host.a(smp.c.obj)
 .text.bt_smp_pkey_ready
                0x000000000000d034       0x7c zephyr/subsys/bluetooth/host/libsubsys__bluetooth__host.a(smp.c.obj)
 .text.smp_timeout
                0x000000000000d0b0       0x3c zephyr/subsys/bluetooth/host/libsubsys__bluetooth__host.a(smp.c.obj)
 .text.smp_pairing_failed
                0x000000000000d0ec       0x68 zephyr/subsys/bluetooth/host/libsubsys__bluetooth__host.a(smp.c.obj)
 .text.smp_master_ident
                0x000000000000d154       0xcc zephyr/subsys/bluetooth/host/libsubsys__bluetooth__host.a(smp.c.obj)
 .text.bt_smp_connected
                0x000000000000d220       0x1c zephyr/subsys/bluetooth/host/libsubsys__bluetooth__host.a(smp.c.obj)
 .text.smp_send_pairing_confirm
                0x000000000000d23c       0x90 zephyr/subsys/bluetooth/host/libsubsys__bluetooth__host.a(smp.c.obj)
 .text.smp_public_key
                0x000000000000d2cc      0x1bc zephyr/subsys/bluetooth/host/libsubsys__bluetooth__host.a(smp.c.obj)
 .text.smp_pairing_rsp
                0x000000000000d488      0x388 zephyr/subsys/bluetooth/host/libsubsys__bluetooth__host.a(smp.c.obj)
 .text.smp_pairing_random
                0x000000000000d810      0x268 zephyr/subsys/bluetooth/host/libsubsys__bluetooth__host.a(smp.c.obj)
 .text.smp_ident_addr_info
                0x000000000000da78      0x158 zephyr/subsys/bluetooth/host/libsubsys__bluetooth__host.a(smp.c.obj)
 .text.bt_smp_update_keys
                0x000000000000dbd0      0x120 zephyr/subsys/bluetooth/host/libsubsys__bluetooth__host.a(smp.c.obj)
                0x000000000000dbd0                bt_smp_update_keys
 .text.bt_smp_init
                0x000000000000dcf0       0x2c zephyr/subsys/bluetooth/host/libsubsys__bluetooth__host.a(smp.c.obj)
                0x000000000000dcf0                bt_smp_init
 .text.bt_keys_get_addr
                0x000000000000dd1c       0x50 zephyr/subsys/bluetooth/host/libsubsys__bluetooth__host.a(keys.c.obj)
                0x000000000000dd1c                bt_keys_get_addr
 .text.bt_keys_foreach
                0x000000000000dd6c       0x1c zephyr/subsys/bluetooth/host/libsubsys__bluetooth__host.a(keys.c.obj)
                0x000000000000dd6c                bt_keys_foreach
 .text.bt_keys_find
                0x000000000000dd88       0x2c zephyr/subsys/bluetooth/host/libsubsys__bluetooth__host.a(keys.c.obj)
                0x000000000000dd88                bt_keys_find
 .text.bt_keys_find_irk
                0x000000000000ddb4       0x74 zephyr/subsys/bluetooth/host/libsubsys__bluetooth__host.a(keys.c.obj)
                0x000000000000ddb4                bt_keys_find_irk
 .text.bt_keys_find_addr
                0x000000000000de28       0x20 zephyr/subsys/bluetooth/host/libsubsys__bluetooth__host.a(keys.c.obj)
                0x000000000000de28                bt_keys_find_addr
 .text.mem_init
                0x000000000000de48       0x5c zephyr/subsys/bluetooth/controller/libsubsys__bluetooth__controller.a(mem.c.obj)
                0x000000000000de48                mem_init
 .text.mem_acquire
                0x000000000000dea4       0x34 zephyr/subsys/bluetooth/controller/libsubsys__bluetooth__controller.a(mem.c.obj)
                0x000000000000dea4                mem_acquire
 .text.mem_release
                0x000000000000ded8       0x30 zephyr/subsys/bluetooth/controller/libsubsys__bluetooth__controller.a(mem.c.obj)
                0x000000000000ded8                mem_release
 .text.mem_get  0x000000000000df08        0x8 zephyr/subsys/bluetooth/controller/libsubsys__bluetooth__controller.a(mem.c.obj)
                0x000000000000df08                mem_get
 .text.mem_index_get
                0x000000000000df10        0xc zephyr/subsys/bluetooth/controller/libsubsys__bluetooth__controller.a(mem.c.obj)
                0x000000000000df10                mem_index_get
 .text.mem_rcopy
                0x000000000000df1c       0x1c zephyr/subsys/bluetooth/controller/libsubsys__bluetooth__controller.a(mem.c.obj)
                0x000000000000df1c                mem_rcopy
 .text.mem_nz   0x000000000000df38       0x18 zephyr/subsys/bluetooth/controller/libsubsys__bluetooth__controller.a(mem.c.obj)
                0x000000000000df38                mem_nz
 .text.memq_init
                0x000000000000df50        0x8 zephyr/subsys/bluetooth/controller/libsubsys__bluetooth__controller.a(memq.c.obj)
                0x000000000000df50                memq_init
 .text.memq_deinit
                0x000000000000df58       0x14 zephyr/subsys/bluetooth/controller/libsubsys__bluetooth__controller.a(memq.c.obj)
                0x000000000000df58                memq_deinit
 .text.memq_enqueue
                0x000000000000df6c       0x10 zephyr/subsys/bluetooth/controller/libsubsys__bluetooth__controller.a(memq.c.obj)
                0x000000000000df6c                memq_enqueue
 .text.memq_peek
                0x000000000000df7c       0x10 zephyr/subsys/bluetooth/controller/libsubsys__bluetooth__controller.a(memq.c.obj)
                0x000000000000df7c                memq_peek
 .text.memq_dequeue
                0x000000000000df8c       0x20 zephyr/subsys/bluetooth/controller/libsubsys__bluetooth__controller.a(memq.c.obj)
                0x000000000000df8c                memq_dequeue
 .text.mayfly_init
                0x000000000000dfac       0x40 zephyr/subsys/bluetooth/controller/libsubsys__bluetooth__controller.a(mayfly.c.obj)
                0x000000000000dfac                mayfly_init
 .text.mayfly_enable
                0x000000000000dfec       0x68 zephyr/subsys/bluetooth/controller/libsubsys__bluetooth__controller.a(mayfly.c.obj)
                0x000000000000dfec                mayfly_enable
 .text.mayfly_enqueue
                0x000000000000e054       0xa8 zephyr/subsys/bluetooth/controller/libsubsys__bluetooth__controller.a(mayfly.c.obj)
                0x000000000000e054                mayfly_enqueue
 .text.mayfly_run
                0x000000000000e0fc      0x144 zephyr/subsys/bluetooth/controller/libsubsys__bluetooth__controller.a(mayfly.c.obj)
                0x000000000000e0fc                mayfly_run
 .text.util_ones_count_get
                0x000000000000e240       0x30 zephyr/subsys/bluetooth/controller/libsubsys__bluetooth__controller.a(util.c.obj)
                0x000000000000e240                util_ones_count_get
 .text.util_aa_le32
                0x000000000000e270      0x2c0 zephyr/subsys/bluetooth/controller/libsubsys__bluetooth__controller.a(util.c.obj)
                0x000000000000e270                util_aa_le32
 .text.ticker_worker
                0x000000000000e530      0x284 zephyr/subsys/bluetooth/controller/libsubsys__bluetooth__controller.a(ticker.c.obj)
                0x000000000000e530                ticker_worker
 .text.ticker_job
                0x000000000000e7b4      0xe44 zephyr/subsys/bluetooth/controller/libsubsys__bluetooth__controller.a(ticker.c.obj)
                0x000000000000e7b4                ticker_job
 .text.ticker_init
                0x000000000000f5f8       0x98 zephyr/subsys/bluetooth/controller/libsubsys__bluetooth__controller.a(ticker.c.obj)
                0x000000000000f5f8                ticker_init
 .text.ticker_trigger
                0x000000000000f690       0x30 zephyr/subsys/bluetooth/controller/libsubsys__bluetooth__controller.a(ticker.c.obj)
                0x000000000000f690                ticker_trigger
 .text.ticker_start_ext
                0x000000000000f6c0       0xac zephyr/subsys/bluetooth/controller/libsubsys__bluetooth__controller.a(ticker.c.obj)
                0x000000000000f6c0                ticker_start_ext
 .text.ticker_start
                0x000000000000f76c       0x38 zephyr/subsys/bluetooth/controller/libsubsys__bluetooth__controller.a(ticker.c.obj)
                0x000000000000f76c                ticker_start
 .text.ticker_update
                0x000000000000f7a4       0xa0 zephyr/subsys/bluetooth/controller/libsubsys__bluetooth__controller.a(ticker.c.obj)
                0x000000000000f7a4                ticker_update
 .text.ticker_stop
                0x000000000000f844       0x8c zephyr/subsys/bluetooth/controller/libsubsys__bluetooth__controller.a(ticker.c.obj)
                0x000000000000f844                ticker_stop
 .text.ticker_ticks_now_get
                0x000000000000f8d0        0x4 zephyr/subsys/bluetooth/controller/libsubsys__bluetooth__controller.a(ticker.c.obj)
                0x000000000000f8d0                ticker_ticks_now_get
 .text.ll_addr_get
                0x000000000000f8d4       0x3c zephyr/subsys/bluetooth/controller/libsubsys__bluetooth__controller.a(ll_addr.c.obj)
                0x000000000000f8d4                ll_addr_get
 .text.ll_addr_set
                0x000000000000f910       0x3c zephyr/subsys/bluetooth/controller/libsubsys__bluetooth__controller.a(ll_addr.c.obj)
                0x000000000000f910                ll_addr_set
 .text.ll_tx_pwr_lvl_get
                0x000000000000f94c       0x20 zephyr/subsys/bluetooth/controller/libsubsys__bluetooth__controller.a(ll_tx_pwr.c.obj)
                0x000000000000f94c                ll_tx_pwr_lvl_get
 .text.ll_tx_pwr_get
                0x000000000000f96c        0x8 zephyr/subsys/bluetooth/controller/libsubsys__bluetooth__controller.a(ll_tx_pwr.c.obj)
                0x000000000000f96c                ll_tx_pwr_get
 .text.hci_driver_init
                0x000000000000f974       0x10 zephyr/subsys/bluetooth/controller/libsubsys__bluetooth__controller.a(hci_driver.c.obj)
 .text.recv_thread
                0x000000000000f984       0xf0 zephyr/subsys/bluetooth/controller/libsubsys__bluetooth__controller.a(hci_driver.c.obj)
 .text.prio_recv_thread
                0x000000000000fa74       0x74 zephyr/subsys/bluetooth/controller/libsubsys__bluetooth__controller.a(hci_driver.c.obj)
 .text.hci_driver_send
                0x000000000000fae8       0xb0 zephyr/subsys/bluetooth/controller/libsubsys__bluetooth__controller.a(hci_driver.c.obj)
 .text.hci_driver_open
                0x000000000000fb98       0xbc zephyr/subsys/bluetooth/controller/libsubsys__bluetooth__controller.a(hci_driver.c.obj)
 .text.meta_evt
                0x000000000000fc54       0x30 zephyr/subsys/bluetooth/controller/libsubsys__bluetooth__controller.a(hci.c.obj)
 .text.le_remote_feat_complete
                0x000000000000fc84       0x6c zephyr/subsys/bluetooth/controller/libsubsys__bluetooth__controller.a(hci.c.obj)
 .text.encrypt_change.part.0
                0x000000000000fcf0       0x34 zephyr/subsys/bluetooth/controller/libsubsys__bluetooth__controller.a(hci.c.obj)
 .text.bt_hci_evt_create
                0x000000000000fd24       0x28 zephyr/subsys/bluetooth/controller/libsubsys__bluetooth__controller.a(hci.c.obj)
                0x000000000000fd24                bt_hci_evt_create
 .text.bt_hci_cmd_complete_create
                0x000000000000fd4c       0x28 zephyr/subsys/bluetooth/controller/libsubsys__bluetooth__controller.a(hci.c.obj)
                0x000000000000fd4c                bt_hci_cmd_complete_create
 .text.bt_hci_cmd_status_create
                0x000000000000fd74       0x28 zephyr/subsys/bluetooth/controller/libsubsys__bluetooth__controller.a(hci.c.obj)
                0x000000000000fd74                bt_hci_cmd_status_create
 .text.hci_cmd_complete
                0x000000000000fd9c       0x20 zephyr/subsys/bluetooth/controller/libsubsys__bluetooth__controller.a(hci.c.obj)
                0x000000000000fd9c                hci_cmd_complete
 .text.hci_vendor_cmd_handle_common
                0x000000000000fdbc      0x11c zephyr/subsys/bluetooth/controller/libsubsys__bluetooth__controller.a(hci.c.obj)
                0x000000000000fdbc                hci_vendor_cmd_handle_common
 .text.hci_cmd_handle
                0x000000000000fed8      0x84c zephyr/subsys/bluetooth/controller/libsubsys__bluetooth__controller.a(hci.c.obj)
                0x000000000000fed8                hci_cmd_handle
 .text.hci_acl_handle
                0x0000000000010724      0x130 zephyr/subsys/bluetooth/controller/libsubsys__bluetooth__controller.a(hci.c.obj)
                0x0000000000010724                hci_acl_handle
 .text.hci_acl_encode
                0x0000000000010854       0x74 zephyr/subsys/bluetooth/controller/libsubsys__bluetooth__controller.a(hci.c.obj)
                0x0000000000010854                hci_acl_encode
 .text.hci_evt_encode
                0x00000000000108c8      0x848 zephyr/subsys/bluetooth/controller/libsubsys__bluetooth__controller.a(hci.c.obj)
                0x00000000000108c8                hci_evt_encode
 .text.hci_num_cmplt_encode
                0x0000000000011110       0x30 zephyr/subsys/bluetooth/controller/libsubsys__bluetooth__controller.a(hci.c.obj)
                0x0000000000011110                hci_num_cmplt_encode
 .text.hci_get_class
                0x0000000000011140       0x2c zephyr/subsys/bluetooth/controller/libsubsys__bluetooth__controller.a(hci.c.obj)
                0x0000000000011140                hci_get_class
 .text.hci_init
                0x000000000001116c       0x40 zephyr/subsys/bluetooth/controller/libsubsys__bluetooth__controller.a(hci.c.obj)
                0x000000000001116c                hci_init
 .text.bt_rand  0x00000000000111ac        0x4 zephyr/subsys/bluetooth/controller/libsubsys__bluetooth__controller.a(crypto.c.obj)
                0x00000000000111ac                bt_rand
 .text.bt_encrypt_le
                0x00000000000111b0        0xc zephyr/subsys/bluetooth/controller/libsubsys__bluetooth__controller.a(crypto.c.obj)
                0x00000000000111b0                bt_encrypt_le
 .text.perform_lll_reset
                0x00000000000111bc       0x94 zephyr/subsys/bluetooth/controller/libsubsys__bluetooth__controller.a(ull.c.obj)
 .text.disabled_cb
                0x0000000000011250        0x4 zephyr/subsys/bluetooth/controller/libsubsys__bluetooth__controller.a(ull.c.obj)
 .text.tx_cmplt_get
                0x0000000000011254       0xcc zephyr/subsys/bluetooth/controller/libsubsys__bluetooth__controller.a(ull.c.obj)
 .text.rx_demux
                0x0000000000011320      0x3ac zephyr/subsys/bluetooth/controller/libsubsys__bluetooth__controller.a(ull.c.obj)
 .text.ll_init  0x00000000000116cc      0x2e4 zephyr/subsys/bluetooth/controller/libsubsys__bluetooth__controller.a(ull.c.obj)
                0x00000000000116cc                ll_init
 .text.ll_reset
                0x00000000000119b0      0x32c zephyr/subsys/bluetooth/controller/libsubsys__bluetooth__controller.a(ull.c.obj)
                0x00000000000119b0                ll_reset
 .text.ll_rx_get
                0x0000000000011cdc      0x1cc zephyr/subsys/bluetooth/controller/libsubsys__bluetooth__controller.a(ull.c.obj)
                0x0000000000011cdc                ll_rx_get
 .text.ll_rx_dequeue
                0x0000000000011ea8       0xdc zephyr/subsys/bluetooth/controller/libsubsys__bluetooth__controller.a(ull.c.obj)
                0x0000000000011ea8                ll_rx_dequeue
 .text.ll_rx_mem_release
                0x0000000000011f84      0x324 zephyr/subsys/bluetooth/controller/libsubsys__bluetooth__controller.a(ull.c.obj)
                0x0000000000011f84                ll_rx_mem_release
 .text.ll_rx_link_alloc
                0x00000000000122a8        0xc zephyr/subsys/bluetooth/controller/libsubsys__bluetooth__controller.a(ull.c.obj)
                0x00000000000122a8                ll_rx_link_alloc
 .text.ll_rx_link_release
                0x00000000000122b4        0xc zephyr/subsys/bluetooth/controller/libsubsys__bluetooth__controller.a(ull.c.obj)
                0x00000000000122b4                ll_rx_link_release
 .text.ll_rx_put
                0x00000000000122c0       0x14 zephyr/subsys/bluetooth/controller/libsubsys__bluetooth__controller.a(ull.c.obj)
                0x00000000000122c0                ll_rx_put
 .text.ll_rx_sched
                0x00000000000122d4        0xc zephyr/subsys/bluetooth/controller/libsubsys__bluetooth__controller.a(ull.c.obj)
                0x00000000000122d4                ll_rx_sched
 .text.ll_pdu_rx_alloc_peek
                0x00000000000122e0       0x48 zephyr/subsys/bluetooth/controller/libsubsys__bluetooth__controller.a(ull.c.obj)
                0x00000000000122e0                ll_pdu_rx_alloc_peek
 .text.ll_pdu_rx_alloc
                0x0000000000012328       0x30 zephyr/subsys/bluetooth/controller/libsubsys__bluetooth__controller.a(ull.c.obj)
                0x0000000000012328                ll_pdu_rx_alloc
 .text.ll_tx_ack_put
                0x0000000000012358       0x60 zephyr/subsys/bluetooth/controller/libsubsys__bluetooth__controller.a(ull.c.obj)
                0x0000000000012358                ll_tx_ack_put
 .text.ull_ticker_status_give
                0x00000000000123b8        0xc zephyr/subsys/bluetooth/controller/libsubsys__bluetooth__controller.a(ull.c.obj)
                0x00000000000123b8                ull_ticker_status_give
 .text.ull_ticker_status_take
                0x00000000000123c4       0x1c zephyr/subsys/bluetooth/controller/libsubsys__bluetooth__controller.a(ull.c.obj)
                0x00000000000123c4                ull_ticker_status_take
 .text.ull_disable_mark
                0x00000000000123e0       0x18 zephyr/subsys/bluetooth/controller/libsubsys__bluetooth__controller.a(ull.c.obj)
                0x00000000000123e0                ull_disable_mark
 .text.ull_disable_unmark
                0x00000000000123f8       0x18 zephyr/subsys/bluetooth/controller/libsubsys__bluetooth__controller.a(ull.c.obj)
                0x00000000000123f8                ull_disable_unmark
 .text.ull_disable_mark_get
                0x0000000000012410        0xc zephyr/subsys/bluetooth/controller/libsubsys__bluetooth__controller.a(ull.c.obj)
                0x0000000000012410                ull_disable_mark_get
 .text.ull_update_mark
                0x000000000001241c       0x18 zephyr/subsys/bluetooth/controller/libsubsys__bluetooth__controller.a(ull.c.obj)
                0x000000000001241c                ull_update_mark
 .text.ull_update_unmark
                0x0000000000012434       0x18 zephyr/subsys/bluetooth/controller/libsubsys__bluetooth__controller.a(ull.c.obj)
                0x0000000000012434                ull_update_unmark
 .text.ull_update_mark_get
                0x000000000001244c        0xc zephyr/subsys/bluetooth/controller/libsubsys__bluetooth__controller.a(ull.c.obj)
                0x000000000001244c                ull_update_mark_get
 .text.ull_disable
                0x0000000000012458       0x7c zephyr/subsys/bluetooth/controller/libsubsys__bluetooth__controller.a(ull.c.obj)
                0x0000000000012458                ull_disable
 .text.ull_pdu_rx_alloc_peek
                0x00000000000124d4       0x3c zephyr/subsys/bluetooth/controller/libsubsys__bluetooth__controller.a(ull.c.obj)
                0x00000000000124d4                ull_pdu_rx_alloc_peek
 .text.ull_pdu_rx_alloc
                0x0000000000012510       0x30 zephyr/subsys/bluetooth/controller/libsubsys__bluetooth__controller.a(ull.c.obj)
                0x0000000000012510                ull_pdu_rx_alloc
 .text.ull_rx_put
                0x0000000000012540       0x20 zephyr/subsys/bluetooth/controller/libsubsys__bluetooth__controller.a(ull.c.obj)
                0x0000000000012540                ull_rx_put
 .text.ull_rx_sched
                0x0000000000012560       0x10 zephyr/subsys/bluetooth/controller/libsubsys__bluetooth__controller.a(ull.c.obj)
                0x0000000000012560                ull_rx_sched
 .text.ull_prepare_enqueue
                0x0000000000012570       0x70 zephyr/subsys/bluetooth/controller/libsubsys__bluetooth__controller.a(ull.c.obj)
                0x0000000000012570                ull_prepare_enqueue
 .text.ull_prepare_dequeue_get
                0x00000000000125e0       0x1c zephyr/subsys/bluetooth/controller/libsubsys__bluetooth__controller.a(ull.c.obj)
                0x00000000000125e0                ull_prepare_dequeue_get
 .text.ull_prepare_dequeue_iter
                0x00000000000125fc       0x3c zephyr/subsys/bluetooth/controller/libsubsys__bluetooth__controller.a(ull.c.obj)
                0x00000000000125fc                ull_prepare_dequeue_iter
 .text.ull_event_done_extra_get
                0x0000000000012638       0x20 zephyr/subsys/bluetooth/controller/libsubsys__bluetooth__controller.a(ull.c.obj)
                0x0000000000012638                ull_event_done_extra_get
 .text.ull_event_done
                0x0000000000012658       0x60 zephyr/subsys/bluetooth/controller/libsubsys__bluetooth__controller.a(ull.c.obj)
                0x0000000000012658                ull_event_done
 .text.ticker_cb
                0x00000000000126b8       0x9c zephyr/subsys/bluetooth/controller/libsubsys__bluetooth__controller.a(ull_scan.c.obj)
 .text.ull_scan_init
                0x0000000000012754        0x4 zephyr/subsys/bluetooth/controller/libsubsys__bluetooth__controller.a(ull_scan.c.obj)
                0x0000000000012754                ull_scan_init
 .text.ull_scan_disable
                0x0000000000012758       0xe4 zephyr/subsys/bluetooth/controller/libsubsys__bluetooth__controller.a(ull_scan.c.obj)
                0x0000000000012758                ull_scan_disable
 .text.disable.constprop.0
                0x000000000001283c       0x3c zephyr/subsys/bluetooth/controller/libsubsys__bluetooth__controller.a(ull_scan.c.obj)
 .text.ll_scan_enable
                0x0000000000012878       0x88 zephyr/subsys/bluetooth/controller/libsubsys__bluetooth__controller.a(ull_scan.c.obj)
                0x0000000000012878                ll_scan_enable
 .text.ull_scan_reset
                0x0000000000012900        0xc zephyr/subsys/bluetooth/controller/libsubsys__bluetooth__controller.a(ull_scan.c.obj)
                0x0000000000012900                ull_scan_reset
 .text.ull_scan_handle_get
                0x000000000001290c       0x1c zephyr/subsys/bluetooth/controller/libsubsys__bluetooth__controller.a(ull_scan.c.obj)
                0x000000000001290c                ull_scan_handle_get
 .text.ull_scan_is_enabled_get
                0x0000000000012928       0x1c zephyr/subsys/bluetooth/controller/libsubsys__bluetooth__controller.a(ull_scan.c.obj)
                0x0000000000012928                ull_scan_is_enabled_get
 .text.ull_scan_is_disabled_get
                0x0000000000012944       0x18 zephyr/subsys/bluetooth/controller/libsubsys__bluetooth__controller.a(ull_scan.c.obj)
                0x0000000000012944                ull_scan_is_disabled_get
 .text.ull_scan_is_enabled
                0x000000000001295c       0x30 zephyr/subsys/bluetooth/controller/libsubsys__bluetooth__controller.a(ull_scan.c.obj)
                0x000000000001295c                ull_scan_is_enabled
 .text.ull_scan_filter_pol_get
                0x000000000001298c       0x20 zephyr/subsys/bluetooth/controller/libsubsys__bluetooth__controller.a(ull_scan.c.obj)
                0x000000000001298c                ull_scan_filter_pol_get
 .text.tx_ull_dequeue
                0x00000000000129ac       0x84 zephyr/subsys/bluetooth/controller/libsubsys__bluetooth__controller.a(ull_conn.c.obj)
 .text.calc_eff_time
                0x0000000000012a30       0x5c zephyr/subsys/bluetooth/controller/libsubsys__bluetooth__controller.a(ull_conn.c.obj)
 .text.init_reset
                0x0000000000012a8c       0x78 zephyr/subsys/bluetooth/controller/libsubsys__bluetooth__controller.a(ull_conn.c.obj)
 .text.ctrl_tx_pause_enqueue
                0x0000000000012b04       0xb0 zephyr/subsys/bluetooth/controller/libsubsys__bluetooth__controller.a(ull_conn.c.obj)
 .text.tx_lll_flush
                0x0000000000012bb4       0xf8 zephyr/subsys/bluetooth/controller/libsubsys__bluetooth__controller.a(ull_conn.c.obj)
 .text.ticker_start_conn_op_cb
                0x0000000000012cac       0x58 zephyr/subsys/bluetooth/controller/libsubsys__bluetooth__controller.a(ull_conn.c.obj)
 .text.ticker_stop_conn_op_cb
                0x0000000000012d04       0x58 zephyr/subsys/bluetooth/controller/libsubsys__bluetooth__controller.a(ull_conn.c.obj)
 .text.ticker_update_conn_op_cb
                0x0000000000012d5c       0x40 zephyr/subsys/bluetooth/controller/libsubsys__bluetooth__controller.a(ull_conn.c.obj)
 .text.ticker_op_stop_cb
                0x0000000000012d9c       0x64 zephyr/subsys/bluetooth/controller/libsubsys__bluetooth__controller.a(ull_conn.c.obj)
 .text.reject_ext_ind_send.isra.0
                0x0000000000012e00       0xa4 zephyr/subsys/bluetooth/controller/libsubsys__bluetooth__controller.a(ull_conn.c.obj)
 .text.start_enc_rsp_send
                0x0000000000012ea4       0xc4 zephyr/subsys/bluetooth/controller/libsubsys__bluetooth__controller.a(ull_conn.c.obj)
 .text.ctrl_tx_sec_enqueue
                0x0000000000012f68      0x124 zephyr/subsys/bluetooth/controller/libsubsys__bluetooth__controller.a(ull_conn.c.obj)
 .text.feature_rsp_send.isra.0
                0x000000000001308c       0xa0 zephyr/subsys/bluetooth/controller/libsubsys__bluetooth__controller.a(ull_conn.c.obj)
 .text.ll_conn_acquire
                0x000000000001312c        0xc zephyr/subsys/bluetooth/controller/libsubsys__bluetooth__controller.a(ull_conn.c.obj)
                0x000000000001312c                ll_conn_acquire
 .text.ll_conn_release
                0x0000000000013138        0xc zephyr/subsys/bluetooth/controller/libsubsys__bluetooth__controller.a(ull_conn.c.obj)
                0x0000000000013138                ll_conn_release
 .text.ll_conn_handle_get
                0x0000000000013144       0x10 zephyr/subsys/bluetooth/controller/libsubsys__bluetooth__controller.a(ull_conn.c.obj)
                0x0000000000013144                ll_conn_handle_get
 .text.ll_conn_get
                0x0000000000013154       0x10 zephyr/subsys/bluetooth/controller/libsubsys__bluetooth__controller.a(ull_conn.c.obj)
                0x0000000000013154                ll_conn_get
 .text.ll_connected_get
                0x0000000000013164       0x28 zephyr/subsys/bluetooth/controller/libsubsys__bluetooth__controller.a(ull_conn.c.obj)
                0x0000000000013164                ll_connected_get
 .text.ll_tx_mem_acquire
                0x000000000001318c        0xc zephyr/subsys/bluetooth/controller/libsubsys__bluetooth__controller.a(ull_conn.c.obj)
                0x000000000001318c                ll_tx_mem_acquire
 .text.ll_tx_mem_release
                0x0000000000013198        0xc zephyr/subsys/bluetooth/controller/libsubsys__bluetooth__controller.a(ull_conn.c.obj)
                0x0000000000013198                ll_tx_mem_release
 .text.ll_tx_mem_enqueue
                0x00000000000131a4       0x64 zephyr/subsys/bluetooth/controller/libsubsys__bluetooth__controller.a(ull_conn.c.obj)
                0x00000000000131a4                ll_tx_mem_enqueue
 .text.ll_conn_update
                0x0000000000013208      0x110 zephyr/subsys/bluetooth/controller/libsubsys__bluetooth__controller.a(ull_conn.c.obj)
                0x0000000000013208                ll_conn_update
 .text.ll_chm_get
                0x0000000000013318       0x48 zephyr/subsys/bluetooth/controller/libsubsys__bluetooth__controller.a(ull_conn.c.obj)
                0x0000000000013318                ll_chm_get
 .text.ll_terminate_ind_send
                0x0000000000013360       0x3c zephyr/subsys/bluetooth/controller/libsubsys__bluetooth__controller.a(ull_conn.c.obj)
                0x0000000000013360                ll_terminate_ind_send
 .text.ll_feature_req_send
                0x000000000001339c       0x3c zephyr/subsys/bluetooth/controller/libsubsys__bluetooth__controller.a(ull_conn.c.obj)
                0x000000000001339c                ll_feature_req_send
 .text.ll_version_ind_send
                0x00000000000133d8       0x3c zephyr/subsys/bluetooth/controller/libsubsys__bluetooth__controller.a(ull_conn.c.obj)
                0x00000000000133d8                ll_version_ind_send
 .text.ll_length_req_send
                0x0000000000013414       0x98 zephyr/subsys/bluetooth/controller/libsubsys__bluetooth__controller.a(ull_conn.c.obj)
                0x0000000000013414                ll_length_req_send
 .text.ll_length_default_get
                0x00000000000134ac       0x18 zephyr/subsys/bluetooth/controller/libsubsys__bluetooth__controller.a(ull_conn.c.obj)
                0x00000000000134ac                ll_length_default_get
 .text.ll_length_default_set
                0x00000000000134c4       0x14 zephyr/subsys/bluetooth/controller/libsubsys__bluetooth__controller.a(ull_conn.c.obj)
                0x00000000000134c4                ll_length_default_set
 .text.ll_length_max_get
                0x00000000000134d8       0x14 zephyr/subsys/bluetooth/controller/libsubsys__bluetooth__controller.a(ull_conn.c.obj)
                0x00000000000134d8                ll_length_max_get
 .text.ll_phy_get
                0x00000000000134ec       0x44 zephyr/subsys/bluetooth/controller/libsubsys__bluetooth__controller.a(ull_conn.c.obj)
                0x00000000000134ec                ll_phy_get
 .text.ll_phy_default_set
                0x0000000000013530       0x14 zephyr/subsys/bluetooth/controller/libsubsys__bluetooth__controller.a(ull_conn.c.obj)
                0x0000000000013530                ll_phy_default_set
 .text.ll_phy_req_send
                0x0000000000013544       0xa4 zephyr/subsys/bluetooth/controller/libsubsys__bluetooth__controller.a(ull_conn.c.obj)
                0x0000000000013544                ll_phy_req_send
 .text.ll_apto_get
                0x00000000000135e8       0x4c zephyr/subsys/bluetooth/controller/libsubsys__bluetooth__controller.a(ull_conn.c.obj)
                0x00000000000135e8                ll_apto_get
 .text.ll_apto_set
                0x0000000000013634       0x4c zephyr/subsys/bluetooth/controller/libsubsys__bluetooth__controller.a(ull_conn.c.obj)
                0x0000000000013634                ll_apto_set
 .text.ull_conn_init
                0x0000000000013680        0x4 zephyr/subsys/bluetooth/controller/libsubsys__bluetooth__controller.a(ull_conn.c.obj)
                0x0000000000013680                ull_conn_init
 .text.ull_conn_reset
                0x0000000000013684       0xf4 zephyr/subsys/bluetooth/controller/libsubsys__bluetooth__controller.a(ull_conn.c.obj)
                0x0000000000013684                ull_conn_reset
 .text.ull_conn_default_tx_octets_get
                0x0000000000013778        0xc zephyr/subsys/bluetooth/controller/libsubsys__bluetooth__controller.a(ull_conn.c.obj)
                0x0000000000013778                ull_conn_default_tx_octets_get
 .text.ull_conn_default_tx_time_get
                0x0000000000013784        0xc zephyr/subsys/bluetooth/controller/libsubsys__bluetooth__controller.a(ull_conn.c.obj)
                0x0000000000013784                ull_conn_default_tx_time_get
 .text.ull_conn_default_phy_tx_get
                0x0000000000013790        0xc zephyr/subsys/bluetooth/controller/libsubsys__bluetooth__controller.a(ull_conn.c.obj)
                0x0000000000013790                ull_conn_default_phy_tx_get
 .text.ull_conn_default_phy_rx_get
                0x000000000001379c        0xc zephyr/subsys/bluetooth/controller/libsubsys__bluetooth__controller.a(ull_conn.c.obj)
                0x000000000001379c                ull_conn_default_phy_rx_get
 .text.ull_conn_setup
                0x00000000000137a8       0x44 zephyr/subsys/bluetooth/controller/libsubsys__bluetooth__controller.a(ull_conn.c.obj)
                0x00000000000137a8                ull_conn_setup
 .text.ull_conn_rx
                0x00000000000137ec     0x1818 zephyr/subsys/bluetooth/controller/libsubsys__bluetooth__controller.a(ull_conn.c.obj)
                0x00000000000137ec                ull_conn_rx
 .text.ull_conn_tx_demux
                0x0000000000015004       0xac zephyr/subsys/bluetooth/controller/libsubsys__bluetooth__controller.a(ull_conn.c.obj)
                0x0000000000015004                ull_conn_tx_demux
 .text.conn_cleanup
                0x00000000000150b0       0xfc zephyr/subsys/bluetooth/controller/libsubsys__bluetooth__controller.a(ull_conn.c.obj)
 .text.ull_conn_done
                0x00000000000151ac      0x298 zephyr/subsys/bluetooth/controller/libsubsys__bluetooth__controller.a(ull_conn.c.obj)
                0x00000000000151ac                ull_conn_done
 .text.ull_conn_tx_lll_enqueue
                0x0000000000015444      0x1ec zephyr/subsys/bluetooth/controller/libsubsys__bluetooth__controller.a(ull_conn.c.obj)
                0x0000000000015444                ull_conn_tx_lll_enqueue
 .text.ull_conn_link_tx_release
                0x0000000000015630        0xc zephyr/subsys/bluetooth/controller/libsubsys__bluetooth__controller.a(ull_conn.c.obj)
                0x0000000000015630                ull_conn_link_tx_release
 .text.ull_conn_ack_last_idx_get
                0x000000000001563c        0xc zephyr/subsys/bluetooth/controller/libsubsys__bluetooth__controller.a(ull_conn.c.obj)
                0x000000000001563c                ull_conn_ack_last_idx_get
 .text.ull_conn_ack_peek
                0x0000000000015648       0x34 zephyr/subsys/bluetooth/controller/libsubsys__bluetooth__controller.a(ull_conn.c.obj)
                0x0000000000015648                ull_conn_ack_peek
 .text.ull_conn_ack_by_last_peek
                0x000000000001567c       0x2c zephyr/subsys/bluetooth/controller/libsubsys__bluetooth__controller.a(ull_conn.c.obj)
                0x000000000001567c                ull_conn_ack_by_last_peek
 .text.ull_conn_ack_dequeue
                0x00000000000156a8       0x30 zephyr/subsys/bluetooth/controller/libsubsys__bluetooth__controller.a(ull_conn.c.obj)
                0x00000000000156a8                ull_conn_ack_dequeue
 .text.ull_conn_lll_ack_enqueue
                0x00000000000156d8       0x60 zephyr/subsys/bluetooth/controller/libsubsys__bluetooth__controller.a(ull_conn.c.obj)
                0x00000000000156d8                ull_conn_lll_ack_enqueue
 .text.ull_conn_tx_ack
                0x0000000000015738      0x36c zephyr/subsys/bluetooth/controller/libsubsys__bluetooth__controller.a(ull_conn.c.obj)
                0x0000000000015738                ull_conn_tx_ack
 .text.ull_conn_llcp_req
                0x0000000000015aa4       0x18 zephyr/subsys/bluetooth/controller/libsubsys__bluetooth__controller.a(ull_conn.c.obj)
                0x0000000000015aa4                ull_conn_llcp_req
 .text.ull_conn_lll_max_tx_octets_get
                0x0000000000015abc       0x4c zephyr/subsys/bluetooth/controller/libsubsys__bluetooth__controller.a(ull_conn.c.obj)
                0x0000000000015abc                ull_conn_lll_max_tx_octets_get
 .text.set_winoffset
                0x0000000000015b08       0xf0 zephyr/subsys/bluetooth/controller/libsubsys__bluetooth__controller.a(ull_conn.c.obj)
                0x0000000000015b08                set_winoffset
 .text.ticker_op_stop_scan_cb
                0x0000000000015bf8        0x4 zephyr/subsys/bluetooth/controller/libsubsys__bluetooth__controller.a(ull_master.c.obj)
 .text.ticker_op_cb
                0x0000000000015bfc       0x30 zephyr/subsys/bluetooth/controller/libsubsys__bluetooth__controller.a(ull_master.c.obj)
 .text.ull_master_ticker_cb
                0x0000000000015c2c       0xb8 zephyr/subsys/bluetooth/controller/libsubsys__bluetooth__controller.a(ull_master.c.obj)
                0x0000000000015c2c                ull_master_ticker_cb
 .text.ll_create_connection
                0x0000000000015ce4      0x408 zephyr/subsys/bluetooth/controller/libsubsys__bluetooth__controller.a(ull_master.c.obj)
                0x0000000000015ce4                ll_create_connection
 .text.ll_connect_disable
                0x00000000000160ec       0x8c zephyr/subsys/bluetooth/controller/libsubsys__bluetooth__controller.a(ull_master.c.obj)
                0x00000000000160ec                ll_connect_disable
 .text.ll_chm_update
                0x0000000000016178       0x64 zephyr/subsys/bluetooth/controller/libsubsys__bluetooth__controller.a(ull_master.c.obj)
                0x0000000000016178                ll_chm_update
 .text.ll_enc_req_send
                0x00000000000161dc       0xe4 zephyr/subsys/bluetooth/controller/libsubsys__bluetooth__controller.a(ull_master.c.obj)
                0x00000000000161dc                ll_enc_req_send
 .text.ull_chan_map_get