Archive member included to satisfy reference by file (symbol)

app/libapp.a(gatt_dm.c.obj)   (--whole-archive)
app/libapp.a(main.c.obj)      (--whole-archive)
app/libapp.a(throughput.c.obj)
                              (--whole-archive)
zephyr/libzephyr.a(crc32_sw.c.obj)
                              (--whole-archive)
zephyr/libzephyr.a(crc16_sw.c.obj)
                              (--whole-archive)
zephyr/libzephyr.a(crc8_sw.c.obj)
                              (--whole-archive)
zephyr/libzephyr.a(crc7_sw.c.obj)
                              (--whole-archive)
zephyr/libzephyr.a(dec.c.obj)
                              (--whole-archive)
zephyr/libzephyr.a(fdtable.c.obj)
                              (--whole-archive)
zephyr/libzephyr.a(hex.c.obj)
                              (--whole-archive)
zephyr/libzephyr.a(mempool.c.obj)
                              (--whole-archive)
zephyr/libzephyr.a(notify.c.obj)
                              (--whole-archive)
zephyr/libzephyr.a(printk.c.obj)
                              (--whole-archive)
zephyr/libzephyr.a(onoff.c.obj)
                              (--whole-archive)
zephyr/libzephyr.a(rb.c.obj)  (--whole-archive)
zephyr/libzephyr.a(sem.c.obj)
                              (--whole-archive)
zephyr/libzephyr.a(thread_entry.c.obj)
                              (--whole-archive)
zephyr/libzephyr.a(timeutil.c.obj)
                              (--whole-archive)
zephyr/libzephyr.a(work_q.c.obj)
                              (--whole-archive)
zephyr/libzephyr.a(heap.c.obj)
                              (--whole-archive)
zephyr/libzephyr.a(heap-validate.c.obj)
                              (--whole-archive)
zephyr/libzephyr.a(configs.c.obj)
                              (--whole-archive)
zephyr/libzephyr.a(validate_base_addresses.c.obj)
                              (--whole-archive)
zephyr/libzephyr.a(validate_enabled_instances.c.obj)
                              (--whole-archive)
zephyr/libzephyr.a(log_list.c.obj)
                              (--whole-archive)
zephyr/libzephyr.a(log_core.c.obj)
                              (--whole-archive)
zephyr/libzephyr.a(log_msg.c.obj)
                              (--whole-archive)
zephyr/libzephyr.a(log_output.c.obj)
                              (--whole-archive)
zephyr/libzephyr.a(log_backend_uart.c.obj)
                              (--whole-archive)
zephyr/libzephyr.a(log_backend_rtt.c.obj)
                              (--whole-archive)
zephyr/libzephyr.a(tty.c.obj)
                              (--whole-archive)
zephyr/libzephyr.a(getchar.c.obj)
                              (--whole-archive)
zephyr/libzephyr.a(addr_utils.c.obj)
                              (--whole-archive)
zephyr/libzephyr.a(power.c.obj)
                              (--whole-archive)
zephyr/libzephyr.a(policy_residency.c.obj)
                              (--whole-archive)
zephyr/libzephyr.a(uart_console.c.obj)
                              (--whole-archive)
zephyr/libzephyr.a(nrf_power_clock.c.obj)
                              (--whole-archive)
zephyr/libzephyr.a(sys_clock_init.c.obj)
                              (--whole-archive)
zephyr/libzephyr.a(nrf_rtc_timer.c.obj)
                              (--whole-archive)
zephyr/libzephyr.a(SEGGER_RTT.c.obj)
                              (--whole-archive)
zephyr/libzephyr.a(SEGGER_RTT_zephyr.c.obj)
                              (--whole-archive)
zephyr/libzephyr.a(utils.c.obj)
                              (--whole-archive)
zephyr/libzephyr.a(ecc_dh.c.obj)
                              (--whole-archive)
zephyr/libzephyr.a(ecc.c.obj)
                              (--whole-archive)
zephyr/libzephyr.a(aes_decrypt.c.obj)
                              (--whole-archive)
zephyr/libzephyr.a(aes_encrypt.c.obj)
                              (--whole-archive)
zephyr/libzephyr.a(cmac_mode.c.obj)
                              (--whole-archive)
zephyr/arch/common/libarch__common.a(isr_tables.c.obj)
                              (--whole-archive)
zephyr/arch/common/libarch__common.a(sw_isr_common.c.obj)
                              (--whole-archive)
zephyr/arch/arch/arm/core/aarch32/libarch__arm__core__aarch32.a(swap.c.obj)
                              (--whole-archive)
zephyr/arch/arch/arm/core/aarch32/libarch__arm__core__aarch32.a(swap_helper.S.obj)
                              (--whole-archive)
zephyr/arch/arch/arm/core/aarch32/libarch__arm__core__aarch32.a(irq_manage.c.obj)
                              (--whole-archive)
zephyr/arch/arch/arm/core/aarch32/libarch__arm__core__aarch32.a(thread.c.obj)
                              (--whole-archive)
zephyr/arch/arch/arm/core/aarch32/libarch__arm__core__aarch32.a(cpu_idle.S.obj)
                              (--whole-archive)
zephyr/arch/arch/arm/core/aarch32/libarch__arm__core__aarch32.a(fatal.c.obj)
                              (--whole-archive)
zephyr/arch/arch/arm/core/aarch32/libarch__arm__core__aarch32.a(nmi.c.obj)
[...]
Memory Configuration

Name             Origin             Length             Attributes
FLASH            0x0000000000000000 0x0000000000100000 xr
SRAM             0x0000000020000000 0x0000000000040000 xw
IDT_LIST         0x0000000020040000 0x0000000000000800 xw
*default*        0x0000000000000000 0xffffffffffffffff

Linker script and memory map

LOAD zephyr/CMakeFiles/zephyr_final.dir/misc/empty_file.c.obj
LOAD zephyr/CMakeFiles/zephyr_final.dir/isr_tables.c.obj
                0x0000000000000020                _region_min_align = 0x20

.rel.plt        0x0000000000000000        0x0
 *(SORT_BY_ALIGNMENT(.rel.plt))
                [!provide]                        PROVIDE (__rel_iplt_start = .)
 *(SORT_BY_ALIGNMENT(.rel.iplt))
 .rel.iplt      0x0000000000000000        0x0 zephyr/CMakeFiles/zephyr_final.dir/isr_tables.c.obj
                [!provide]                        PROVIDE (__rel_iplt_end = .)

.rela.plt       0x0000000000000000        0x0
 *(SORT_BY_ALIGNMENT(.rela.plt))
                [!provide]                        PROVIDE (__rela_iplt_start = .)
 *(SORT_BY_ALIGNMENT(.rela.iplt))
                [!provide]                        PROVIDE (__rela_iplt_end = .)

.rel.dyn
 *(SORT_BY_ALIGNMENT(.rel.*))

.rela.dyn
 *(SORT_BY_ALIGNMENT(.rela.*))

/DISCARD/
 *(SORT_BY_ALIGNMENT(.plt))
 *(SORT_BY_ALIGNMENT(.iplt))
 *(SORT_BY_ALIGNMENT(.got.plt))
 *(SORT_BY_ALIGNMENT(.igot.plt))
 *(SORT_BY_ALIGNMENT(.got))
 *(SORT_BY_ALIGNMENT(.igot))
 *(SORT_BY_ALIGNMENT(.irq_info))
 *(SORT_BY_ALIGNMENT(.intList))
 *(SORT_BY_ALIGNMENT(.note.GNU-stack))
                0x0000000000000000                _image_rom_start = 0x0

rom_start       0x0000000000000000      0x100
                0x0000000000000000                . = 0x0
                0x0000000000000000                . = ALIGN (0x4)
                0x0000000000000000                _vector_start = .
 *(SORT_BY_ALIGNMENT(.exc_vector_table))
 *(SORT_BY_ALIGNMENT(.exc_vector_table.*))
 .exc_vector_table._vector_table_section
                0x0000000000000000       0x40 zephyr/arch/arch/arm/core/aarch32/cortex_m/libarch__arm__core__aarch32__cortex_m.a(vector_table.S.obj)
                0x0000000000000000                _vector_table
 *(SORT_BY_ALIGNMENT(.gnu.linkonce.irq_vector_table))
 .gnu.linkonce.irq_vector_table
                0x0000000000000040       0xc0 zephyr/CMakeFiles/zephyr_final.dir/isr_tables.c.obj
                0x0000000000000040                _irq_vector_table
 *(SORT_BY_ALIGNMENT(.vectors))
                0x0000000000000100                _vector_end = .
 *(SORT_BY_ALIGNMENT(.openocd_dbg))
 *(SORT_BY_ALIGNMENT(.openocd_dbg.*))

text            0x0000000000000100    0x21376
                0x0000000000000100                _image_text_start = .
 *(SORT_BY_ALIGNMENT(.text))
 .text          0x0000000000000100      0x254 /home/netlab/zephyr-sdk-0.11.2/arm-zephyr-eabi/bin/../lib/gcc/arm-zephyr-eabi/9.2.0/thumb/v7e-m/nofp/libgcc.a(_arm_muldf3.o)
                0x0000000000000100                __aeabi_dmul
                0x0000000000000100                __muldf3
 .text          0x0000000000000354      0x378 /home/netlab/zephyr-sdk-0.11.2/arm-zephyr-eabi/bin/../lib/gcc/arm-zephyr-eabi/9.2.0/thumb/v7e-m/nofp/libgcc.a(_arm_addsubdf3.o)
                0x0000000000000354                __aeabi_drsub
                0x000000000000035c                __aeabi_dsub
                0x000000000000035c                __subdf3
                0x0000000000000360                __adddf3
                0x0000000000000360                __aeabi_dadd
                0x00000000000005d8                __aeabi_ui2d
                0x00000000000005d8                __floatunsidf
                0x00000000000005f8                __floatsidf
                0x00000000000005f8                __aeabi_i2d
                0x000000000000061c                __extendsfdf2
                0x000000000000061c                __aeabi_f2d
                0x0000000000000660                __aeabi_ul2d
                0x0000000000000660                __floatundidf
                0x0000000000000670                __floatdidf
                0x0000000000000670                __aeabi_l2d
 .text          0x00000000000006cc      0x110 /home/netlab/zephyr-sdk-0.11.2/arm-zephyr-eabi/bin/../lib/gcc/arm-zephyr-eabi/9.2.0/thumb/v7e-m/nofp/libgcc.a(_arm_cmpdf2.o)
                0x00000000000006cc                __gtdf2
                0x00000000000006cc                __gedf2
                0x00000000000006d4                __ltdf2
                0x00000000000006d4                __ledf2
                0x00000000000006dc                __cmpdf2
                0x00000000000006dc                __eqdf2
                0x00000000000006dc                __nedf2
                0x0000000000000758                __aeabi_cdrcmple
                0x0000000000000768                __aeabi_cdcmple
                0x0000000000000768                __aeabi_cdcmpeq
                0x0000000000000778                __aeabi_dcmpeq
                0x000000000000078c                __aeabi_dcmplt
                0x00000000000007a0                __aeabi_dcmple
                0x00000000000007b4                __aeabi_dcmpge
                0x00000000000007c8                __aeabi_dcmpgt
 .text          0x00000000000007dc       0x50 /home/netlab/zephyr-sdk-0.11.2/arm-zephyr-eabi/bin/../lib/gcc/arm-zephyr-eabi/9.2.0/thumb/v7e-m/nofp/libgcc.a(_arm_fixdfsi.o)
                0x00000000000007dc                __fixdfsi
                0x00000000000007dc                __aeabi_d2iz
 .text          0x000000000000082c       0x40 /home/netlab/zephyr-sdk-0.11.2/arm-zephyr-eabi/bin/../lib/gcc/arm-zephyr-eabi/9.2.0/thumb/v7e-m/nofp/libgcc.a(_arm_fixunsdfsi.o)
                0x000000000000082c                __fixunsdfsi
                0x000000000000082c                __aeabi_d2uiz
 .text          0x000000000000086c       0x30 /home/netlab/zephyr-sdk-0.11.2/arm-zephyr-eabi/bin/../lib/gcc/arm-zephyr-eabi/9.2.0/thumb/v7e-m/nofp/libgcc.a(_aeabi_uldivmod.o)
                0x000000000000086c                __aeabi_uldivmod
 .text          0x000000000000089c      0x2c4 /home/netlab/zephyr-sdk-0.11.2/arm-zephyr-eabi/bin/../lib/gcc/arm-zephyr-eabi/9.2.0/thumb/v7e-m/nofp/libgcc.a(_udivmoddi4.o)
                0x000000000000089c                __udivmoddi4
 .text          0x0000000000000b60        0x4 /home/netlab/zephyr-sdk-0.11.2/arm-zephyr-eabi/bin/../lib/gcc/arm-zephyr-eabi/9.2.0/thumb/v7e-m/nofp/libgcc.a(_dvmd_tls.o)
                0x0000000000000b60                __aeabi_ldiv0
                0x0000000000000b60                __aeabi_idiv0
 *(SORT_BY_ALIGNMENT(.text.*))
 *fill*         0x0000000000000b64        0x4 
 .text.hci_init
                0x0000000000000b68      0x520 zephyr/subsys/bluetooth/host/libsubsys__bluetooth__host.a(hci_core.c.obj)
 .text.ll_scan_params_set
                0x0000000000001088       0x70 zephyr/subsys/bluetooth/controller/libsubsys__bluetooth__controller.a(ull_scan.c.obj)
                0x0000000000001088                ll_scan_params_set
 .text.ull_scan_params_set
                0x00000000000010f8       0x4c zephyr/subsys/bluetooth/controller/libsubsys__bluetooth__controller.a(ull_scan.c.obj)
                0x00000000000010f8                ull_scan_params_set
 *fill*         0x0000000000001144        0x4 
 .text.ull_scan_enable
                0x0000000000001148      0x13c zephyr/subsys/bluetooth/controller/libsubsys__bluetooth__controller.a(ull_scan.c.obj)
                0x0000000000001148                ull_scan_enable
 *fill*         0x0000000000001284        0x4 
 .text.ull_conn_llcp
                0x0000000000001288     0x1cfc zephyr/subsys/bluetooth/controller/libsubsys__bluetooth__controller.a(ull_conn.c.obj)
                0x0000000000001288                ull_conn_llcp
 *fill*         0x0000000000002f84        0x4 
 .text.ull_master_setup
                0x0000000000002f88      0x244 zephyr/subsys/bluetooth/controller/libsubsys__bluetooth__controller.a(ull_master.c.obj)
                0x0000000000002f88                ull_master_setup
 *fill*         0x00000000000031cc        0x4 
 .text.isr_rx   0x00000000000031d0      0x644 zephyr/subsys/bluetooth/controller/libsubsys__bluetooth__controller.a(lll_scan.c.obj)
 .text.throughput_received
                0x0000000000003814       0x1c app/libapp.a(main.c.obj)
 .text.throughput_send
                0x0000000000003830       0x1c app/libapp.a(main.c.obj)
 .text.throughput_read
                0x000000000000384c       0x58 app/libapp.a(main.c.obj)
 .text.disconnected
                0x00000000000038a4       0x68 app/libapp.a(main.c.obj)
 .text.eir_found
                0x000000000000390c      0x148 app/libapp.a(main.c.obj)
 .text.bt_addr_le_to_str.constprop.0
                0x0000000000003a54       0x78 app/libapp.a(main.c.obj)
 .text.connected
                0x0000000000003acc       0x60 app/libapp.a(main.c.obj)
 .text.device_found
                0x0000000000003b2c       0x28 app/libapp.a(main.c.obj)
 .text.start_scan
                0x0000000000003b54       0x58 app/libapp.a(main.c.obj)
                0x0000000000003b54                start_scan
 .text.main     0x0000000000003bac       0xbc app/libapp.a(main.c.obj)
                0x0000000000003bac                main
 .text.write_callback
                0x0000000000003c68       0x70 app/libapp.a(throughput.c.obj)
 .text.read_callback
                0x0000000000003cd8       0x40 app/libapp.a(throughput.c.obj)
 .text.bt_gatt_throughput_init
                0x0000000000003d18       0x18 app/libapp.a(throughput.c.obj)
                0x0000000000003d18                bt_gatt_throughput_init
 .text.print_digits
                0x0000000000003d30       0x98 zephyr/libzephyr.a(printk.c.obj)
 .text.char_out
                0x0000000000003dc8       0x10 zephyr/libzephyr.a(printk.c.obj)
 .text.__printk_hook_install
                0x0000000000003dd8        0xc zephyr/libzephyr.a(printk.c.obj)
                0x0000000000003dd8                __printk_hook_install
 .text.z_vprintk
                0x0000000000003de4      0x23c zephyr/libzephyr.a(printk.c.obj)
                0x0000000000003de4                z_vprintk
 .text.vprintk  0x0000000000004020       0x1c zephyr/libzephyr.a(printk.c.obj)
                0x0000000000004020                vprintk
 .text.vsnprintk
                0x000000000000403c       0x28 zephyr/libzephyr.a(printk.c.obj)
                0x000000000000403c                vsnprintk
 .text.enable_logger
                0x0000000000004064       0x5c zephyr/libzephyr.a(log_core.c.obj)
 .text.log_process_thread_timer_expiry_fn
                0x00000000000040c0        0xc zephyr/libzephyr.a(log_core.c.obj)
 .text.log_core_init
                0x00000000000040cc       0x40 zephyr/libzephyr.a(log_core.c.obj)
                0x00000000000040cc                log_core_init
 .text.dropped_notify
                0x000000000000410c       0x4c zephyr/libzephyr.a(log_core.c.obj)
                0x000000000000410c                dropped_notify
 .text.log_dropped
                0x0000000000004158       0x20 zephyr/libzephyr.a(log_core.c.obj)
                0x0000000000004158                log_dropped
 .text.log_source_name_get
                0x0000000000004178       0x1c zephyr/libzephyr.a(log_core.c.obj)
                0x0000000000004178                log_source_name_get
 .text.log_backend_enable
                0x0000000000004194       0x34 zephyr/libzephyr.a(log_core.c.obj)
                0x0000000000004194                log_backend_enable
 .text.log_init
                0x00000000000041c8       0x54 zephyr/libzephyr.a(log_core.c.obj)
                0x00000000000041c8                log_init
 .text.log_strdup
                0x000000000000421c       0x6c zephyr/libzephyr.a(log_core.c.obj)
                0x000000000000421c                log_strdup
 .text.log_is_strdup
                0x0000000000004288       0x1c zephyr/libzephyr.a(log_core.c.obj)
                0x0000000000004288                log_is_strdup
 .text.z_impl_log_process
                0x00000000000042a4      0x170 zephyr/libzephyr.a(log_core.c.obj)
                0x00000000000042a4                z_impl_log_process
 .text.msg_finalize
                0x0000000000004414       0xc4 zephyr/libzephyr.a(log_core.c.obj)
 .text.log_process_thread_func
                0x00000000000044d8       0x48 zephyr/libzephyr.a(log_core.c.obj)
 .text.z_impl_log_panic
                0x0000000000004520       0x48 zephyr/libzephyr.a(log_core.c.obj)
                0x0000000000004520                z_impl_log_panic
 .text.log_free
                0x0000000000004568       0x34 zephyr/libzephyr.a(log_core.c.obj)
                0x0000000000004568                log_free
 .text.log_msg_pool_init
                0x000000000000459c       0x14 zephyr/libzephyr.a(log_msg.c.obj)
                0x000000000000459c                log_msg_pool_init
 .text.log_msg_no_space_handle
                0x00000000000045b0       0x30 zephyr/libzephyr.a(log_msg.c.obj)
                0x00000000000045b0                log_msg_no_space_handle
 .text.log_msg_chunk_alloc
                0x00000000000045e0       0x28 zephyr/libzephyr.a(log_msg.c.obj)
                0x00000000000045e0                log_msg_chunk_alloc
 .text.msg_free
                0x0000000000004608       0x7c zephyr/libzephyr.a(log_msg.c.obj)
 .text.print_formatted
                0x0000000000004684       0x24 zephyr/libzephyr.a(log_output.c.obj)
 .text.prefix_print
                0x00000000000046a8      0x11c zephyr/libzephyr.a(log_output.c.obj)
 .text.postfix_print
                0x00000000000047c4       0x3c zephyr/libzephyr.a(log_output.c.obj)
 .text.hexdump_line_print
                0x0000000000004800       0xdc zephyr/libzephyr.a(log_output.c.obj)
 .text.log_output_msg_process
                0x00000000000048dc       0xf4 zephyr/libzephyr.a(log_output.c.obj)
                0x00000000000048dc                log_output_msg_process
 .text.log_output_dropped_process
                0x00000000000049d0       0x54 zephyr/libzephyr.a(log_output.c.obj)
                0x00000000000049d0                log_output_dropped_process
 .text.log_output_timestamp_freq_set
                0x0000000000004a24       0x30 zephyr/libzephyr.a(log_output.c.obj)
                0x0000000000004a24                log_output_timestamp_freq_set
 .text.panic    0x0000000000004a54        0xc zephyr/libzephyr.a(log_backend_uart.c.obj)
 .text.dropped  0x0000000000004a60        0xc zephyr/libzephyr.a(log_backend_uart.c.obj)
 .text.log_backend_uart_init
                0x0000000000004a6c       0x18 zephyr/libzephyr.a(log_backend_uart.c.obj)
 .text.put      0x0000000000004a84       0x24 zephyr/libzephyr.a(log_backend_uart.c.obj)
 .text.log_backend_rtt_init
                0x0000000000004aa8        0xc zephyr/libzephyr.a(log_backend_rtt.c.obj)
 .text.panic    0x0000000000004ab4       0x14 zephyr/libzephyr.a(log_backend_rtt.c.obj)
 .text.dropped  0x0000000000004ac8        0xc zephyr/libzephyr.a(log_backend_rtt.c.obj)
 .text.put      0x0000000000004ad4       0x24 zephyr/libzephyr.a(log_backend_rtt.c.obj)
 .text.on_failed_write.part.0
                0x0000000000004af8       0x1c zephyr/libzephyr.a(log_backend_rtt.c.obj)
 .text.data_out_block_mode
                0x0000000000004b14       0xa0 zephyr/libzephyr.a(log_backend_rtt.c.obj)
 .text.console_out
                0x0000000000004bb4       0x34 zephyr/libzephyr.a(uart_console.c.obj)
 .text.uart_console_init
                0x0000000000004be8       0x2c zephyr/libzephyr.a(uart_console.c.obj)
 .text.clkstarted_handle.constprop.0
                0x0000000000004c14       0x50 zephyr/libzephyr.a(nrf_power_clock.c.obj)
 .text.nrf_power_clock_isr
                0x0000000000004c64       0x64 zephyr/libzephyr.a(nrf_power_clock.c.obj)
                0x0000000000004c64                nrf_power_clock_isr
 .text.handle_next_tick_case
                0x0000000000004cc8       0x28 zephyr/libzephyr.a(nrf_rtc_timer.c.obj)
 .text.event_clear
                0x0000000000004cf0       0x18 zephyr/libzephyr.a(nrf_rtc_timer.c.obj)
 .text.rtc_nrf_isr
                0x0000000000004d08       0x2c zephyr/libzephyr.a(nrf_rtc_timer.c.obj)
                0x0000000000004d08                rtc_nrf_isr
 .text.z_clock_driver_init
                0x0000000000004d34       0x64 zephyr/libzephyr.a(nrf_rtc_timer.c.obj)
                0x0000000000004d34                z_clock_driver_init
 .text.z_clock_set_timeout
                0x0000000000004d98       0xbc zephyr/libzephyr.a(nrf_rtc_timer.c.obj)
                0x0000000000004d98                z_clock_set_timeout
 .text.z_clock_elapsed
                0x0000000000004e54       0x34 zephyr/libzephyr.a(nrf_rtc_timer.c.obj)
                0x0000000000004e54                z_clock_elapsed
 .text.z_timer_cycle_get_32
                0x0000000000004e88       0x34 zephyr/libzephyr.a(nrf_rtc_timer.c.obj)
                0x0000000000004e88                z_timer_cycle_get_32
 .text._DoInit  0x0000000000004ebc       0x60 zephyr/libzephyr.a(SEGGER_RTT.c.obj)
 .text.SEGGER_RTT_WriteSkipNoLock
                0x0000000000004f1c       0x98 zephyr/libzephyr.a(SEGGER_RTT.c.obj)
                0x0000000000004f1c                SEGGER_RTT_WriteSkipNoLock
 .text.SEGGER_RTT_HasDataUp
                0x0000000000004fb4       0x14 zephyr/libzephyr.a(SEGGER_RTT.c.obj)
                0x0000000000004fb4                SEGGER_RTT_HasDataUp
 .text.uECC_get_rng
                0x0000000000004fc8        0xc zephyr/libzephyr.a(ecc.c.obj)
                0x0000000000004fc8                uECC_get_rng
 .text.vli_mmod_fast_secp256r1
                0x0000000000004fd4      0x1a0 zephyr/libzephyr.a(ecc.c.obj)
                0x0000000000004fd4                vli_mmod_fast_secp256r1
 .text.tc_aes128_set_encrypt_key
                0x0000000000005174       0xa4 zephyr/libzephyr.a(aes_encrypt.c.obj)
                0x0000000000005174                tc_aes128_set_encrypt_key
 .text.tc_aes_encrypt
                0x0000000000005218       0xd4 zephyr/libzephyr.a(aes_encrypt.c.obj)
                0x0000000000005218                tc_aes_encrypt
 .text.arch_swap
                0x00000000000052ec       0x34 zephyr/arch/arch/arm/core/aarch32/libarch__arm__core__aarch32.a(swap.c.obj)
                0x00000000000052ec                arch_swap
 .text.z_arm_pendsv
                0x0000000000005320       0x48 zephyr/arch/arch/arm/core/aarch32/libarch__arm__core__aarch32.a(swap_helper.S.obj)
                0x0000000000005320                z_arm_pendsv
 .text.z_arm_svc
                0x0000000000005368       0x20 zephyr/arch/arch/arm/core/aarch32/libarch__arm__core__aarch32.a(swap_helper.S.obj)
                0x0000000000005368                z_arm_svc
 .text.arch_irq_enable
                0x0000000000005388       0x20 zephyr/arch/arch/arm/core/aarch32/libarch__arm__core__aarch32.a(irq_manage.c.obj)
                0x0000000000005388                arch_irq_enable
 .text.arch_irq_disable
                0x00000000000053a8       0x28 zephyr/arch/arch/arm/core/aarch32/libarch__arm__core__aarch32.a(irq_manage.c.obj)
                0x00000000000053a8                arch_irq_disable
 .text.arch_irq_is_enabled
                0x00000000000053d0       0x1c zephyr/arch/arch/arm/core/aarch32/libarch__arm__core__aarch32.a(irq_manage.c.obj)
                0x00000000000053d0                arch_irq_is_enabled
 .text.z_arm_irq_priority_set
                0x00000000000053ec       0x30 zephyr/arch/arch/arm/core/aarch32/libarch__arm__core__aarch32.a(irq_manage.c.obj)
                0x00000000000053ec                z_arm_irq_priority_set
 .text._arch_isr_direct_pm
                0x000000000000541c       0x1c zephyr/arch/arch/arm/core/aarch32/libarch__arm__core__aarch32.a(irq_manage.c.obj)
                0x000000000000541c                _arch_isr_direct_pm
 .text.arch_new_thread
                0x0000000000005438       0x50 zephyr/arch/arch/arm/core/aarch32/libarch__arm__core__aarch32.a(thread.c.obj)
                0x0000000000005438                arch_new_thread
 .text.arch_switch_to_main_thread
                0x0000000000005488       0x38 zephyr/arch/arch/arm/core/aarch32/libarch__arm__core__aarch32.a(thread.c.obj)
                0x0000000000005488                arch_switch_to_main_thread
 .text.z_arm_cpu_idle_init
                0x00000000000054c0        0xc zephyr/arch/arch/arm/core/aarch32/libarch__arm__core__aarch32.a(cpu_idle.S.obj)
                0x00000000000054c0                z_arm_cpu_idle_init
 .text.arch_cpu_idle
                0x00000000000054cc       0x1c zephyr/arch/arch/arm/core/aarch32/libarch__arm__core__aarch32.a(cpu_idle.S.obj)
                0x00000000000054cc                arch_cpu_idle
 .text.z_arm_fatal_error
                0x00000000000054e8       0x70 zephyr/arch/arch/arm/core/aarch32/libarch__arm__core__aarch32.a(fatal.c.obj)
                0x00000000000054e8                z_arm_fatal_error
 .text.z_SysNmiOnReset
                0x0000000000005558        0x8 zephyr/arch/arch/arm/core/aarch32/libarch__arm__core__aarch32.a(nmi_on_reset.S.obj)
                0x0000000000005558                z_SysNmiOnReset
 .text.z_arm_prep_c
                0x0000000000005560       0x44 zephyr/arch/arch/arm/core/aarch32/libarch__arm__core__aarch32.a(prep_c.c.obj)
                0x0000000000005560                z_arm_prep_c
 .text._isr_wrapper
                0x00000000000055a4       0x40 zephyr/arch/arch/arm/core/aarch32/libarch__arm__core__aarch32.a(isr_wrapper.S.obj)
                0x00000000000055a4                _isr_wrapper
 .text._reset_section
                0x00000000000055e4       0x3c zephyr/arch/arch/arm/core/aarch32/cortex_m/libarch__arm__core__aarch32__cortex_m.a(reset.S.obj)
                0x00000000000055e4                z_arm_reset
                0x00000000000055e4                __start
 .text.__fault  0x0000000000005620       0x14 zephyr/arch/arch/arm/core/aarch32/cortex_m/libarch__arm__core__aarch32__cortex_m.a(fault_s.S.obj)
                0x0000000000005620                z_arm_bus_fault
                0x0000000000005620                z_arm_usage_fault
                0x0000000000005620                z_arm_mpu_fault
                0x0000000000005620                z_arm_exc_spurious
                0x0000000000005620                z_arm_debug_monitor
                0x0000000000005620                z_arm_hard_fault
 .text.usage_fault.isra.0
                0x0000000000005634       0xb8 zephyr/arch/arch/arm/core/aarch32/cortex_m/libarch__arm__core__aarch32__cortex_m.a(fault.c.obj)
 .text.mem_manage_fault.isra.0
                0x00000000000056ec       0xcc zephyr/arch/arch/arm/core/aarch32/cortex_m/libarch__arm__core__aarch32__cortex_m.a(fault.c.obj)
 .text.bus_fault.isra.0
                0x00000000000057b8       0xdc zephyr/arch/arch/arm/core/aarch32/cortex_m/libarch__arm__core__aarch32__cortex_m.a(fault.c.obj)
 .text.z_arm_fault
                0x0000000000005894      0x198 zephyr/arch/arch/arm/core/aarch32/cortex_m/libarch__arm__core__aarch32__cortex_m.a(fault.c.obj)
                0x0000000000005894                z_arm_fault
 .text.z_arm_fault_init
                0x0000000000005a2c       0x10 zephyr/arch/arch/arm/core/aarch32/cortex_m/libarch__arm__core__aarch32__cortex_m.a(fault.c.obj)
                0x0000000000005a2c                z_arm_fault_init
 .text._HandlerModeExit
                0x0000000000005a3c       0x1c zephyr/arch/arch/arm/core/aarch32/cortex_m/libarch__arm__core__aarch32__cortex_m.a(exc_exit.S.obj)
                0x0000000000005a3c                z_arm_exc_exit
                0x0000000000005a3c                z_arm_int_exit
 .text.z_arm_interrupt_init
                0x0000000000005a58       0x18 zephyr/arch/arch/arm/core/aarch32/cortex_m/libarch__arm__core__aarch32__cortex_m.a(irq_init.c.obj)
                0x0000000000005a58                z_arm_interrupt_init
 .text.z_impl_k_thread_abort
                0x0000000000005a70       0x4c zephyr/arch/arch/arm/core/aarch32/cortex_m/libarch__arm__core__aarch32__cortex_m.a(thread_abort.c.obj)
                0x0000000000005a70                z_impl_k_thread_abort
 .text.z_arm_configure_static_mpu_regions
                0x0000000000005abc       0x38 zephyr/arch/arch/arm/core/aarch32/cortex_m/mpu/libarch__arm__core__aarch32__cortex_m__mpu.a(arm_core_mpu.c.obj)
                0x0000000000005abc                z_arm_configure_static_mpu_regions
 .text.mpu_configure_regions
                0x0000000000005af4       0xc4 zephyr/arch/arch/arm/core/aarch32/cortex_m/mpu/libarch__arm__core__aarch32__cortex_m__mpu.a(arm_mpu.c.obj)
 .text.arm_core_mpu_enable
                0x0000000000005bb8       0x14 zephyr/arch/arch/arm/core/aarch32/cortex_m/mpu/libarch__arm__core__aarch32__cortex_m__mpu.a(arm_mpu.c.obj)
                0x0000000000005bb8                arm_core_mpu_enable
 .text.arm_core_mpu_disable
                0x0000000000005bcc       0x10 zephyr/arch/arch/arm/core/aarch32/cortex_m/mpu/libarch__arm__core__aarch32__cortex_m__mpu.a(arm_mpu.c.obj)
                0x0000000000005bcc                arm_core_mpu_disable
 .text.arm_mpu_init
                0x0000000000005bdc       0x5c zephyr/arch/arch/arm/core/aarch32/cortex_m/mpu/libarch__arm__core__aarch32__cortex_m__mpu.a(arm_mpu.c.obj)
 .text.arm_core_mpu_configure_static_mpu_regions
                0x0000000000005c38       0x14 zephyr/arch/arch/arm/core/aarch32/cortex_m/mpu/libarch__arm__core__aarch32__cortex_m__mpu.a(arm_mpu.c.obj)
                0x0000000000005c38                arm_core_mpu_configure_static_mpu_regions
 .text.__stdout_hook_install
                0x0000000000005c4c        0xc zephyr/lib/libc/minimal/liblib__libc__minimal.a(stdout_console.c.obj)
                0x0000000000005c4c                __stdout_hook_install
 .text.nordicsemi_nrf52_init
                0x0000000000005c58       0x30 zephyr/soc/arm/nordic_nrf/nrf52/libsoc__arm__nordic_nrf__nrf52.a(soc.c.obj)
 .text.arch_busy_wait
                0x0000000000005c88       0x14 zephyr/soc/arm/nordic_nrf/nrf52/libsoc__arm__nordic_nrf__nrf52.a(soc.c.obj)
                0x0000000000005c88                arch_busy_wait
 .text.bt_hex_real
                0x0000000000005c9c       0x44 zephyr/subsys/bluetooth/common/libsubsys__bluetooth__common.a(log.c.obj)
                0x0000000000005c9c                bt_hex_real
 .text.bt_addr_le_str_real
                0x0000000000005ce0       0x7c zephyr/subsys/bluetooth/common/libsubsys__bluetooth__common.a(log.c.obj)
                0x0000000000005ce0                bt_addr_le_str_real
 .text.ecc_thread
                0x0000000000005d5c      0x1c4 zephyr/subsys/bluetooth/host/libsubsys__bluetooth__host.a(hci_ecc.c.obj)
 .text.bt_hci_ecc_send
                0x0000000000005f20      0x110 zephyr/subsys/bluetooth/host/libsubsys__bluetooth__host.a(hci_ecc.c.obj)
                0x0000000000005f20                bt_hci_ecc_send
 .text.bt_hci_ecc_init
                0x0000000000006030       0x48 zephyr/subsys/bluetooth/host/libsubsys__bluetooth__host.a(hci_ecc.c.obj)
                0x0000000000006030                bt_hci_ecc_init
 .text.uuid_to_uuid128
                0x0000000000006078       0x7c zephyr/subsys/bluetooth/host/libsubsys__bluetooth__host.a(uuid.c.obj)
 .text.le_dhkey_complete
                0x00000000000060f4       0x20 zephyr/subsys/bluetooth/host/libsubsys__bluetooth__host.a(hci_core.c.obj)
 .text.ver_str  0x0000000000006114       0x38 zephyr/subsys/bluetooth/host/libsubsys__bluetooth__host.a(hci_core.c.obj)
 .text.hci_data_buf_overflow
                0x000000000000614c       0x24 zephyr/subsys/bluetooth/host/libsubsys__bluetooth__host.a(hci_core.c.obj)
 .text.le_pkey_complete
                0x0000000000006170       0x50 zephyr/subsys/bluetooth/host/libsubsys__bluetooth__host.a(hci_core.c.obj)
 .text.le_data_len_change
                0x00000000000061c0       0x3c zephyr/subsys/bluetooth/host/libsubsys__bluetooth__host.a(hci_core.c.obj)
 .text.le_conn_update_complete
                0x00000000000061fc       0x98 zephyr/subsys/bluetooth/host/libsubsys__bluetooth__host.a(hci_core.c.obj)
 .text.hci_vendor_event
                0x0000000000006294       0x38 zephyr/subsys/bluetooth/host/libsubsys__bluetooth__host.a(hci_core.c.obj)
 .text.update_sec_level
                0x00000000000062cc       0x64 zephyr/subsys/bluetooth/host/libsubsys__bluetooth__host.a(hci_core.c.obj)
 .text.hci_encrypt_key_refresh_complete
                0x0000000000006330       0x84 zephyr/subsys/bluetooth/host/libsubsys__bluetooth__host.a(hci_core.c.obj)
 .text.hci_encrypt_change
                0x00000000000063b4       0x8c zephyr/subsys/bluetooth/host/libsubsys__bluetooth__host.a(hci_core.c.obj)
 .text.handle_event
                0x0000000000006440       0x84 zephyr/subsys/bluetooth/host/libsubsys__bluetooth__host.a(hci_core.c.obj)
 .text.hci_le_meta_event
                0x00000000000064c4       0x20 zephyr/subsys/bluetooth/host/libsubsys__bluetooth__host.a(hci_core.c.obj)
 .text.hci_cmd_done
                0x00000000000064e4       0xf4 zephyr/subsys/bluetooth/host/libsubsys__bluetooth__host.a(hci_core.c.obj)
 .text.id_find  0x00000000000065d8       0x34 zephyr/subsys/bluetooth/host/libsubsys__bluetooth__host.a(hci_core.c.obj)
 .text.hci_tx_thread
                0x000000000000660c      0x188 zephyr/subsys/bluetooth/host/libsubsys__bluetooth__host.a(hci_core.c.obj)
 .text.hci_num_completed_packets
                0x0000000000006794      0x134 zephyr/subsys/bluetooth/host/libsubsys__bluetooth__host.a(hci_core.c.obj)
 .text.hci_cmd_status
                0x00000000000068c8       0x2c zephyr/subsys/bluetooth/host/libsubsys__bluetooth__host.a(hci_core.c.obj)
 .text.hci_cmd_complete
                0x00000000000068f4       0x30 zephyr/subsys/bluetooth/host/libsubsys__bluetooth__host.a(hci_core.c.obj)
 .text.bt_hci_cmd_create
                0x0000000000006924       0x70 zephyr/subsys/bluetooth/host/libsubsys__bluetooth__host.a(hci_core.c.obj)
                0x0000000000006924                bt_hci_cmd_create
 .text.bt_hci_cmd_send
                0x0000000000006994       0x64 zephyr/subsys/bluetooth/host/libsubsys__bluetooth__host.a(hci_core.c.obj)
                0x0000000000006994                bt_hci_cmd_send
 .text.le_ltk_request
                0x00000000000069f8       0xc0 zephyr/subsys/bluetooth/host/libsubsys__bluetooth__host.a(hci_core.c.obj)
 .text.le_conn_param_neg_reply
                0x0000000000006ab8       0x54 zephyr/subsys/bluetooth/host/libsubsys__bluetooth__host.a(hci_core.c.obj)
 .text.le_conn_param_req
                0x0000000000006b0c       0xd0 zephyr/subsys/bluetooth/host/libsubsys__bluetooth__host.a(hci_core.c.obj)
 .text.bt_hci_cmd_send_sync
                0x0000000000006bdc       0xf0 zephyr/subsys/bluetooth/host/libsubsys__bluetooth__host.a(hci_core.c.obj)
                0x0000000000006bdc                bt_hci_cmd_send_sync
 .text.hci_le_read_max_data_len
                0x0000000000006ccc       0x54 zephyr/subsys/bluetooth/host/libsubsys__bluetooth__host.a(hci_core.c.obj)
 .text.set_random_address
                0x0000000000006d20       0x5c zephyr/subsys/bluetooth/host/libsubsys__bluetooth__host.a(hci_core.c.obj)
 .text.le_create_conn_set_random_addr.isra.0
                0x0000000000006d7c       0x24 zephyr/subsys/bluetooth/host/libsubsys__bluetooth__host.a(hci_core.c.obj)
 .text.set_le_adv_enable_legacy
                0x0000000000006da0       0x5c zephyr/subsys/bluetooth/host/libsubsys__bluetooth__host.a(hci_core.c.obj)
 .text.set_le_scan_enable_legacy
                0x0000000000006dfc       0x78 zephyr/subsys/bluetooth/host/libsubsys__bluetooth__host.a(hci_core.c.obj)
 .text.start_le_scan_legacy
                0x0000000000006e74       0x98 zephyr/subsys/bluetooth/host/libsubsys__bluetooth__host.a(hci_core.c.obj)
 .text.bt_le_create_conn_legacy
                0x0000000000006f0c       0xd8 zephyr/subsys/bluetooth/host/libsubsys__bluetooth__host.a(hci_core.c.obj)
                0x0000000000006f0c                bt_le_create_conn_legacy
 .text.bt_le_create_conn_cancel
                0x0000000000006fe4       0x48 zephyr/subsys/bluetooth/host/libsubsys__bluetooth__host.a(hci_core.c.obj)
                0x0000000000006fe4                bt_le_create_conn_cancel
 .text.conn_auto_initiate
                0x000000000000702c       0xe8 zephyr/subsys/bluetooth/host/libsubsys__bluetooth__host.a(hci_core.c.obj)
 .text.le_phy_update_complete
                0x0000000000007114       0x64 zephyr/subsys/bluetooth/host/libsubsys__bluetooth__host.a(hci_core.c.obj)
 .text.le_remote_feat_complete
                0x0000000000007178       0x60 zephyr/subsys/bluetooth/host/libsubsys__bluetooth__host.a(hci_core.c.obj)
 .text.bt_id_add
                0x00000000000071d8      0x1bc zephyr/subsys/bluetooth/host/libsubsys__bluetooth__host.a(hci_core.c.obj)
                0x00000000000071d8                bt_id_add
 .text.bt_id_del
                0x0000000000007394      0x154 zephyr/subsys/bluetooth/host/libsubsys__bluetooth__host.a(hci_core.c.obj)
                0x0000000000007394                bt_id_del
 .text.bt_le_scan_update
                0x00000000000074e8       0x7c zephyr/subsys/bluetooth/host/libsubsys__bluetooth__host.a(hci_core.c.obj)
                0x00000000000074e8                bt_le_scan_update
 .text.hci_disconn_complete
                0x0000000000007564       0x74 zephyr/subsys/bluetooth/host/libsubsys__bluetooth__host.a(hci_core.c.obj)
 .text.le_adv_report
                0x00000000000075d8      0x1fc zephyr/subsys/bluetooth/host/libsubsys__bluetooth__host.a(hci_core.c.obj)
 .text.enh_conn_complete
                0x00000000000077d4      0x1c0 zephyr/subsys/bluetooth/host/libsubsys__bluetooth__host.a(hci_core.c.obj)
 .text.bt_data_parse
                0x0000000000007994       0x6c zephyr/subsys/bluetooth/host/libsubsys__bluetooth__host.a(hci_core.c.obj)
                0x0000000000007994                bt_data_parse
 .text.id_create.isra.0
                0x0000000000007a00       0x58 zephyr/subsys/bluetooth/host/libsubsys__bluetooth__host.a(hci_core.c.obj)
 .text.bt_recv  0x0000000000007a58      0x154 zephyr/subsys/bluetooth/host/libsubsys__bluetooth__host.a(hci_core.c.obj)
                0x0000000000007a58                bt_recv
 .text.bt_recv_prio
                0x0000000000007bac       0xac zephyr/subsys/bluetooth/host/libsubsys__bluetooth__host.a(hci_core.c.obj)
                0x0000000000007bac                bt_recv_prio
 .text.bt_hci_driver_register
                0x0000000000007c58       0x28 zephyr/subsys/bluetooth/host/libsubsys__bluetooth__host.a(hci_core.c.obj)
                0x0000000000007c58                bt_hci_driver_register
 .text.bt_finalize_init
                0x0000000000007c80       0xe0 zephyr/subsys/bluetooth/host/libsubsys__bluetooth__host.a(hci_core.c.obj)
                0x0000000000007c80                bt_finalize_init
 .text.bt_get_name
                0x0000000000007d60        0x8 zephyr/subsys/bluetooth/host/libsubsys__bluetooth__host.a(hci_core.c.obj)
                0x0000000000007d60                bt_get_name
 .text.bt_id_create
                0x0000000000007d68       0x8c zephyr/subsys/bluetooth/host/libsubsys__bluetooth__host.a(hci_core.c.obj)
                0x0000000000007d68                bt_id_create
 .text.bt_setup_public_id_addr
                0x0000000000007df4       0xa0 zephyr/subsys/bluetooth/host/libsubsys__bluetooth__host.a(hci_core.c.obj)
                0x0000000000007df4                bt_setup_public_id_addr
 .text.bt_read_static_addr
                0x0000000000007e94       0xb4 zephyr/subsys/bluetooth/host/libsubsys__bluetooth__host.a(hci_core.c.obj)
                0x0000000000007e94                bt_read_static_addr
 .text.bt_setup_random_id_addr
                0x0000000000007f48       0x58 zephyr/subsys/bluetooth/host/libsubsys__bluetooth__host.a(hci_core.c.obj)
                0x0000000000007f48                bt_setup_random_id_addr
 .text.bt_enable
                0x0000000000007fa0       0xfc zephyr/subsys/bluetooth/host/libsubsys__bluetooth__host.a(hci_core.c.obj)
                0x0000000000007fa0                bt_enable
 .text.init_work
                0x000000000000809c       0x2c zephyr/subsys/bluetooth/host/libsubsys__bluetooth__host.a(hci_core.c.obj)
 .text.bt_le_scan_start
                0x00000000000080c8       0xb0 zephyr/subsys/bluetooth/host/libsubsys__bluetooth__host.a(hci_core.c.obj)
                0x00000000000080c8                bt_le_scan_start
 .text.bt_le_scan_stop
                0x0000000000008178       0x2c zephyr/subsys/bluetooth/host/libsubsys__bluetooth__host.a(hci_core.c.obj)
                0x0000000000008178                bt_le_scan_stop
 .text.bt_buf_get_rx
                0x00000000000081a4       0x20 zephyr/subsys/bluetooth/host/libsubsys__bluetooth__host.a(hci_core.c.obj)
                0x00000000000081a4                bt_buf_get_rx
 .text.bt_buf_get_cmd_complete
                0x00000000000081c4       0x4c zephyr/subsys/bluetooth/host/libsubsys__bluetooth__host.a(hci_core.c.obj)
                0x00000000000081c4                bt_buf_get_cmd_complete
 .text.bt_buf_get_evt
                0x0000000000008210       0x54 zephyr/subsys/bluetooth/host/libsubsys__bluetooth__host.a(hci_core.c.obj)
                0x0000000000008210                bt_buf_get_evt
 .text.bt_pub_key_gen
                0x0000000000008264       0xa0 zephyr/subsys/bluetooth/host/libsubsys__bluetooth__host.a(hci_core.c.obj)
                0x0000000000008264                bt_pub_key_gen
 .text.bt_pub_key_get
                0x0000000000008304       0x1c zephyr/subsys/bluetooth/host/libsubsys__bluetooth__host.a(hci_core.c.obj)
                0x0000000000008304                bt_pub_key_get
 .text.bt_dh_key_gen
                0x0000000000008320       0x74 zephyr/subsys/bluetooth/host/libsubsys__bluetooth__host.a(hci_core.c.obj)
                0x0000000000008320                bt_dh_key_gen
 .text.tx_free  0x0000000000008394       0x14 zephyr/subsys/bluetooth/host/libsubsys__bluetooth__host.a(conn.c.obj)
 .text.notify_connected
                0x00000000000083a8       0x2c zephyr/subsys/bluetooth/host/libsubsys__bluetooth__host.a(conn.c.obj)
 .text.send_frag
                0x00000000000083d4      0x130 zephyr/subsys/bluetooth/host/libsubsys__bluetooth__host.a(conn.c.obj)
 .text.conn_update_timeout
                0x0000000000008504       0x6c zephyr/subsys/bluetooth/host/libsubsys__bluetooth__host.a(conn.c.obj)
 .text.conn_cleanup
                0x0000000000008570       0x44 zephyr/subsys/bluetooth/host/libsubsys__bluetooth__host.a(conn.c.obj)
 .text.bt_conn_get_pkts
                0x00000000000085b4        0x8 zephyr/subsys/bluetooth/host/libsubsys__bluetooth__host.a(conn.c.obj)
                0x00000000000085b4                bt_conn_get_pkts
 .text.notify_le_param_updated
                0x00000000000085bc       0x68 zephyr/subsys/bluetooth/host/libsubsys__bluetooth__host.a(conn.c.obj)
                0x00000000000085bc                notify_le_param_updated
 .text.le_param_req
                0x0000000000008624       0x40 zephyr/subsys/bluetooth/host/libsubsys__bluetooth__host.a(conn.c.obj)
                0x0000000000008624                le_param_req
 .text.bt_conn_identity_resolved
                0x0000000000008664       0x34 zephyr/subsys/bluetooth/host/libsubsys__bluetooth__host.a(conn.c.obj)
                0x0000000000008664                bt_conn_identity_resolved
 .text.bt_conn_security_changed
                0x0000000000008698       0x24 zephyr/subsys/bluetooth/host/libsubsys__bluetooth__host.a(conn.c.obj)
                0x0000000000008698                bt_conn_security_changed
 .text.bt_conn_cb_register
                0x00000000000086bc       0x10 zephyr/subsys/bluetooth/host/libsubsys__bluetooth__host.a(conn.c.obj)
                0x00000000000086bc                bt_conn_cb_register
 .text.bt_conn_recv
                0x00000000000086cc      0x134 zephyr/subsys/bluetooth/host/libsubsys__bluetooth__host.a(conn.c.obj)
                0x00000000000086cc                bt_conn_recv
 .text.bt_conn_send_cb
                0x0000000000008800       0xd8 zephyr/subsys/bluetooth/host/libsubsys__bluetooth__host.a(conn.c.obj)
                0x0000000000008800                bt_conn_send_cb
 .text.bt_conn_prepare_events
                0x00000000000088d8       0x94 zephyr/subsys/bluetooth/host/libsubsys__bluetooth__host.a(conn.c.obj)
                0x00000000000088d8                bt_conn_prepare_events
 .text.bt_conn_add_le
                0x000000000000896c       0xe4 zephyr/subsys/bluetooth/host/libsubsys__bluetooth__host.a(conn.c.obj)
                0x000000000000896c                bt_conn_add_le
 .text.bt_conn_set_state
                0x0000000000008a50      0x200 zephyr/subsys/bluetooth/host/libsubsys__bluetooth__host.a(conn.c.obj)
                0x0000000000008a50                bt_conn_set_state
 .text.bt_conn_lookup_handle
                0x0000000000008c50       0x48 zephyr/subsys/bluetooth/host/libsubsys__bluetooth__host.a(conn.c.obj)
                0x0000000000008c50                bt_conn_lookup_handle
 .text.bt_conn_lookup_addr_le
                0x0000000000008c98       0x4c zephyr/subsys/bluetooth/host/libsubsys__bluetooth__host.a(conn.c.obj)
                0x0000000000008c98                bt_conn_lookup_addr_le
 .text.bt_conn_exists_le
                0x0000000000008ce4       0x4c zephyr/subsys/bluetooth/host/libsubsys__bluetooth__host.a(conn.c.obj)
                0x0000000000008ce4                bt_conn_exists_le
 .text.bt_conn_lookup_state_le
                0x0000000000008d30       0x64 zephyr/subsys/bluetooth/host/libsubsys__bluetooth__host.a(conn.c.obj)
                0x0000000000008d30                bt_conn_lookup_state_le
 .text.bt_conn_get_info
                0x0000000000008d94       0x58 zephyr/subsys/bluetooth/host/libsubsys__bluetooth__host.a(conn.c.obj)
                0x0000000000008d94                bt_conn_get_info
 .text.bt_conn_le_create
                0x0000000000008dec      0x158 zephyr/subsys/bluetooth/host/libsubsys__bluetooth__host.a(conn.c.obj)
                0x0000000000008dec                bt_conn_le_create
 .text.bt_le_set_auto_conn
                0x0000000000008f44       0xf0 zephyr/subsys/bluetooth/host/libsubsys__bluetooth__host.a(conn.c.obj)
                0x0000000000008f44                bt_le_set_auto_conn
 .text.bt_conn_disconnect
                0x0000000000009034       0x98 zephyr/subsys/bluetooth/host/libsubsys__bluetooth__host.a(conn.c.obj)
                0x0000000000009034                bt_conn_disconnect
 .text.bt_conn_create_pdu_timeout
                0x00000000000090cc       0x48 zephyr/subsys/bluetooth/host/libsubsys__bluetooth__host.a(conn.c.obj)
                0x00000000000090cc                bt_conn_create_pdu_timeout
 .text.bt_conn_create_frag_timeout
                0x0000000000009114        0xc zephyr/subsys/bluetooth/host/libsubsys__bluetooth__host.a(conn.c.obj)
                0x0000000000009114                bt_conn_create_frag_timeout
 .text.create_frag.isra.0
                0x0000000000009120       0x6c zephyr/subsys/bluetooth/host/libsubsys__bluetooth__host.a(conn.c.obj)
 .text.bt_conn_process_tx
                0x000000000000918c       0xd0 zephyr/subsys/bluetooth/host/libsubsys__bluetooth__host.a(conn.c.obj)
                0x000000000000918c                bt_conn_process_tx
 .text.bt_conn_index
                0x000000000000925c       0x18 zephyr/subsys/bluetooth/host/libsubsys__bluetooth__host.a(conn.c.obj)
                0x000000000000925c                bt_conn_index
 .text.bt_conn_lookup_index
                0x0000000000009274       0x34 zephyr/subsys/bluetooth/host/libsubsys__bluetooth__host.a(conn.c.obj)
                0x0000000000009274                bt_conn_lookup_index
 .text.bt_conn_init
                0x00000000000092a8       0x6c zephyr/subsys/bluetooth/host/libsubsys__bluetooth__host.a(conn.c.obj)
                0x00000000000092a8                bt_conn_init
 .text.get_ident
                0x0000000000009314       0x18 zephyr/subsys/bluetooth/host/libsubsys__bluetooth__host.a(l2cap.c.obj)
 .text.l2cap_server_lookup_psm
                0x000000000000932c       0x28 zephyr/subsys/bluetooth/host/libsubsys__bluetooth__host.a(l2cap.c.obj)
 .text.l2cap_accept
                0x0000000000009354       0x54 zephyr/subsys/bluetooth/host/libsubsys__bluetooth__host.a(l2cap.c.obj)
 .text.l2cap_create_le_sig_pdu.isra.0
                0x00000000000093a8       0x60 zephyr/subsys/bluetooth/host/libsubsys__bluetooth__host.a(l2cap.c.obj)
 .text.l2cap_chan_tx_init
                0x0000000000009408       0x40 zephyr/subsys/bluetooth/host/libsubsys__bluetooth__host.a(l2cap.c.obj)
 .text.k_work_submit_to_queue.constprop.0
                0x0000000000009448       0x30 zephyr/subsys/bluetooth/host/libsubsys__bluetooth__host.a(l2cap.c.obj)
 .text.l2cap_rtx_timeout
                0x0000000000009478       0x50 zephyr/subsys/bluetooth/host/libsubsys__bluetooth__host.a(l2cap.c.obj)
 .text.l2cap_chan_le_send
                0x00000000000094c8      0x1d8 zephyr/subsys/bluetooth/host/libsubsys__bluetooth__host.a(l2cap.c.obj)
 .text.l2cap_chan_send_req
                0x00000000000096a0       0x20 zephyr/subsys/bluetooth/host/libsubsys__bluetooth__host.a(l2cap.c.obj)
 .text.l2cap_chan_send_credits.isra.0
                0x00000000000096c0       0xe8 zephyr/subsys/bluetooth/host/libsubsys__bluetooth__host.a(l2cap.c.obj)
 .text.l2cap_chan_add
                0x00000000000097a8       0xb8 zephyr/subsys/bluetooth/host/libsubsys__bluetooth__host.a(l2cap.c.obj)
 .text.bt_l2cap_connected
                0x0000000000009860       0x74 zephyr/subsys/bluetooth/host/libsubsys__bluetooth__host.a(l2cap.c.obj)
                0x0000000000009860                bt_l2cap_connected
 .text.l2cap_chan_accept
                0x00000000000098d4       0xdc zephyr/subsys/bluetooth/host/libsubsys__bluetooth__host.a(l2cap.c.obj)
 .text.l2cap_chan_le_recv_seg
                0x00000000000099b0      0x168 zephyr/subsys/bluetooth/host/libsubsys__bluetooth__host.a(l2cap.c.obj)
 .text.l2cap_chan_le_recv
                0x0000000000009b18       0xf8 zephyr/subsys/bluetooth/host/libsubsys__bluetooth__host.a(l2cap.c.obj)
 .text.bt_l2cap_recv
                0x0000000000009c10       0xe0 zephyr/subsys/bluetooth/host/libsubsys__bluetooth__host.a(l2cap.c.obj)
                0x0000000000009c10                bt_l2cap_recv
 .text.l2cap_recv
                0x0000000000009cf0      0x7b8 zephyr/subsys/bluetooth/host/libsubsys__bluetooth__host.a(l2cap.c.obj)
 .text.att_cfm_sent
                0x000000000000a4a8       0x10 zephyr/subsys/bluetooth/host/libsubsys__bluetooth__host.a(att.c.obj)
 .text.att_rsp_sent
                0x000000000000a4b8       0x10 zephyr/subsys/bluetooth/host/libsubsys__bluetooth__host.a(att.c.obj)
 .text.att_req_sent
                0x000000000000a4c8       0x10 zephyr/subsys/bluetooth/host/libsubsys__bluetooth__host.a(att.c.obj)
 .text.bt_att_released
                0x000000000000a4d8       0x18 zephyr/subsys/bluetooth/host/libsubsys__bluetooth__host.a(att.c.obj)
 .text.read_group_cb
                0x000000000000a4f0       0xa8 zephyr/subsys/bluetooth/host/libsubsys__bluetooth__host.a(att.c.obj)
 .text.read_type_cb
                0x000000000000a598       0xa4 zephyr/subsys/bluetooth/host/libsubsys__bluetooth__host.a(att.c.obj)
 .text.find_type_cb
                0x000000000000a63c      0x164 zephyr/subsys/bluetooth/host/libsubsys__bluetooth__host.a(att.c.obj)
 .text.att_get  0x000000000000a7a0       0x80 zephyr/subsys/bluetooth/host/libsubsys__bluetooth__host.a(att.c.obj)
 .text.chan_req_sent
                0x000000000000a820       0x1c zephyr/subsys/bluetooth/host/libsubsys__bluetooth__host.a(att.c.obj)
 .text.bt_att_accept
                0x000000000000a83c       0xd8 zephyr/subsys/bluetooth/host/libsubsys__bluetooth__host.a(att.c.obj)
 .text.bt_att_connected
                0x000000000000a914       0x64 zephyr/subsys/bluetooth/host/libsubsys__bluetooth__host.a(att.c.obj)
 .text.prep_write_cb
                0x000000000000a978       0x7c zephyr/subsys/bluetooth/host/libsubsys__bluetooth__host.a(att.c.obj)
 .text.chan_send
                0x000000000000a9f4       0xb8 zephyr/subsys/bluetooth/host/libsubsys__bluetooth__host.a(att.c.obj)
 .text.bt_att_chan_create_pdu
                0x000000000000aaac       0x88 zephyr/subsys/bluetooth/host/libsubsys__bluetooth__host.a(att.c.obj)
                0x000000000000aaac                bt_att_chan_create_pdu
 .text.att_indicate
                0x000000000000ab34       0x3c zephyr/subsys/bluetooth/host/libsubsys__bluetooth__host.a(att.c.obj)
 .text.send_err_rsp.part.0
                0x000000000000ab70       0x40 zephyr/subsys/bluetooth/host/libsubsys__bluetooth__host.a(att.c.obj)
 .text.bt_att_recv
                0x000000000000abb0      0x158 zephyr/subsys/bluetooth/host/libsubsys__bluetooth__host.a(att.c.obj)
 .text.att_write_rsp
                0x000000000000ad08       0xd0 zephyr/subsys/bluetooth/host/libsubsys__bluetooth__host.a(att.c.obj)
 .text.bt_att_create_pdu
                0x000000000000add8       0x70 zephyr/subsys/bluetooth/host/libsubsys__bluetooth__host.a(att.c.obj)
                0x000000000000add8                bt_att_create_pdu
 .text.att_exec_write_req
                0x000000000000ae48       0x84 zephyr/subsys/bluetooth/host/libsubsys__bluetooth__host.a(att.c.obj)
 .text.att_prepare_write_req
                0x000000000000aecc       0xe4 zephyr/subsys/bluetooth/host/libsubsys__bluetooth__host.a(att.c.obj)
 .text.att_read_group_req
                0x000000000000afb0      0x108 zephyr/subsys/bluetooth/host/libsubsys__bluetooth__host.a(att.c.obj)
 .text.att_read_mult_req
                0x000000000000b0b8       0x8c zephyr/subsys/bluetooth/host/libsubsys__bluetooth__host.a(att.c.obj)
 .text.att_read_rsp
                0x000000000000b144       0x98 zephyr/subsys/bluetooth/host/libsubsys__bluetooth__host.a(att.c.obj)
 .text.att_read_type_req
                0x000000000000b1dc       0xc8 zephyr/subsys/bluetooth/host/libsubsys__bluetooth__host.a(att.c.obj)
 .text.att_find_type_req
                0x000000000000b2a4       0xdc zephyr/subsys/bluetooth/host/libsubsys__bluetooth__host.a(att.c.obj)
 .text.att_find_info_req
                0x000000000000b380       0x78 zephyr/subsys/bluetooth/host/libsubsys__bluetooth__host.a(att.c.obj)
 .text.att_mtu_req
                0x000000000000b3f8       0x6c zephyr/subsys/bluetooth/host/libsubsys__bluetooth__host.a(att.c.obj)
 .text.bt_att_req_alloc
                0x000000000000b464       0x2c zephyr/subsys/bluetooth/host/libsubsys__bluetooth__host.a(att.c.obj)
                0x000000000000b464                bt_att_req_alloc
 .text.bt_att_req_free
                0x000000000000b490       0x18 zephyr/subsys/bluetooth/host/libsubsys__bluetooth__host.a(att.c.obj)
                0x000000000000b490                bt_att_req_free
 .text.att_handle_rsp
                0x000000000000b4a8       0xf4 zephyr/subsys/bluetooth/host/libsubsys__bluetooth__host.a(att.c.obj)
 .text.att_error_rsp
                0x000000000000b59c       0x78 zephyr/subsys/bluetooth/host/libsubsys__bluetooth__host.a(att.c.obj)
 .text.bt_att_encrypt_change
                0x000000000000b614       0x68 zephyr/subsys/bluetooth/host/libsubsys__bluetooth__host.a(att.c.obj)
 .text.att_reset
                0x000000000000b67c       0x78 zephyr/subsys/bluetooth/host/libsubsys__bluetooth__host.a(att.c.obj)
 .text.att_timeout
                0x000000000000b6f4       0x48 zephyr/subsys/bluetooth/host/libsubsys__bluetooth__host.a(att.c.obj)
 .text.bt_att_req_cancel
                0x000000000000b73c       0x60 zephyr/subsys/bluetooth/host/libsubsys__bluetooth__host.a(att.c.obj)
                0x000000000000b73c                bt_att_req_cancel
 .text.find_static_attr
                0x000000000000b79c       0x48 zephyr/subsys/bluetooth/host/libsubsys__bluetooth__host.a(gatt.c.obj)
 .text.notify_mult_process
                0x000000000000b7e4       0x30 zephyr/subsys/bluetooth/host/libsubsys__bluetooth__host.a(gatt.c.obj)
 .text.gatt_send.constprop.0
                0x000000000000b814       0x78 zephyr/subsys/bluetooth/host/libsubsys__bluetooth__host.a(gatt.c.obj)
 .text.gatt_indicate
                0x000000000000b88c       0x80 zephyr/subsys/bluetooth/host/libsubsys__bluetooth__host.a(gatt.c.obj)
 .text.gatt_sub_find_free
                0x000000000000b90c       0x54 zephyr/subsys/bluetooth/host/libsubsys__bluetooth__host.a(gatt.c.obj)
 .text.find_sc_cfg
                0x000000000000b960       0x44 zephyr/subsys/bluetooth/host/libsubsys__bluetooth__host.a(gatt.c.obj)
 .text.sc_save  0x000000000000b9a4       0x70 zephyr/subsys/bluetooth/host/libsubsys__bluetooth__host.a(gatt.c.obj)
 .text.find_cf_cfg
                0x000000000000ba14       0x44 zephyr/subsys/bluetooth/host/libsubsys__bluetooth__host.a(gatt.c.obj)
 .text.gatt_notify
                0x000000000000ba58      0x154 zephyr/subsys/bluetooth/host/libsubsys__bluetooth__host.a(gatt.c.obj)
 .text.notify_cb
                0x000000000000bbac       0xf4 zephyr/subsys/bluetooth/host/libsubsys__bluetooth__host.a(gatt.c.obj)
 .text.bt_gatt_attr_write_ccc
                0x000000000000bca0       0xd4 zephyr/subsys/bluetooth/host/libsubsys__bluetooth__host.a(gatt.c.obj)
                0x000000000000bca0                bt_gatt_attr_write_ccc
 .text.gatt_write_ccc.constprop.0
                0x000000000000bd74       0x68 zephyr/subsys/bluetooth/host/libsubsys__bluetooth__host.a(gatt.c.obj)
 .text.cf_write
                0x000000000000bddc       0xc0 zephyr/subsys/bluetooth/host/libsubsys__bluetooth__host.a(gatt.c.obj)
 .text.sc_indicate_rsp
                0x000000000000be9c       0x60 zephyr/subsys/bluetooth/host/libsubsys__bluetooth__host.a(gatt.c.obj)
 .text.disconnected_cb
                0x000000000000befc       0xbc zephyr/subsys/bluetooth/host/libsubsys__bluetooth__host.a(gatt.c.obj)
 .text.bt_gatt_init
                0x000000000000bfb8       0x88 zephyr/subsys/bluetooth/host/libsubsys__bluetooth__host.a(gatt.c.obj)
                0x000000000000bfb8                bt_gatt_init
 .text.bt_gatt_attr_value_handle
                0x000000000000c040       0x30 zephyr/subsys/bluetooth/host/libsubsys__bluetooth__host.a(gatt.c.obj)
                0x000000000000c040                bt_gatt_attr_value_handle
 .text.bt_gatt_foreach_attr_type
                0x000000000000c070       0xc0 zephyr/subsys/bluetooth/host/libsubsys__bluetooth__host.a(gatt.c.obj)
                0x000000000000c070                bt_gatt_foreach_attr_type
 .text.db_hash_gen.isra.0
                0x000000000000c130       0x90 zephyr/subsys/bluetooth/host/libsubsys__bluetooth__host.a(gatt.c.obj)
 .text.bt_gatt_indicate
                0x000000000000c1c0       0xf8 zephyr/subsys/bluetooth/host/libsubsys__bluetooth__host.a(gatt.c.obj)
                0x000000000000c1c0                bt_gatt_indicate
 .text.sc_process
                0x000000000000c2b8       0x68 zephyr/subsys/bluetooth/host/libsubsys__bluetooth__host.a(gatt.c.obj)
 .text.update_ccc
                0x000000000000c320      0x130 zephyr/subsys/bluetooth/host/libsubsys__bluetooth__host.a(gatt.c.obj)
 .text.bt_gatt_mult_notification
                0x000000000000c450       0xc0 zephyr/subsys/bluetooth/host/libsubsys__bluetooth__host.a(gatt.c.obj)
                0x000000000000c450                bt_gatt_mult_notification
 .text.bt_gatt_connected
                0x000000000000c510       0x80 zephyr/subsys/bluetooth/host/libsubsys__bluetooth__host.a(gatt.c.obj)
                0x000000000000c510                bt_gatt_connected
 .text.bt_gatt_encrypt_change
                0x000000000000c590       0x20 zephyr/subsys/bluetooth/host/libsubsys__bluetooth__host.a(gatt.c.obj)
                0x000000000000c590                bt_gatt_encrypt_change
 .text.db_hash_read
                0x000000000000c5b0       0x4c zephyr/subsys/bluetooth/host/libsubsys__bluetooth__host.a(gatt.c.obj)
 .text.bt_gatt_disconnected
                0x000000000000c5fc       0xd8 zephyr/subsys/bluetooth/host/libsubsys__bluetooth__host.a(gatt.c.obj)
                0x000000000000c5fc                bt_gatt_disconnected
 .text.get_io_capa
                0x000000000000c6d4       0x4c zephyr/subsys/bluetooth/host/libsubsys__bluetooth__host.a(smp.c.obj)
 .text.smp_ident_info
                0x000000000000c720       0x70 zephyr/subsys/bluetooth/host/libsubsys__bluetooth__host.a(smp.c.obj)
 .text.smp_encrypt_info
                0x000000000000c790       0x70 zephyr/subsys/bluetooth/host/libsubsys__bluetooth__host.a(smp.c.obj)
 .text.smp_chan_get
                0x000000000000c800       0x30 zephyr/subsys/bluetooth/host/libsubsys__bluetooth__host.a(smp.c.obj)
 .text.bt_smp_accept
                0x000000000000c830       0x54 zephyr/subsys/bluetooth/host/libsubsys__bluetooth__host.a(smp.c.obj)
 .text.smp_send.isra.0
                0x000000000000c884       0x30 zephyr/subsys/bluetooth/host/libsubsys__bluetooth__host.a(smp.c.obj)
 .text.compute_and_send_master_dhcheck
                0x000000000000c8b4      0x170 zephyr/subsys/bluetooth/host/libsubsys__bluetooth__host.a(smp.c.obj)
 .text.sc_send_public_key
                0x000000000000ca24       0x44 zephyr/subsys/bluetooth/host/libsubsys__bluetooth__host.a(smp.c.obj)
 .text.smp_send_pairing_req
                0x000000000000ca68      0x1ac zephyr/subsys/bluetooth/host/libsubsys__bluetooth__host.a(smp.c.obj)
 .text.smp_security_request
                0x000000000000cc14      0x104 zephyr/subsys/bluetooth/host/libsubsys__bluetooth__host.a(smp.c.obj)
 .text.bt_smp_distribute_keys
                0x000000000000cd18      0x14c zephyr/subsys/bluetooth/host/libsubsys__bluetooth__host.a(smp.c.obj)
 .text.smp_pairing_complete
                0x000000000000ce64       0x94 zephyr/subsys/bluetooth/host/libsubsys__bluetooth__host.a(smp.c.obj)
 .text.bt_smp_dhkey_ready
                0x000000000000cef8       0x9c zephyr/subsys/bluetooth/host/libsubsys__bluetooth__host.a(smp.c.obj)
 .text.bt_smp_recv
                0x000000000000cf94      0x100 zephyr/subsys/bluetooth/host/libsubsys__bluetooth__host.a(smp.c.obj)
 .text.bt_smp_pkey_ready
                0x000000000000d094       0x7c zephyr/subsys/bluetooth/host/libsubsys__bluetooth__host.a(smp.c.obj)
 .text.smp_timeout
                0x000000000000d110       0x3c zephyr/subsys/bluetooth/host/libsubsys__bluetooth__host.a(smp.c.obj)
 .text.smp_pairing_failed
                0x000000000000d14c       0x68 zephyr/subsys/bluetooth/host/libsubsys__bluetooth__host.a(smp.c.obj)
 .text.smp_master_ident
                0x000000000000d1b4       0xcc zephyr/subsys/bluetooth/host/libsubsys__bluetooth__host.a(smp.c.obj)
 .text.bt_smp_connected
                0x000000000000d280       0x1c zephyr/subsys/bluetooth/host/libsubsys__bluetooth__host.a(smp.c.obj)
 .text.smp_send_pairing_confirm
                0x000000000000d29c       0x90 zephyr/subsys/bluetooth/host/libsubsys__bluetooth__host.a(smp.c.obj)
 .text.smp_public_key
                0x000000000000d32c      0x1bc zephyr/subsys/bluetooth/host/libsubsys__bluetooth__host.a(smp.c.obj)
 .text.smp_pairing_rsp
                0x000000000000d4e8      0x388 zephyr/subsys/bluetooth/host/libsubsys__bluetooth__host.a(smp.c.obj)
 .text.smp_pairing_random
                0x000000000000d870      0x268 zephyr/subsys/bluetooth/host/libsubsys__bluetooth__host.a(smp.c.obj)
 .text.smp_ident_addr_info
                0x000000000000dad8      0x158 zephyr/subsys/bluetooth/host/libsubsys__bluetooth__host.a(smp.c.obj)
 .text.bt_smp_update_keys
                0x000000000000dc30      0x120 zephyr/subsys/bluetooth/host/libsubsys__bluetooth__host.a(smp.c.obj)
                0x000000000000dc30                bt_smp_update_keys
 .text.bt_smp_init
                0x000000000000dd50       0x2c zephyr/subsys/bluetooth/host/libsubsys__bluetooth__host.a(smp.c.obj)
                0x000000000000dd50                bt_smp_init
 .text.bt_keys_get_addr
                0x000000000000dd7c       0x50 zephyr/subsys/bluetooth/host/libsubsys__bluetooth__host.a(keys.c.obj)
                0x000000000000dd7c                bt_keys_get_addr
 .text.bt_keys_foreach
                0x000000000000ddcc       0x1c zephyr/subsys/bluetooth/host/libsubsys__bluetooth__host.a(keys.c.obj)
                0x000000000000ddcc                bt_keys_foreach
 .text.bt_keys_find
                0x000000000000dde8       0x2c zephyr/subsys/bluetooth/host/libsubsys__bluetooth__host.a(keys.c.obj)
                0x000000000000dde8                bt_keys_find
 .text.bt_keys_find_irk
                0x000000000000de14       0x74 zephyr/subsys/bluetooth/host/libsubsys__bluetooth__host.a(keys.c.obj)
                0x000000000000de14                bt_keys_find_irk
 .text.bt_keys_find_addr
                0x000000000000de88       0x20 zephyr/subsys/bluetooth/host/libsubsys__bluetooth__host.a(keys.c.obj)
                0x000000000000de88                bt_keys_find_addr
 .text.mem_init
                0x000000000000dea8       0x5c zephyr/subsys/bluetooth/controller/libsubsys__bluetooth__controller.a(mem.c.obj)
                0x000000000000dea8                mem_init
 .text.mem_acquire
                0x000000000000df04       0x34 zephyr/subsys/bluetooth/controller/libsubsys__bluetooth__controller.a(mem.c.obj)
                0x000000000000df04                mem_acquire
 .text.mem_release
                0x000000000000df38       0x30 zephyr/subsys/bluetooth/controller/libsubsys__bluetooth__controller.a(mem.c.obj)
                0x000000000000df38                mem_release
 .text.mem_get  0x000000000000df68        0x8 zephyr/subsys/bluetooth/controller/libsubsys__bluetooth__controller.a(mem.c.obj)
                0x000000000000df68                mem_get
 .text.mem_index_get
                0x000000000000df70        0xc zephyr/subsys/bluetooth/controller/libsubsys__bluetooth__controller.a(mem.c.obj)
                0x000000000000df70                mem_index_get
 .text.mem_rcopy
                0x000000000000df7c       0x1c zephyr/subsys/bluetooth/controller/libsubsys__bluetooth__controller.a(mem.c.obj)
                0x000000000000df7c                mem_rcopy
 .text.mem_nz   0x000000000000df98       0x18 zephyr/subsys/bluetooth/controller/libsubsys__bluetooth__controller.a(mem.c.obj)
                0x000000000000df98                mem_nz
 .text.memq_init
                0x000000000000dfb0        0x8 zephyr/subsys/bluetooth/controller/libsubsys__bluetooth__controller.a(memq.c.obj)
                0x000000000000dfb0                memq_init
 .text.memq_deinit
                0x000000000000dfb8       0x14 zephyr/subsys/bluetooth/controller/libsubsys__bluetooth__controller.a(memq.c.obj)
                0x000000000000dfb8                memq_deinit
 .text.memq_enqueue
                0x000000000000dfcc       0x10 zephyr/subsys/bluetooth/controller/libsubsys__bluetooth__controller.a(memq.c.obj)
                0x000000000000dfcc                memq_enqueue
 .text.memq_peek
                0x000000000000dfdc       0x10 zephyr/subsys/bluetooth/controller/libsubsys__bluetooth__controller.a(memq.c.obj)
                0x000000000000dfdc                memq_peek
 .text.memq_dequeue
                0x000000000000dfec       0x20 zephyr/subsys/bluetooth/controller/libsubsys__bluetooth__controller.a(memq.c.obj)
                0x000000000000dfec                memq_dequeue
 .text.mayfly_init
                0x000000000000e00c       0x40 zephyr/subsys/bluetooth/controller/libsubsys__bluetooth__controller.a(mayfly.c.obj)
                0x000000000000e00c                mayfly_init
 .text.mayfly_enable
                0x000000000000e04c       0x68 zephyr/subsys/bluetooth/controller/libsubsys__bluetooth__controller.a(mayfly.c.obj)
                0x000000000000e04c                mayfly_enable
 .text.mayfly_enqueue
                0x000000000000e0b4       0xa8 zephyr/subsys/bluetooth/controller/libsubsys__bluetooth__controller.a(mayfly.c.obj)
                0x000000000000e0b4                mayfly_enqueue
 .text.mayfly_run
                0x000000000000e15c      0x144 zephyr/subsys/bluetooth/controller/libsubsys__bluetooth__controller.a(mayfly.c.obj)
                0x000000000000e15c                mayfly_run
 .text.util_ones_count_get
                0x000000000000e2a0       0x30 zephyr/subsys/bluetooth/controller/libsubsys__bluetooth__controller.a(util.c.obj)
                0x000000000000e2a0                util_ones_count_get
 .text.util_aa_le32
                0x000000000000e2d0      0x2c0 zephyr/subsys/bluetooth/controller/libsubsys__bluetooth__controller.a(util.c.obj)
                0x000000000000e2d0                util_aa_le32
 .text.ticker_worker
                0x000000000000e590      0x284 zephyr/subsys/bluetooth/controller/libsubsys__bluetooth__controller.a(ticker.c.obj)
                0x000000000000e590                ticker_worker
 .text.ticker_job
                0x000000000000e814      0xe44 zephyr/subsys/bluetooth/controller/libsubsys__bluetooth__controller.a(ticker.c.obj)
                0x000000000000e814                ticker_job
 .text.ticker_init
                0x000000000000f658       0x98 zephyr/subsys/bluetooth/controller/libsubsys__bluetooth__controller.a(ticker.c.obj)
                0x000000000000f658                ticker_init
 .text.ticker_trigger
                0x000000000000f6f0       0x30 zephyr/subsys/bluetooth/controller/libsubsys__bluetooth__controller.a(ticker.c.obj)
                0x000000000000f6f0                ticker_trigger
 .text.ticker_start_ext
                0x000000000000f720       0xac zephyr/subsys/bluetooth/controller/libsubsys__bluetooth__controller.a(ticker.c.obj)
                0x000000000000f720                ticker_start_ext
 .text.ticker_start
                0x000000000000f7cc       0x38 zephyr/subsys/bluetooth/controller/libsubsys__bluetooth__controller.a(ticker.c.obj)
                0x000000000000f7cc                ticker_start
 .text.ticker_update
                0x000000000000f804       0xa0 zephyr/subsys/bluetooth/controller/libsubsys__bluetooth__controller.a(ticker.c.obj)
                0x000000000000f804                ticker_update
 .text.ticker_stop
                0x000000000000f8a4       0x8c zephyr/subsys/bluetooth/controller/libsubsys__bluetooth__controller.a(ticker.c.obj)
                0x000000000000f8a4                ticker_stop
 .text.ticker_ticks_now_get
                0x000000000000f930        0x4 zephyr/subsys/bluetooth/controller/libsubsys__bluetooth__controller.a(ticker.c.obj)
                0x000000000000f930                ticker_ticks_now_get
 .text.ll_addr_get
                0x000000000000f934       0x3c zephyr/subsys/bluetooth/controller/libsubsys__bluetooth__controller.a(ll_addr.c.obj)
                0x000000000000f934                ll_addr_get
 .text.ll_addr_set
                0x000000000000f970       0x3c zephyr/subsys/bluetooth/controller/libsubsys__bluetooth__controller.a(ll_addr.c.obj)
                0x000000000000f970                ll_addr_set
 .text.ll_tx_pwr_lvl_get
                0x000000000000f9ac       0x20 zephyr/subsys/bluetooth/controller/libsubsys__bluetooth__controller.a(ll_tx_pwr.c.obj)
                0x000000000000f9ac                ll_tx_pwr_lvl_get
 .text.ll_tx_pwr_get
                0x000000000000f9cc        0x8 zephyr/subsys/bluetooth/controller/libsubsys__bluetooth__controller.a(ll_tx_pwr.c.obj)
                0x000000000000f9cc                ll_tx_pwr_get
 .text.hci_driver_init
                0x000000000000f9d4       0x10 zephyr/subsys/bluetooth/controller/libsubsys__bluetooth__controller.a(hci_driver.c.obj)
 .text.recv_thread
                0x000000000000f9e4       0xf0 zephyr/subsys/bluetooth/controller/libsubsys__bluetooth__controller.a(hci_driver.c.obj)
 .text.prio_recv_thread
                0x000000000000fad4       0x74 zephyr/subsys/bluetooth/controller/libsubsys__bluetooth__controller.a(hci_driver.c.obj)
 .text.hci_driver_send
                0x000000000000fb48       0xb0 zephyr/subsys/bluetooth/controller/libsubsys__bluetooth__controller.a(hci_driver.c.obj)
 .text.hci_driver_open
                0x000000000000fbf8       0xbc zephyr/subsys/bluetooth/controller/libsubsys__bluetooth__controller.a(hci_driver.c.obj)
 .text.meta_evt
                0x000000000000fcb4       0x30 zephyr/subsys/bluetooth/controller/libsubsys__bluetooth__controller.a(hci.c.obj)
 .text.le_remote_feat_complete
                0x000000000000fce4       0x6c zephyr/subsys/bluetooth/controller/libsubsys__bluetooth__controller.a(hci.c.obj)
 .text.encrypt_change.part.0
                0x000000000000fd50       0x34 zephyr/subsys/bluetooth/controller/libsubsys__bluetooth__controller.a(hci.c.obj)
 .text.bt_hci_evt_create
                0x000000000000fd84       0x28 zephyr/subsys/bluetooth/controller/libsubsys__bluetooth__controller.a(hci.c.obj)
                0x000000000000fd84                bt_hci_evt_create
 .text.bt_hci_cmd_complete_create
                0x000000000000fdac       0x28 zephyr/subsys/bluetooth/controller/libsubsys__bluetooth__controller.a(hci.c.obj)
                0x000000000000fdac                bt_hci_cmd_complete_create
 .text.bt_hci_cmd_status_create
                0x000000000000fdd4       0x28 zephyr/subsys/bluetooth/controller/libsubsys__bluetooth__controller.a(hci.c.obj)
                0x000000000000fdd4                bt_hci_cmd_status_create
 .text.hci_cmd_complete
                0x000000000000fdfc       0x20 zephyr/subsys/bluetooth/controller/libsubsys__bluetooth__controller.a(hci.c.obj)
                0x000000000000fdfc                hci_cmd_complete
 .text.hci_vendor_cmd_handle_common
                0x000000000000fe1c      0x11c zephyr/subsys/bluetooth/controller/libsubsys__bluetooth__controller.a(hci.c.obj)
                0x000000000000fe1c                hci_vendor_cmd_handle_common
 .text.hci_cmd_handle
                0x000000000000ff38      0x888 zephyr/subsys/bluetooth/controller/libsubsys__bluetooth__controller.a(hci.c.obj)
                0x000000000000ff38                hci_cmd_handle
 .text.hci_acl_handle
                0x00000000000107c0      0x130 zephyr/subsys/bluetooth/controller/libsubsys__bluetooth__controller.a(hci.c.obj)
                0x00000000000107c0                hci_acl_handle
 .text.hci_acl_encode
                0x00000000000108f0       0x74 zephyr/subsys/bluetooth/controller/libsubsys__bluetooth__controller.a(hci.c.obj)
                0x00000000000108f0                hci_acl_encode
 .text.hci_evt_encode
                0x0000000000010964      0x81c zephyr/subsys/bluetooth/controller/libsubsys__bluetooth__controller.a(hci.c.obj)
                0x0000000000010964                hci_evt_encode
 .text.hci_num_cmplt_encode
                0x0000000000011180       0x30 zephyr/subsys/bluetooth/controller/libsubsys__bluetooth__controller.a(hci.c.obj)
                0x0000000000011180                hci_num_cmplt_encode
 .text.hci_get_class
                0x00000000000111b0       0x2c zephyr/subsys/bluetooth/controller/libsubsys__bluetooth__controller.a(hci.c.obj)
                0x00000000000111b0                hci_get_class
 .text.hci_init
                0x00000000000111dc       0x40 zephyr/subsys/bluetooth/controller/libsubsys__bluetooth__controller.a(hci.c.obj)
                0x00000000000111dc                hci_init
 .text.bt_rand  0x000000000001121c        0x4 zephyr/subsys/bluetooth/controller/libsubsys__bluetooth__controller.a(crypto.c.obj)
                0x000000000001121c                bt_rand
 .text.bt_encrypt_le
                0x0000000000011220        0xc zephyr/subsys/bluetooth/controller/libsubsys__bluetooth__controller.a(crypto.c.obj)
                0x0000000000011220                bt_encrypt_le
 .text.perform_lll_reset
                0x000000000001122c       0x94 zephyr/subsys/bluetooth/controller/libsubsys__bluetooth__controller.a(ull.c.obj)
 .text.disabled_cb
                0x00000000000112c0        0x4 zephyr/subsys/bluetooth/controller/libsubsys__bluetooth__controller.a(ull.c.obj)
 .text.tx_cmplt_get
                0x00000000000112c4       0xcc zephyr/subsys/bluetooth/controller/libsubsys__bluetooth__controller.a(ull.c.obj)
 .text.rx_demux
                0x0000000000011390      0x3ac zephyr/subsys/bluetooth/controller/libsubsys__bluetooth__controller.a(ull.c.obj)
 .text.ll_init  0x000000000001173c      0x2e4 zephyr/subsys/bluetooth/controller/libsubsys__bluetooth__controller.a(ull.c.obj)
                0x000000000001173c                ll_init
 .text.ll_reset
                0x0000000000011a20      0x32c zephyr/subsys/bluetooth/controller/libsubsys__bluetooth__controller.a(ull.c.obj)
                0x0000000000011a20                ll_reset
 .text.ll_rx_get
                0x0000000000011d4c      0x1cc zephyr/subsys/bluetooth/controller/libsubsys__bluetooth__controller.a(ull.c.obj)
                0x0000000000011d4c                ll_rx_get
 .text.ll_rx_dequeue
                0x0000000000011f18       0xdc zephyr/subsys/bluetooth/controller/libsubsys__bluetooth__controller.a(ull.c.obj)
                0x0000000000011f18                ll_rx_dequeue
 .text.ll_rx_mem_release
                0x0000000000011ff4      0x324 zephyr/subsys/bluetooth/controller/libsubsys__bluetooth__controller.a(ull.c.obj)
                0x0000000000011ff4                ll_rx_mem_release
 .text.ll_rx_link_alloc
                0x0000000000012318        0xc zephyr/subsys/bluetooth/controller/libsubsys__bluetooth__controller.a(ull.c.obj)
                0x0000000000012318                ll_rx_link_alloc
 .text.ll_rx_link_release
                0x0000000000012324        0xc zephyr/subsys/bluetooth/controller/libsubsys__bluetooth__controller.a(ull.c.obj)
                0x0000000000012324                ll_rx_link_release
 .text.ll_rx_put
                0x0000000000012330       0x14 zephyr/subsys/bluetooth/controller/libsubsys__bluetooth__controller.a(ull.c.obj)
                0x0000000000012330                ll_rx_put
 .text.ll_rx_sched
                0x0000000000012344        0xc zephyr/subsys/bluetooth/controller/libsubsys__bluetooth__controller.a(ull.c.obj)
                0x0000000000012344                ll_rx_sched
 .text.ll_pdu_rx_alloc_peek
                0x0000000000012350       0x48 zephyr/subsys/bluetooth/controller/libsubsys__bluetooth__controller.a(ull.c.obj)
                0x0000000000012350                ll_pdu_rx_alloc_peek
 .text.ll_pdu_rx_alloc
                0x0000000000012398       0x30 zephyr/subsys/bluetooth/controller/libsubsys__bluetooth__controller.a(ull.c.obj)
                0x0000000000012398                ll_pdu_rx_alloc
 .text.ll_tx_ack_put
                0x00000000000123c8       0x60 zephyr/subsys/bluetooth/controller/libsubsys__bluetooth__controller.a(ull.c.obj)
                0x00000000000123c8                ll_tx_ack_put
 .text.ull_ticker_status_give
                0x0000000000012428        0xc zephyr/subsys/bluetooth/controller/libsubsys__bluetooth__controller.a(ull.c.obj)
                0x0000000000012428                ull_ticker_status_give
 .text.ull_ticker_status_take
                0x0000000000012434       0x1c zephyr/subsys/bluetooth/controller/libsubsys__bluetooth__controller.a(ull.c.obj)
                0x0000000000012434                ull_ticker_status_take
 .text.ull_disable_mark
                0x0000000000012450       0x18 zephyr/subsys/bluetooth/controller/libsubsys__bluetooth__controller.a(ull.c.obj)
                0x0000000000012450                ull_disable_mark
 .text.ull_disable_unmark
                0x0000000000012468       0x18 zephyr/subsys/bluetooth/controller/libsubsys__bluetooth__controller.a(ull.c.obj)
                0x0000000000012468                ull_disable_unmark
 .text.ull_disable_mark_get
                0x0000000000012480        0xc zephyr/subsys/bluetooth/controller/libsubsys__bluetooth__controller.a(ull.c.obj)
                0x0000000000012480                ull_disable_mark_get
 .text.ull_update_mark
                0x000000000001248c       0x18 zephyr/subsys/bluetooth/controller/libsubsys__bluetooth__controller.a(ull.c.obj)
                0x000000000001248c                ull_update_mark
 .text.ull_update_unmark
                0x00000000000124a4       0x18 zephyr/subsys/bluetooth/controller/libsubsys__bluetooth__controller.a(ull.c.obj)
                0x00000000000124a4                ull_update_unmark
 .text.ull_update_mark_get
                0x00000000000124bc        0xc zephyr/subsys/bluetooth/controller/libsubsys__bluetooth__controller.a(ull.c.obj)
                0x00000000000124bc                ull_update_mark_get
 .text.ull_disable
                0x00000000000124c8       0x7c zephyr/subsys/bluetooth/controller/libsubsys__bluetooth__controller.a(ull.c.obj)
                0x00000000000124c8                ull_disable
 .text.ull_pdu_rx_alloc_peek
                0x0000000000012544       0x3c zephyr/subsys/bluetooth/controller/libsubsys__bluetooth__controller.a(ull.c.obj)
                0x0000000000012544                ull_pdu_rx_alloc_peek
 .text.ull_pdu_rx_alloc
                0x0000000000012580       0x30 zephyr/subsys/bluetooth/controller/libsubsys__bluetooth__controller.a(ull.c.obj)
                0x0000000000012580                ull_pdu_rx_alloc
 .text.ull_rx_put
                0x00000000000125b0       0x20 zephyr/subsys/bluetooth/controller/libsubsys__bluetooth__controller.a(ull.c.obj)
                0x00000000000125b0                ull_rx_put
 .text.ull_rx_sched
                0x00000000000125d0       0x10 zephyr/subsys/bluetooth/controller/libsubsys__bluetooth__controller.a(ull.c.obj)
                0x00000000000125d0                ull_rx_sched
 .text.ull_prepare_enqueue
                0x00000000000125e0       0x70 zephyr/subsys/bluetooth/controller/libsubsys__bluetooth__controller.a(ull.c.obj)
                0x00000000000125e0                ull_prepare_enqueue
 .text.ull_prepare_dequeue_get
                0x0000000000012650       0x1c zephyr/subsys/bluetooth/controller/libsubsys__bluetooth__controller.a(ull.c.obj)
                0x0000000000012650                ull_prepare_dequeue_get
 .text.ull_prepare_dequeue_iter
                0x000000000001266c       0x3c zephyr/subsys/bluetooth/controller/libsubsys__bluetooth__controller.a(ull.c.obj)
                0x000000000001266c                ull_prepare_dequeue_iter
 .text.ull_event_done_extra_get
                0x00000000000126a8       0x20 zephyr/subsys/bluetooth/controller/libsubsys__bluetooth__controller.a(ull.c.obj)
                0x00000000000126a8                ull_event_done_extra_get
 .text.ull_event_done
                0x00000000000126c8       0x60 zephyr/subsys/bluetooth/controller/libsubsys__bluetooth__controller.a(ull.c.obj)
                0x00000000000126c8                ull_event_done
 .text.ticker_cb
                0x0000000000012728       0x9c zephyr/subsys/bluetooth/controller/libsubsys__bluetooth__controller.a(ull_scan.c.obj)
 .text.ull_scan_init
                0x00000000000127c4        0x4 zephyr/subsys/bluetooth/controller/libsubsys__bluetooth__controller.a(ull_scan.c.obj)
                0x00000000000127c4                ull_scan_init
 .text.ull_scan_disable
                0x00000000000127c8       0xe4 zephyr/subsys/bluetooth/controller/libsubsys__bluetooth__controller.a(ull_scan.c.obj)
                0x00000000000127c8                ull_scan_disable
 .text.disable.constprop.0
                0x00000000000128ac       0x3c zephyr/subsys/bluetooth/controller/libsubsys__bluetooth__controller.a(ull_scan.c.obj)
 .text.ll_scan_enable
                0x00000000000128e8       0x88 zephyr/subsys/bluetooth/controller/libsubsys__bluetooth__controller.a(ull_scan.c.obj)
                0x00000000000128e8                ll_scan_enable
 .text.ull_scan_reset
                0x0000000000012970        0xc zephyr/subsys/bluetooth/controller/libsubsys__bluetooth__controller.a(ull_scan.c.obj)
                0x0000000000012970                ull_scan_reset
 .text.ull_scan_handle_get
                0x000000000001297c       0x1c zephyr/subsys/bluetooth/controller/libsubsys__bluetooth__controller.a(ull_scan.c.obj)
                0x000000000001297c                ull_scan_handle_get
 .text.ull_scan_is_enabled_get
                0x0000000000012998       0x1c zephyr/subsys/bluetooth/controller/libsubsys__bluetooth__controller.a(ull_scan.c.obj)
                0x0000000000012998                ull_scan_is_enabled_get
 .text.ull_scan_is_disabled_get
                0x00000000000129b4       0x18 zephyr/subsys/bluetooth/controller/libsubsys__bluetooth__controller.a(ull_scan.c.obj)
                0x00000000000129b4                ull_scan_is_disabled_get
 .text.ull_scan_is_enabled
                0x00000000000129cc       0x30 zephyr/subsys/bluetooth/controller/libsubsys__bluetooth__controller.a(ull_scan.c.obj)
                0x00000000000129cc                ull_scan_is_enabled
 .text.ull_scan_filter_pol_get
                0x00000000000129fc       0x20 zephyr/subsys/bluetooth/controller/libsubsys__bluetooth__controller.a(ull_scan.c.obj)
                0x00000000000129fc                ull_scan_filter_pol_get
 .text.tx_ull_dequeue
                0x0000000000012a1c       0x84 zephyr/subsys/bluetooth/controller/libsubsys__bluetooth__controller.a(ull_conn.c.obj)
 .text.calc_eff_time
                0x0000000000012aa0       0x5c zephyr/subsys/bluetooth/controller/libsubsys__bluetooth__controller.a(ull_conn.c.obj)
 .text.init_reset
                0x0000000000012afc       0x78 zephyr/subsys/bluetooth/controller/libsubsys__bluetooth__controller.a(ull_conn.c.obj)
 .text.ctrl_tx_pause_enqueue
                0x0000000000012b74       0xb0 zephyr/subsys/bluetooth/controller/libsubsys__bluetooth__controller.a(ull_conn.c.obj)
 .text.tx_lll_flush
                0x0000000000012c24       0xf8 zephyr/subsys/bluetooth/controller/libsubsys__bluetooth__controller.a(ull_conn.c.obj)
 .text.ticker_start_conn_op_cb
                0x0000000000012d1c       0x58 zephyr/subsys/bluetooth/controller/libsubsys__bluetooth__controller.a(ull_conn.c.obj)
 .text.ticker_stop_conn_op_cb
                0x0000000000012d74       0x58 zephyr/subsys/bluetooth/controller/libsubsys__bluetooth__controller.a(ull_conn.c.obj)
 .text.ticker_update_conn_op_cb
                0x0000000000012dcc       0x40 zephyr/subsys/bluetooth/controller/libsubsys__bluetooth__controller.a(ull_conn.c.obj)
 .text.ticker_op_stop_cb
                0x0000000000012e0c       0x64 zephyr/subsys/bluetooth/controller/libsubsys__bluetooth__controller.a(ull_conn.c.obj)
 .text.reject_ext_ind_send.isra.0
                0x0000000000012e70       0xa4 zephyr/subsys/bluetooth/controller/libsubsys__bluetooth__controller.a(ull_conn.c.obj)
 .text.start_enc_rsp_send
                0x0000000000012f14       0xc4 zephyr/subsys/bluetooth/controller/libsubsys__bluetooth__controller.a(ull_conn.c.obj)
 .text.ctrl_tx_sec_enqueue
                0x0000000000012fd8      0x124 zephyr/subsys/bluetooth/controller/libsubsys__bluetooth__controller.a(ull_conn.c.obj)
 .text.feature_rsp_send.isra.0
                0x00000000000130fc       0xa0 zephyr/subsys/bluetooth/controller/libsubsys__bluetooth__controller.a(ull_conn.c.obj)
 .text.ll_conn_acquire
                0x000000000001319c        0xc zephyr/subsys/bluetooth/controller/libsubsys__bluetooth__controller.a(ull_conn.c.obj)
                0x000000000001319c                ll_conn_acquire
 .text.ll_conn_release
                0x00000000000131a8        0xc zephyr/subsys/bluetooth/controller/libsubsys__bluetooth__controller.a(ull_conn.c.obj)
                0x00000000000131a8                ll_conn_release
 .text.ll_conn_handle_get
                0x00000000000131b4       0x10 zephyr/subsys/bluetooth/controller/libsubsys__bluetooth__controller.a(ull_conn.c.obj)
                0x00000000000131b4                ll_conn_handle_get
 .text.ll_conn_get
                0x00000000000131c4       0x10 zephyr/subsys/bluetooth/controller/libsubsys__bluetooth__controller.a(ull_conn.c.obj)
                0x00000000000131c4                ll_conn_get
 .text.ll_connected_get
                0x00000000000131d4       0x28 zephyr/subsys/bluetooth/controller/libsubsys__bluetooth__controller.a(ull_conn.c.obj)
                0x00000000000131d4                ll_connected_get
 .text.ll_tx_mem_acquire
                0x00000000000131fc        0xc zephyr/subsys/bluetooth/controller/libsubsys__bluetooth__controller.a(ull_conn.c.obj)
                0x00000000000131fc                ll_tx_mem_acquire
 .text.ll_tx_mem_release
                0x0000000000013208        0xc zephyr/subsys/bluetooth/controller/libsubsys__bluetooth__controller.a(ull_conn.c.obj)
                0x0000000000013208                ll_tx_mem_release
 .text.ll_tx_mem_enqueue
                0x0000000000013214       0x64 zephyr/subsys/bluetooth/controller/libsubsys__bluetooth__controller.a(ull_conn.c.obj)
                0x0000000000013214                ll_tx_mem_enqueue
 .text.ll_conn_update
                0x0000000000013278      0x110 zephyr/subsys/bluetooth/controller/libsubsys__bluetooth__controller.a(ull_conn.c.obj)
                0x0000000000013278                ll_conn_update
 .text.ll_chm_get
                0x0000000000013388       0x48 zephyr/subsys/bluetooth/controller/libsubsys__bluetooth__controller.a(ull_conn.c.obj)
                0x0000000000013388                ll_chm_get
 .text.ll_terminate_ind_send
                0x00000000000133d0       0x3c zephyr/subsys/bluetooth/controller/libsubsys__bluetooth__controller.a(ull_conn.c.obj)
                0x00000000000133d0                ll_terminate_ind_send
 .text.ll_feature_req_send
                0x000000000001340c       0x3c zephyr/subsys/bluetooth/controller/libsubsys__bluetooth__controller.a(ull_conn.c.obj)
                0x000000000001340c                ll_feature_req_send
 .text.ll_version_ind_send
                0x0000000000013448       0x3c zephyr/subsys/bluetooth/controller/libsubsys__bluetooth__controller.a(ull_conn.c.obj)
                0x0000000000013448                ll_version_ind_send
 .text.ll_length_req_send
                0x0000000000013484       0x98 zephyr/subsys/bluetooth/controller/libsubsys__bluetooth__controller.a(ull_conn.c.obj)
                0x0000000000013484                ll_length_req_send
 .text.ll_length_default_get
                0x000000000001351c       0x18 zephyr/subsys/bluetooth/controller/libsubsys__bluetooth__controller.a(ull_conn.c.obj)
                0x000000000001351c                ll_length_default_get
 .text.ll_length_default_set
                0x0000000000013534       0x14 zephyr/subsys/bluetooth/controller/libsubsys__bluetooth__controller.a(ull_conn.c.obj)
                0x0000000000013534                ll_length_default_set
 .text.ll_length_max_get
                0x0000000000013548       0x14 zephyr/subsys/bluetooth/controller/libsubsys__bluetooth__controller.a(ull_conn.c.obj)
                0x0000000000013548                ll_length_max_get
 .text.ll_phy_get
                0x000000000001355c       0x44 zephyr/subsys/bluetooth/controller/libsubsys__bluetooth__controller.a(ull_conn.c.obj)
                0x000000000001355c                ll_phy_get
 .text.ll_phy_default_set
                0x00000000000135a0       0x14 zephyr/subsys/bluetooth/controller/libsubsys__bluetooth__controller.a(ull_conn.c.obj)
                0x00000000000135a0                ll_phy_default_set
 .text.ll_phy_req_send
                0x00000000000135b4       0xa4 zephyr/subsys/bluetooth/controller/libsubsys__bluetooth__controller.a(ull_conn.c.obj)
                0x00000000000135b4                ll_phy_req_send
 .text.ll_rssi_get
                0x0000000000013658       0x34 zephyr/subsys/bluetooth/controller/libsubsys__bluetooth__controller.a(ull_conn.c.obj)
                0x0000000000013658                ll_rssi_get
 .text.ll_apto_get
                0x000000000001368c       0x4c zephyr/subsys/bluetooth/controller/libsubsys__bluetooth__controller.a(ull_conn.c.obj)
                0x000000000001368c                ll_apto_get
 .text.ll_apto_set
                0x00000000000136d8       0x4c zephyr/subsys/bluetooth/controller/libsubsys__bluetooth__controller.a(ull_conn.c.obj)
                0x00000000000136d8                ll_apto_set
 .text.ull_conn_init
                0x0000000000013724        0x4 zephyr/subsys/bluetooth/controller/libsubsys__bluetooth__controller.a(ull_conn.c.obj)
                0x0000000000013724                ull_conn_init
 .text.ull_conn_reset
                0x0000000000013728       0xf4 zephyr/subsys/bluetooth/controller/libsubsys__bluetooth__controller.a(ull_conn.c.obj)
                0x0000000000013728                ull_conn_reset
 .text.ull_conn_default_tx_octets_get
                0x000000000001381c        0xc zephyr/subsys/bluetooth/controller/libsubsys__bluetooth__controller.a(ull_conn.c.obj)
                0x000000000001381c                ull_conn_default_tx_octets_get
 .text.ull_conn_default_tx_time_get
                0x0000000000013828        0xc zephyr/subsys/bluetooth/controller/libsubsys__bluetooth__controller.a(ull_conn.c.obj)
                0x0000000000013828                ull_conn_default_tx_time_get
 .text.ull_conn_default_phy_tx_get
                0x0000000000013834        0xc zephyr/subsys/bluetooth/controller/libsubsys__bluetooth__controller.a(ull_conn.c.obj)
                0x0000000000013834                ull_conn_default_phy_tx_get
 .text.ull_conn_default_phy_rx_get
                0x0000000000013840        0xc zephyr/subsys/bluetooth/controller/libsubsys__bluetooth__controller.a(ull_conn.c.obj)
                0x0000000000013840                ull_conn_default_phy_rx_get
 .text.ull_conn_setup
                0x000000000001384c       0x44 zephyr/subsys/bluetooth/controller/libsubsys__bluetooth__controller.a(ull_conn.c.obj)
                0x000000000001384c                ull_conn_setup
 .text.ull_conn_rx
                0x0000000000013890     0x1818 zephyr/subsys/bluetooth/controller/libsubsys__bluetooth__controller.a(ull_conn.c.obj)
                0x0000000000013890                ull_conn_rx
 .text.ull_conn_tx_demux
                0x00000000000150a8       0xac zephyr/subsys/bluetooth/controller/libsubsys__bluetooth__controller.a(ull_conn.c.obj)
                0x00000000000150a8                ull_conn_tx_demux
 .text.conn_cleanup
                0x0000000000015154       0xfc zephyr/subsys/bluetooth/controller/libsubsys__bluetooth__controller.a(ull_conn.c.obj)
 .text.ull_conn_done
                0x0000000000015250      0x298 zephyr/subsys/bluetooth/controller/libsubsys__bluetooth__controller.a(ull_conn.c.obj)
                0x0000000000015250                ull_conn_done
 .text.ull_conn_tx_lll_enqueue
                0x00000000000154e8      0x1ec zephyr/subsys/bluetooth/controller/libsubsys__bluetooth__controller.a(ull_conn.c.obj)
                0x00000000000154e8                ull_conn_tx_lll_enqueue
 .text.ull_conn_link_tx_release
                0x00000000000156d4        0xc zephyr/subsys/bluetooth/controller/libsubsys__bluetooth__controller.a(ull_conn.c.obj)
                0x00000000000156d4                ull_conn_link_tx_release
 .text.ull_conn_ack_last_idx_get
                0x00000000000156e0        0xc zephyr/subsys/bluetooth/controller/libsubsys__bluetooth__controller.a(ull_conn.c.obj)
                0x00000000000156e0                ull_conn_ack_last_idx_get
 .text.ull_conn_ack_peek
                0x00000000000156ec       0x34 zephyr/subsys/bluetooth/controller/libsubsys__bluetooth__controller.a(ull_conn.c.obj)
                0x00000000000156ec                ull_conn_ack_peek
 .text.ull_conn_ack_by_last_peek
                0x0000000000015720       0x2c zephyr/subsys/bluetooth/controller/libsubsys__bluetooth__controller.a(ull_conn.c.obj)
                0x0000000000015720                ull_conn_ack_by_last_peek
 .text.ull_conn_ack_dequeue
                0x000000000001574c       0x30 zephyr/subsys/bluetooth/controller/libsubsys__bluetooth__controller.a(ull_conn.c.obj)
                0x000000000001574c                ull_conn_ack_dequeue
 .text.ull_conn_lll_ack_enqueue
                0x000000000001577c       0x60 zephyr/subsys/bluetooth/controller/libsubsys__bluetooth__controller.a(ull_conn.c.obj)
                0x000000000001577c                ull_conn_lll_ack_enqueue
 .text.ull_conn_tx_ack
                0x00000000000157dc      0x36c zephyr/subsys/bluetooth/controller/libsubsys__bluetooth__controller.a(ull_conn.c.obj)
                0x00000000000157dc                ull_conn_tx_ack
 .text.ull_conn_llcp_req
                0x0000000000015b48       0x18 zephyr/subsys/bluetooth/controller/libsubsys__bluetooth__controller.a(ull_conn.c.obj)
                0x0000000000015b48                ull_conn_llcp_req
 .text.ull_conn_lll_max_tx_octets_get
                0x0000000000015b60       0x4c zephyr/subsys/bluetooth/controller/libsubsys__bluetooth__controller.a(ull_conn.c.obj)
                0x0000000000015b60                ull_conn_lll_max_tx_octets_get
 .text.set_winoffset
                0x0000000000015bac       0xf0 zephyr/subsys/bluetooth/controller/libsubsys__bluetooth__controller.a(ull_conn.c.obj)
                0x0000000000015bac                set_winoffset
 .text.ticker_op_stop_scan_cb
                0x0000000000015c9c        0x4 zephyr/subsys/bluetooth/controller/libsubsys__bluetooth__controller.a(ull_master.c.obj)
 .text.ticker_op_cb
                0x0000000000015ca0       0x30 zephyr/subsys/bluetooth/controller/libsubsys__bluetooth__controller.a(ull_master.c.obj)
 .text.ull_master_ticker_cb
                0x0000000000015cd0       0xb8 zephyr/subsys/bluetooth/controller/libsubsys__bluetooth__controller.a(ull_master.c.obj)
                0x0000000000015cd0                ull_master_ticker_cb
 .text.ll_create_connection
                0x0000000000015d88      0x40c zephyr/subsys/bluetooth/controller/libsubsys__bluetooth__controller.a(ull_master.c.obj)
                0x0000000000015d88                ll_create_connection
 .text.ll_connect_disable
                0x0000000000016194       0x8c zephyr/subsys/bluetooth/controller/libsubsys__bluetooth__controller.a(ull_master.c.obj)
                0x0000000000016194                ll_connect_disable
 .text.ll_chm_update