Archive member included to satisfy reference by file (symbol)

app/libapp.a(gatt_dm.c.obj)   (--whole-archive)
app/libapp.a(main.c.obj)      (--whole-archive)
app/libapp.a(throughput.c.obj)
                              (--whole-archive)
zephyr/libzephyr.a(crc32_sw.c.obj)
                              (--whole-archive)
zephyr/libzephyr.a(crc16_sw.c.obj)
                              (--whole-archive)
zephyr/libzephyr.a(crc8_sw.c.obj)
                              (--whole-archive)
zephyr/libzephyr.a(crc7_sw.c.obj)
                              (--whole-archive)
zephyr/libzephyr.a(dec.c.obj)
                              (--whole-archive)
zephyr/libzephyr.a(fdtable.c.obj)
                              (--whole-archive)
zephyr/libzephyr.a(hex.c.obj)
                              (--whole-archive)
zephyr/libzephyr.a(mempool.c.obj)
                              (--whole-archive)
zephyr/libzephyr.a(notify.c.obj)
                              (--whole-archive)
zephyr/libzephyr.a(printk.c.obj)
                              (--whole-archive)
zephyr/libzephyr.a(onoff.c.obj)
                              (--whole-archive)
zephyr/libzephyr.a(rb.c.obj)  (--whole-archive)
zephyr/libzephyr.a(sem.c.obj)
                              (--whole-archive)
zephyr/libzephyr.a(thread_entry.c.obj)
                              (--whole-archive)
zephyr/libzephyr.a(timeutil.c.obj)
                              (--whole-archive)
zephyr/libzephyr.a(work_q.c.obj)
                              (--whole-archive)
zephyr/libzephyr.a(heap.c.obj)
                              (--whole-archive)
zephyr/libzephyr.a(heap-validate.c.obj)
                              (--whole-archive)
zephyr/libzephyr.a(configs.c.obj)
                              (--whole-archive)
zephyr/libzephyr.a(validate_base_addresses.c.obj)
                              (--whole-archive)
zephyr/libzephyr.a(validate_enabled_instances.c.obj)
                              (--whole-archive)
zephyr/libzephyr.a(log_list.c.obj)
                              (--whole-archive)
zephyr/libzephyr.a(log_core.c.obj)
                              (--whole-archive)
zephyr/libzephyr.a(log_msg.c.obj)
                              (--whole-archive)
zephyr/libzephyr.a(log_output.c.obj)
                              (--whole-archive)
zephyr/libzephyr.a(log_backend_uart.c.obj)
                              (--whole-archive)
zephyr/libzephyr.a(log_backend_rtt.c.obj)
                              (--whole-archive)
zephyr/libzephyr.a(tty.c.obj)
                              (--whole-archive)
zephyr/libzephyr.a(getchar.c.obj)
                              (--whole-archive)
zephyr/libzephyr.a(addr_utils.c.obj)
                              (--whole-archive)
zephyr/libzephyr.a(power.c.obj)
                              (--whole-archive)
zephyr/libzephyr.a(policy_residency.c.obj)
                              (--whole-archive)
zephyr/libzephyr.a(uart_console.c.obj)
                              (--whole-archive)
zephyr/libzephyr.a(nrf_power_clock.c.obj)
                              (--whole-archive)
zephyr/libzephyr.a(sys_clock_init.c.obj)
                              (--whole-archive)
zephyr/libzephyr.a(nrf_rtc_timer.c.obj)
                              (--whole-archive)
zephyr/libzephyr.a(SEGGER_RTT.c.obj)
                              (--whole-archive)
zephyr/libzephyr.a(SEGGER_RTT_zephyr.c.obj)
                              (--whole-archive)
zephyr/libzephyr.a(utils.c.obj)
                              (--whole-archive)
zephyr/libzephyr.a(ecc_dh.c.obj)
                              (--whole-archive)
zephyr/libzephyr.a(ecc.c.obj)
                              (--whole-archive)
zephyr/libzephyr.a(aes_decrypt.c.obj)
                              (--whole-archive)
zephyr/libzephyr.a(aes_encrypt.c.obj)
                              (--whole-archive)
zephyr/libzephyr.a(cmac_mode.c.obj)
                              (--whole-archive)
zephyr/arch/common/libarch__common.a(isr_tables.c.obj)
                              (--whole-archive)
zephyr/arch/common/libarch__common.a(sw_isr_common.c.obj)
                              (--whole-archive)
zephyr/arch/arch/arm/core/aarch32/libarch__arm__core__aarch32.a(swap.c.obj)
                              (--whole-archive)
zephyr/arch/arch/arm/core/aarch32/libarch__arm__core__aarch32.a(swap_helper.S.obj)
                              (--whole-archive)
zephyr/arch/arch/arm/core/aarch32/libarch__arm__core__aarch32.a(irq_manage.c.obj)
                              (--whole-archive)
zephyr/arch/arch/arm/core/aarch32/libarch__arm__core__aarch32.a(thread.c.obj)
                              (--whole-archive)
zephyr/arch/arch/arm/core/aarch32/libarch__arm__core__aarch32.a(cpu_idle.S.obj)
                              (--whole-archive)
zephyr/arch/arch/arm/core/aarch32/libarch__arm__core__aarch32.a(fatal.c.obj)
                              (--whole-archive)
zephyr/arch/arch/arm/core/aarch32/libarch__arm__core__aarch32.a(nmi.c.obj)
[...]
Memory Configuration

Name             Origin             Length             Attributes
FLASH            0x0000000000000000 0x0000000000100000 xr
SRAM             0x0000000020000000 0x0000000000040000 xw
IDT_LIST         0x0000000020040000 0x0000000000000800 xw
*default*        0x0000000000000000 0xffffffffffffffff

Linker script and memory map

LOAD zephyr/CMakeFiles/zephyr_final.dir/misc/empty_file.c.obj
LOAD zephyr/CMakeFiles/zephyr_final.dir/isr_tables.c.obj
                0x0000000000000020                _region_min_align = 0x20

.rel.plt        0x0000000000000000        0x0
 *(SORT_BY_ALIGNMENT(.rel.plt))
                [!provide]                        PROVIDE (__rel_iplt_start = .)
 *(SORT_BY_ALIGNMENT(.rel.iplt))
 .rel.iplt      0x0000000000000000        0x0 zephyr/CMakeFiles/zephyr_final.dir/isr_tables.c.obj
                [!provide]                        PROVIDE (__rel_iplt_end = .)

.rela.plt       0x0000000000000000        0x0
 *(SORT_BY_ALIGNMENT(.rela.plt))
                [!provide]                        PROVIDE (__rela_iplt_start = .)
 *(SORT_BY_ALIGNMENT(.rela.iplt))
                [!provide]                        PROVIDE (__rela_iplt_end = .)

.rel.dyn
 *(SORT_BY_ALIGNMENT(.rel.*))

.rela.dyn
 *(SORT_BY_ALIGNMENT(.rela.*))

/DISCARD/
 *(SORT_BY_ALIGNMENT(.plt))
 *(SORT_BY_ALIGNMENT(.iplt))
 *(SORT_BY_ALIGNMENT(.got.plt))
 *(SORT_BY_ALIGNMENT(.igot.plt))
 *(SORT_BY_ALIGNMENT(.got))
 *(SORT_BY_ALIGNMENT(.igot))
 *(SORT_BY_ALIGNMENT(.irq_info))
 *(SORT_BY_ALIGNMENT(.intList))
 *(SORT_BY_ALIGNMENT(.note.GNU-stack))
                0x0000000000000000                _image_rom_start = 0x0

rom_start       0x0000000000000000      0x100
                0x0000000000000000                . = 0x0
                0x0000000000000000                . = ALIGN (0x4)
                0x0000000000000000                _vector_start = .
 *(SORT_BY_ALIGNMENT(.exc_vector_table))
 *(SORT_BY_ALIGNMENT(.exc_vector_table.*))
 .exc_vector_table._vector_table_section
                0x0000000000000000       0x40 zephyr/arch/arch/arm/core/aarch32/cortex_m/libarch__arm__core__aarch32__cortex_m.a(vector_table.S.obj)
                0x0000000000000000                _vector_table
 *(SORT_BY_ALIGNMENT(.gnu.linkonce.irq_vector_table))
 .gnu.linkonce.irq_vector_table
                0x0000000000000040       0xc0 zephyr/CMakeFiles/zephyr_final.dir/isr_tables.c.obj
                0x0000000000000040                _irq_vector_table
 *(SORT_BY_ALIGNMENT(.vectors))
                0x0000000000000100                _vector_end = .
 *(SORT_BY_ALIGNMENT(.openocd_dbg))
 *(SORT_BY_ALIGNMENT(.openocd_dbg.*))

text            0x0000000000000100    0x2339a
                0x0000000000000100                _image_text_start = .
 *(SORT_BY_ALIGNMENT(.text))
 .text          0x0000000000000100      0x378 /home/netlab/zephyr-sdk-0.11.2/arm-zephyr-eabi/bin/../lib/gcc/arm-zephyr-eabi/9.2.0/thumb/v7e-m/nofp/libgcc.a(_arm_addsubdf3.o)
                0x0000000000000100                __aeabi_drsub
                0x0000000000000108                __aeabi_dsub
                0x0000000000000108                __subdf3
                0x000000000000010c                __adddf3
                0x000000000000010c                __aeabi_dadd
                0x0000000000000384                __aeabi_ui2d
                0x0000000000000384                __floatunsidf
                0x00000000000003a4                __floatsidf
                0x00000000000003a4                __aeabi_i2d
                0x00000000000003c8                __extendsfdf2
                0x00000000000003c8                __aeabi_f2d
                0x000000000000040c                __aeabi_ul2d
                0x000000000000040c                __floatundidf
                0x000000000000041c                __floatdidf
                0x000000000000041c                __aeabi_l2d
 .text          0x0000000000000478      0x424 /home/netlab/zephyr-sdk-0.11.2/arm-zephyr-eabi/bin/../lib/gcc/arm-zephyr-eabi/9.2.0/thumb/v7e-m/nofp/libgcc.a(_arm_muldivdf3.o)
                0x0000000000000478                __aeabi_dmul
                0x0000000000000478                __muldf3
                0x00000000000006cc                __aeabi_ddiv
                0x00000000000006cc                __divdf3
 .text          0x000000000000089c      0x110 /home/netlab/zephyr-sdk-0.11.2/arm-zephyr-eabi/bin/../lib/gcc/arm-zephyr-eabi/9.2.0/thumb/v7e-m/nofp/libgcc.a(_arm_cmpdf2.o)
                0x000000000000089c                __gtdf2
                0x000000000000089c                __gedf2
                0x00000000000008a4                __ltdf2
                0x00000000000008a4                __ledf2
                0x00000000000008ac                __cmpdf2
                0x00000000000008ac                __eqdf2
                0x00000000000008ac                __nedf2
                0x0000000000000928                __aeabi_cdrcmple
                0x0000000000000938                __aeabi_cdcmple
                0x0000000000000938                __aeabi_cdcmpeq
                0x0000000000000948                __aeabi_dcmpeq
                0x000000000000095c                __aeabi_dcmplt
                0x0000000000000970                __aeabi_dcmple
                0x0000000000000984                __aeabi_dcmpge
                0x0000000000000998                __aeabi_dcmpgt
 .text          0x00000000000009ac       0x50 /home/netlab/zephyr-sdk-0.11.2/arm-zephyr-eabi/bin/../lib/gcc/arm-zephyr-eabi/9.2.0/thumb/v7e-m/nofp/libgcc.a(_arm_fixdfsi.o)
                0x00000000000009ac                __fixdfsi
                0x00000000000009ac                __aeabi_d2iz
 .text          0x00000000000009fc       0x40 /home/netlab/zephyr-sdk-0.11.2/arm-zephyr-eabi/bin/../lib/gcc/arm-zephyr-eabi/9.2.0/thumb/v7e-m/nofp/libgcc.a(_arm_fixunsdfsi.o)
                0x00000000000009fc                __fixunsdfsi
                0x00000000000009fc                __aeabi_d2uiz
 .text          0x0000000000000a3c       0x30 /home/netlab/zephyr-sdk-0.11.2/arm-zephyr-eabi/bin/../lib/gcc/arm-zephyr-eabi/9.2.0/thumb/v7e-m/nofp/libgcc.a(_aeabi_uldivmod.o)
                0x0000000000000a3c                __aeabi_uldivmod
 .text          0x0000000000000a6c      0x2c4 /home/netlab/zephyr-sdk-0.11.2/arm-zephyr-eabi/bin/../lib/gcc/arm-zephyr-eabi/9.2.0/thumb/v7e-m/nofp/libgcc.a(_udivmoddi4.o)
                0x0000000000000a6c                __udivmoddi4
 .text          0x0000000000000d30        0x4 /home/netlab/zephyr-sdk-0.11.2/arm-zephyr-eabi/bin/../lib/gcc/arm-zephyr-eabi/9.2.0/thumb/v7e-m/nofp/libgcc.a(_dvmd_tls.o)
                0x0000000000000d30                __aeabi_ldiv0
                0x0000000000000d30                __aeabi_idiv0
 *(SORT_BY_ALIGNMENT(.text.*))
 *fill*         0x0000000000000d34        0x4 
 .text.hci_init
                0x0000000000000d38      0x520 zephyr/subsys/bluetooth/host/libsubsys__bluetooth__host.a(hci_core.c.obj)
 .text.ll_scan_params_set
                0x0000000000001258       0x70 zephyr/subsys/bluetooth/controller/libsubsys__bluetooth__controller.a(ull_scan.c.obj)
                0x0000000000001258                ll_scan_params_set
 .text.ull_scan_params_set
                0x00000000000012c8       0x4c zephyr/subsys/bluetooth/controller/libsubsys__bluetooth__controller.a(ull_scan.c.obj)
                0x00000000000012c8                ull_scan_params_set
 *fill*         0x0000000000001314        0x4 
 .text.ull_scan_enable
                0x0000000000001318      0x13c zephyr/subsys/bluetooth/controller/libsubsys__bluetooth__controller.a(ull_scan.c.obj)
                0x0000000000001318                ull_scan_enable
 *fill*         0x0000000000001454        0x4 
 .text.ull_conn_llcp
                0x0000000000001458     0x1cd0 zephyr/subsys/bluetooth/controller/libsubsys__bluetooth__controller.a(ull_conn.c.obj)
                0x0000000000001458                ull_conn_llcp
 .text.ull_conn_done
                0x0000000000003128     0x1f74 zephyr/subsys/bluetooth/controller/libsubsys__bluetooth__controller.a(ull_conn.c.obj)
                0x0000000000003128                ull_conn_done
 *fill*         0x000000000000509c        0x4 
 .text.ull_master_setup
                0x00000000000050a0      0x29c zephyr/subsys/bluetooth/controller/libsubsys__bluetooth__controller.a(ull_master.c.obj)
                0x00000000000050a0                ull_master_setup
 *fill*         0x000000000000533c        0x4 
 .text.isr_rx   0x0000000000005340      0x61c zephyr/subsys/bluetooth/controller/libsubsys__bluetooth__controller.a(lll_scan.c.obj)
 .text.throughput_received
                0x000000000000595c       0x1c app/libapp.a(main.c.obj)
 .text.throughput_send
                0x0000000000005978       0x1c app/libapp.a(main.c.obj)
 .text.throughput_read
                0x0000000000005994       0x58 app/libapp.a(main.c.obj)
 .text.disconnected
                0x00000000000059ec       0x68 app/libapp.a(main.c.obj)
 .text.eir_found
                0x0000000000005a54       0xd0 app/libapp.a(main.c.obj)
 .text.bt_addr_le_to_str.constprop.0
                0x0000000000005b24       0x78 app/libapp.a(main.c.obj)
 .text.connected
                0x0000000000005b9c       0x60 app/libapp.a(main.c.obj)
 .text.device_found
                0x0000000000005bfc       0x28 app/libapp.a(main.c.obj)
 .text.start_scan
                0x0000000000005c24       0x58 app/libapp.a(main.c.obj)
                0x0000000000005c24                start_scan
 .text.main     0x0000000000005c7c       0xa8 app/libapp.a(main.c.obj)
                0x0000000000005c7c                main
 .text.write_callback
                0x0000000000005d24       0x44 app/libapp.a(throughput.c.obj)
 .text.read_callback
                0x0000000000005d68       0x68 app/libapp.a(throughput.c.obj)
 .text.bt_gatt_throughput_init
                0x0000000000005dd0       0x18 app/libapp.a(throughput.c.obj)
                0x0000000000005dd0                bt_gatt_throughput_init
 .text.print_digits
                0x0000000000005de8       0x98 zephyr/libzephyr.a(printk.c.obj)
 .text.char_out
                0x0000000000005e80       0x10 zephyr/libzephyr.a(printk.c.obj)
 .text.__printk_hook_install
                0x0000000000005e90        0xc zephyr/libzephyr.a(printk.c.obj)
                0x0000000000005e90                __printk_hook_install
 .text.z_vprintk
                0x0000000000005e9c      0x23c zephyr/libzephyr.a(printk.c.obj)
                0x0000000000005e9c                z_vprintk
 .text.vprintk  0x00000000000060d8       0x1c zephyr/libzephyr.a(printk.c.obj)
                0x00000000000060d8                vprintk
 .text.vsnprintk
                0x00000000000060f4       0x28 zephyr/libzephyr.a(printk.c.obj)
                0x00000000000060f4                vsnprintk
 .text.enable_logger
                0x000000000000611c       0x5c zephyr/libzephyr.a(log_core.c.obj)
 .text.log_process_thread_timer_expiry_fn
                0x0000000000006178        0xc zephyr/libzephyr.a(log_core.c.obj)
 .text.log_core_init
                0x0000000000006184       0x40 zephyr/libzephyr.a(log_core.c.obj)
                0x0000000000006184                log_core_init
 .text.dropped_notify
                0x00000000000061c4       0x4c zephyr/libzephyr.a(log_core.c.obj)
                0x00000000000061c4                dropped_notify
 .text.log_dropped
                0x0000000000006210       0x20 zephyr/libzephyr.a(log_core.c.obj)
                0x0000000000006210                log_dropped
 .text.log_source_name_get
                0x0000000000006230       0x1c zephyr/libzephyr.a(log_core.c.obj)
                0x0000000000006230                log_source_name_get
 .text.log_backend_enable
                0x000000000000624c       0x34 zephyr/libzephyr.a(log_core.c.obj)
                0x000000000000624c                log_backend_enable
 .text.log_init
                0x0000000000006280       0x54 zephyr/libzephyr.a(log_core.c.obj)
                0x0000000000006280                log_init
 .text.log_strdup
                0x00000000000062d4       0x6c zephyr/libzephyr.a(log_core.c.obj)
                0x00000000000062d4                log_strdup
 .text.log_is_strdup
                0x0000000000006340       0x1c zephyr/libzephyr.a(log_core.c.obj)
                0x0000000000006340                log_is_strdup
 .text.z_impl_log_process
                0x000000000000635c      0x170 zephyr/libzephyr.a(log_core.c.obj)
                0x000000000000635c                z_impl_log_process
 .text.msg_finalize
                0x00000000000064cc       0xc4 zephyr/libzephyr.a(log_core.c.obj)
 .text.log_process_thread_func
                0x0000000000006590       0x48 zephyr/libzephyr.a(log_core.c.obj)
 .text.z_impl_log_panic
                0x00000000000065d8       0x48 zephyr/libzephyr.a(log_core.c.obj)
                0x00000000000065d8                z_impl_log_panic
 .text.log_free
                0x0000000000006620       0x34 zephyr/libzephyr.a(log_core.c.obj)
                0x0000000000006620                log_free
 .text.log_msg_pool_init
                0x0000000000006654       0x14 zephyr/libzephyr.a(log_msg.c.obj)
                0x0000000000006654                log_msg_pool_init
 .text.log_msg_no_space_handle
                0x0000000000006668       0x30 zephyr/libzephyr.a(log_msg.c.obj)
                0x0000000000006668                log_msg_no_space_handle
 .text.log_msg_chunk_alloc
                0x0000000000006698       0x28 zephyr/libzephyr.a(log_msg.c.obj)
                0x0000000000006698                log_msg_chunk_alloc
 .text.msg_free
                0x00000000000066c0       0x7c zephyr/libzephyr.a(log_msg.c.obj)
 .text.print_formatted
                0x000000000000673c       0x24 zephyr/libzephyr.a(log_output.c.obj)
 .text.prefix_print
                0x0000000000006760      0x11c zephyr/libzephyr.a(log_output.c.obj)
 .text.postfix_print
                0x000000000000687c       0x3c zephyr/libzephyr.a(log_output.c.obj)
 .text.hexdump_line_print
                0x00000000000068b8       0xdc zephyr/libzephyr.a(log_output.c.obj)
 .text.log_output_msg_process
                0x0000000000006994       0xf4 zephyr/libzephyr.a(log_output.c.obj)
                0x0000000000006994                log_output_msg_process
 .text.log_output_dropped_process
                0x0000000000006a88       0x54 zephyr/libzephyr.a(log_output.c.obj)
                0x0000000000006a88                log_output_dropped_process
 .text.log_output_timestamp_freq_set
                0x0000000000006adc       0x30 zephyr/libzephyr.a(log_output.c.obj)
                0x0000000000006adc                log_output_timestamp_freq_set
 .text.panic    0x0000000000006b0c        0xc zephyr/libzephyr.a(log_backend_uart.c.obj)
 .text.dropped  0x0000000000006b18        0xc zephyr/libzephyr.a(log_backend_uart.c.obj)
 .text.log_backend_uart_init
                0x0000000000006b24       0x18 zephyr/libzephyr.a(log_backend_uart.c.obj)
 .text.put      0x0000000000006b3c       0x24 zephyr/libzephyr.a(log_backend_uart.c.obj)
 .text.log_backend_rtt_init
                0x0000000000006b60        0xc zephyr/libzephyr.a(log_backend_rtt.c.obj)
 .text.panic    0x0000000000006b6c       0x14 zephyr/libzephyr.a(log_backend_rtt.c.obj)
 .text.dropped  0x0000000000006b80        0xc zephyr/libzephyr.a(log_backend_rtt.c.obj)
 .text.put      0x0000000000006b8c       0x24 zephyr/libzephyr.a(log_backend_rtt.c.obj)
 .text.on_failed_write.part.0
                0x0000000000006bb0       0x1c zephyr/libzephyr.a(log_backend_rtt.c.obj)
 .text.data_out_block_mode
                0x0000000000006bcc       0xa0 zephyr/libzephyr.a(log_backend_rtt.c.obj)
 .text.console_out
                0x0000000000006c6c       0x34 zephyr/libzephyr.a(uart_console.c.obj)
 .text.uart_console_init
                0x0000000000006ca0       0x2c zephyr/libzephyr.a(uart_console.c.obj)
 .text.clkstarted_handle.constprop.0
                0x0000000000006ccc       0x50 zephyr/libzephyr.a(nrf_power_clock.c.obj)
 .text.nrf_power_clock_isr
                0x0000000000006d1c       0x64 zephyr/libzephyr.a(nrf_power_clock.c.obj)
                0x0000000000006d1c                nrf_power_clock_isr
 .text.handle_next_tick_case
                0x0000000000006d80       0x28 zephyr/libzephyr.a(nrf_rtc_timer.c.obj)
 .text.event_clear
                0x0000000000006da8       0x18 zephyr/libzephyr.a(nrf_rtc_timer.c.obj)
 .text.rtc_nrf_isr
                0x0000000000006dc0       0x2c zephyr/libzephyr.a(nrf_rtc_timer.c.obj)
                0x0000000000006dc0                rtc_nrf_isr
 .text.z_clock_driver_init
                0x0000000000006dec       0x64 zephyr/libzephyr.a(nrf_rtc_timer.c.obj)
                0x0000000000006dec                z_clock_driver_init
 .text.z_clock_set_timeout
                0x0000000000006e50       0xbc zephyr/libzephyr.a(nrf_rtc_timer.c.obj)
                0x0000000000006e50                z_clock_set_timeout
 .text.z_clock_elapsed
                0x0000000000006f0c       0x34 zephyr/libzephyr.a(nrf_rtc_timer.c.obj)
                0x0000000000006f0c                z_clock_elapsed
 .text.z_timer_cycle_get_32
                0x0000000000006f40       0x34 zephyr/libzephyr.a(nrf_rtc_timer.c.obj)
                0x0000000000006f40                z_timer_cycle_get_32
 .text._DoInit  0x0000000000006f74       0x60 zephyr/libzephyr.a(SEGGER_RTT.c.obj)
 .text.SEGGER_RTT_WriteSkipNoLock
                0x0000000000006fd4       0x98 zephyr/libzephyr.a(SEGGER_RTT.c.obj)
                0x0000000000006fd4                SEGGER_RTT_WriteSkipNoLock
 .text.SEGGER_RTT_HasDataUp
                0x000000000000706c       0x14 zephyr/libzephyr.a(SEGGER_RTT.c.obj)
                0x000000000000706c                SEGGER_RTT_HasDataUp
 .text.uECC_get_rng
                0x0000000000007080        0xc zephyr/libzephyr.a(ecc.c.obj)
                0x0000000000007080                uECC_get_rng
 .text.vli_mmod_fast_secp256r1
                0x000000000000708c      0x1a0 zephyr/libzephyr.a(ecc.c.obj)
                0x000000000000708c                vli_mmod_fast_secp256r1
 .text.tc_aes128_set_encrypt_key
                0x000000000000722c       0xa4 zephyr/libzephyr.a(aes_encrypt.c.obj)
                0x000000000000722c                tc_aes128_set_encrypt_key
 .text.tc_aes_encrypt
                0x00000000000072d0       0xd4 zephyr/libzephyr.a(aes_encrypt.c.obj)
                0x00000000000072d0                tc_aes_encrypt
 .text.arch_swap
                0x00000000000073a4       0x34 zephyr/arch/arch/arm/core/aarch32/libarch__arm__core__aarch32.a(swap.c.obj)
                0x00000000000073a4                arch_swap
 .text.z_arm_pendsv
                0x00000000000073d8       0x48 zephyr/arch/arch/arm/core/aarch32/libarch__arm__core__aarch32.a(swap_helper.S.obj)
                0x00000000000073d8                z_arm_pendsv
 .text.z_arm_svc
                0x0000000000007420       0x20 zephyr/arch/arch/arm/core/aarch32/libarch__arm__core__aarch32.a(swap_helper.S.obj)
                0x0000000000007420                z_arm_svc
 .text.arch_irq_enable
                0x0000000000007440       0x20 zephyr/arch/arch/arm/core/aarch32/libarch__arm__core__aarch32.a(irq_manage.c.obj)
                0x0000000000007440                arch_irq_enable
 .text.arch_irq_disable
                0x0000000000007460       0x28 zephyr/arch/arch/arm/core/aarch32/libarch__arm__core__aarch32.a(irq_manage.c.obj)
                0x0000000000007460                arch_irq_disable
 .text.arch_irq_is_enabled
                0x0000000000007488       0x1c zephyr/arch/arch/arm/core/aarch32/libarch__arm__core__aarch32.a(irq_manage.c.obj)
                0x0000000000007488                arch_irq_is_enabled
 .text.z_arm_irq_priority_set
                0x00000000000074a4       0x30 zephyr/arch/arch/arm/core/aarch32/libarch__arm__core__aarch32.a(irq_manage.c.obj)
                0x00000000000074a4                z_arm_irq_priority_set
 .text._arch_isr_direct_pm
                0x00000000000074d4       0x1c zephyr/arch/arch/arm/core/aarch32/libarch__arm__core__aarch32.a(irq_manage.c.obj)
                0x00000000000074d4                _arch_isr_direct_pm
 .text.arch_new_thread
                0x00000000000074f0       0x50 zephyr/arch/arch/arm/core/aarch32/libarch__arm__core__aarch32.a(thread.c.obj)
                0x00000000000074f0                arch_new_thread
 .text.arch_switch_to_main_thread
                0x0000000000007540       0x38 zephyr/arch/arch/arm/core/aarch32/libarch__arm__core__aarch32.a(thread.c.obj)
                0x0000000000007540                arch_switch_to_main_thread
 .text.z_arm_cpu_idle_init
                0x0000000000007578        0xc zephyr/arch/arch/arm/core/aarch32/libarch__arm__core__aarch32.a(cpu_idle.S.obj)
                0x0000000000007578                z_arm_cpu_idle_init
 .text.arch_cpu_idle
                0x0000000000007584       0x1c zephyr/arch/arch/arm/core/aarch32/libarch__arm__core__aarch32.a(cpu_idle.S.obj)
                0x0000000000007584                arch_cpu_idle
 .text.z_arm_fatal_error
                0x00000000000075a0       0x70 zephyr/arch/arch/arm/core/aarch32/libarch__arm__core__aarch32.a(fatal.c.obj)
                0x00000000000075a0                z_arm_fatal_error
 .text.z_SysNmiOnReset
                0x0000000000007610        0x8 zephyr/arch/arch/arm/core/aarch32/libarch__arm__core__aarch32.a(nmi_on_reset.S.obj)
                0x0000000000007610                z_SysNmiOnReset
 .text.z_arm_prep_c
                0x0000000000007618       0x44 zephyr/arch/arch/arm/core/aarch32/libarch__arm__core__aarch32.a(prep_c.c.obj)
                0x0000000000007618                z_arm_prep_c
 .text._isr_wrapper
                0x000000000000765c       0x40 zephyr/arch/arch/arm/core/aarch32/libarch__arm__core__aarch32.a(isr_wrapper.S.obj)
                0x000000000000765c                _isr_wrapper
 .text._reset_section
                0x000000000000769c       0x3c zephyr/arch/arch/arm/core/aarch32/cortex_m/libarch__arm__core__aarch32__cortex_m.a(reset.S.obj)
                0x000000000000769c                z_arm_reset
                0x000000000000769c                __start
 .text.__fault  0x00000000000076d8       0x14 zephyr/arch/arch/arm/core/aarch32/cortex_m/libarch__arm__core__aarch32__cortex_m.a(fault_s.S.obj)
                0x00000000000076d8                z_arm_bus_fault
                0x00000000000076d8                z_arm_usage_fault
                0x00000000000076d8                z_arm_mpu_fault
                0x00000000000076d8                z_arm_exc_spurious
                0x00000000000076d8                z_arm_debug_monitor
                0x00000000000076d8                z_arm_hard_fault
 .text.usage_fault.isra.0
                0x00000000000076ec       0xb8 zephyr/arch/arch/arm/core/aarch32/cortex_m/libarch__arm__core__aarch32__cortex_m.a(fault.c.obj)
 .text.mem_manage_fault.isra.0
                0x00000000000077a4       0xcc zephyr/arch/arch/arm/core/aarch32/cortex_m/libarch__arm__core__aarch32__cortex_m.a(fault.c.obj)
 .text.bus_fault.isra.0
                0x0000000000007870       0xdc zephyr/arch/arch/arm/core/aarch32/cortex_m/libarch__arm__core__aarch32__cortex_m.a(fault.c.obj)
 .text.z_arm_fault
                0x000000000000794c      0x198 zephyr/arch/arch/arm/core/aarch32/cortex_m/libarch__arm__core__aarch32__cortex_m.a(fault.c.obj)
                0x000000000000794c                z_arm_fault
 .text.z_arm_fault_init
                0x0000000000007ae4       0x10 zephyr/arch/arch/arm/core/aarch32/cortex_m/libarch__arm__core__aarch32__cortex_m.a(fault.c.obj)
                0x0000000000007ae4                z_arm_fault_init
 .text._HandlerModeExit
                0x0000000000007af4       0x1c zephyr/arch/arch/arm/core/aarch32/cortex_m/libarch__arm__core__aarch32__cortex_m.a(exc_exit.S.obj)
                0x0000000000007af4                z_arm_exc_exit
                0x0000000000007af4                z_arm_int_exit
 .text.z_arm_interrupt_init
                0x0000000000007b10       0x18 zephyr/arch/arch/arm/core/aarch32/cortex_m/libarch__arm__core__aarch32__cortex_m.a(irq_init.c.obj)
                0x0000000000007b10                z_arm_interrupt_init
 .text.z_impl_k_thread_abort
                0x0000000000007b28       0x4c zephyr/arch/arch/arm/core/aarch32/cortex_m/libarch__arm__core__aarch32__cortex_m.a(thread_abort.c.obj)
                0x0000000000007b28                z_impl_k_thread_abort
 .text.z_arm_configure_static_mpu_regions
                0x0000000000007b74       0x38 zephyr/arch/arch/arm/core/aarch32/cortex_m/mpu/libarch__arm__core__aarch32__cortex_m__mpu.a(arm_core_mpu.c.obj)
                0x0000000000007b74                z_arm_configure_static_mpu_regions
 .text.mpu_configure_regions
                0x0000000000007bac       0xc4 zephyr/arch/arch/arm/core/aarch32/cortex_m/mpu/libarch__arm__core__aarch32__cortex_m__mpu.a(arm_mpu.c.obj)
 .text.arm_core_mpu_enable
                0x0000000000007c70       0x14 zephyr/arch/arch/arm/core/aarch32/cortex_m/mpu/libarch__arm__core__aarch32__cortex_m__mpu.a(arm_mpu.c.obj)
                0x0000000000007c70                arm_core_mpu_enable
 .text.arm_core_mpu_disable
                0x0000000000007c84       0x10 zephyr/arch/arch/arm/core/aarch32/cortex_m/mpu/libarch__arm__core__aarch32__cortex_m__mpu.a(arm_mpu.c.obj)
                0x0000000000007c84                arm_core_mpu_disable
 .text.arm_mpu_init
                0x0000000000007c94       0x5c zephyr/arch/arch/arm/core/aarch32/cortex_m/mpu/libarch__arm__core__aarch32__cortex_m__mpu.a(arm_mpu.c.obj)
 .text.arm_core_mpu_configure_static_mpu_regions
                0x0000000000007cf0       0x14 zephyr/arch/arch/arm/core/aarch32/cortex_m/mpu/libarch__arm__core__aarch32__cortex_m__mpu.a(arm_mpu.c.obj)
                0x0000000000007cf0                arm_core_mpu_configure_static_mpu_regions
 .text.__stdout_hook_install
                0x0000000000007d04        0xc zephyr/lib/libc/minimal/liblib__libc__minimal.a(stdout_console.c.obj)
                0x0000000000007d04                __stdout_hook_install
 .text.nordicsemi_nrf52_init
                0x0000000000007d10       0x30 zephyr/soc/arm/nordic_nrf/nrf52/libsoc__arm__nordic_nrf__nrf52.a(soc.c.obj)
 .text.arch_busy_wait
                0x0000000000007d40       0x14 zephyr/soc/arm/nordic_nrf/nrf52/libsoc__arm__nordic_nrf__nrf52.a(soc.c.obj)
                0x0000000000007d40                arch_busy_wait
 .text.bt_hex_real
                0x0000000000007d54       0x44 zephyr/subsys/bluetooth/common/libsubsys__bluetooth__common.a(log.c.obj)
                0x0000000000007d54                bt_hex_real
 .text.bt_addr_le_str_real
                0x0000000000007d98       0x7c zephyr/subsys/bluetooth/common/libsubsys__bluetooth__common.a(log.c.obj)
                0x0000000000007d98                bt_addr_le_str_real
 .text.ecc_thread
                0x0000000000007e14      0x1c4 zephyr/subsys/bluetooth/host/libsubsys__bluetooth__host.a(hci_ecc.c.obj)
 .text.bt_hci_ecc_send
                0x0000000000007fd8      0x110 zephyr/subsys/bluetooth/host/libsubsys__bluetooth__host.a(hci_ecc.c.obj)
                0x0000000000007fd8                bt_hci_ecc_send
 .text.bt_hci_ecc_init
                0x00000000000080e8       0x48 zephyr/subsys/bluetooth/host/libsubsys__bluetooth__host.a(hci_ecc.c.obj)
                0x00000000000080e8                bt_hci_ecc_init
 .text.uuid_to_uuid128
                0x0000000000008130       0x7c zephyr/subsys/bluetooth/host/libsubsys__bluetooth__host.a(uuid.c.obj)
 .text.le_dhkey_complete
                0x00000000000081ac       0x20 zephyr/subsys/bluetooth/host/libsubsys__bluetooth__host.a(hci_core.c.obj)
 .text.ver_str  0x00000000000081cc       0x38 zephyr/subsys/bluetooth/host/libsubsys__bluetooth__host.a(hci_core.c.obj)
 .text.hci_data_buf_overflow
                0x0000000000008204       0x24 zephyr/subsys/bluetooth/host/libsubsys__bluetooth__host.a(hci_core.c.obj)
 .text.le_pkey_complete
                0x0000000000008228       0x50 zephyr/subsys/bluetooth/host/libsubsys__bluetooth__host.a(hci_core.c.obj)
 .text.le_data_len_change
                0x0000000000008278       0x3c zephyr/subsys/bluetooth/host/libsubsys__bluetooth__host.a(hci_core.c.obj)
 .text.le_conn_update_complete
                0x00000000000082b4       0x98 zephyr/subsys/bluetooth/host/libsubsys__bluetooth__host.a(hci_core.c.obj)
 .text.hci_vendor_event
                0x000000000000834c       0x38 zephyr/subsys/bluetooth/host/libsubsys__bluetooth__host.a(hci_core.c.obj)
 .text.update_sec_level
                0x0000000000008384       0x64 zephyr/subsys/bluetooth/host/libsubsys__bluetooth__host.a(hci_core.c.obj)
 .text.hci_encrypt_key_refresh_complete
                0x00000000000083e8       0x84 zephyr/subsys/bluetooth/host/libsubsys__bluetooth__host.a(hci_core.c.obj)
 .text.hci_encrypt_change
                0x000000000000846c       0x8c zephyr/subsys/bluetooth/host/libsubsys__bluetooth__host.a(hci_core.c.obj)
 .text.handle_event
                0x00000000000084f8       0x84 zephyr/subsys/bluetooth/host/libsubsys__bluetooth__host.a(hci_core.c.obj)
 .text.hci_le_meta_event
                0x000000000000857c       0x20 zephyr/subsys/bluetooth/host/libsubsys__bluetooth__host.a(hci_core.c.obj)
 .text.hci_cmd_done
                0x000000000000859c       0xf4 zephyr/subsys/bluetooth/host/libsubsys__bluetooth__host.a(hci_core.c.obj)
 .text.id_find  0x0000000000008690       0x34 zephyr/subsys/bluetooth/host/libsubsys__bluetooth__host.a(hci_core.c.obj)
 .text.hci_tx_thread
                0x00000000000086c4      0x188 zephyr/subsys/bluetooth/host/libsubsys__bluetooth__host.a(hci_core.c.obj)
 .text.hci_num_completed_packets
                0x000000000000884c      0x134 zephyr/subsys/bluetooth/host/libsubsys__bluetooth__host.a(hci_core.c.obj)
 .text.hci_cmd_status
                0x0000000000008980       0x2c zephyr/subsys/bluetooth/host/libsubsys__bluetooth__host.a(hci_core.c.obj)
 .text.hci_cmd_complete
                0x00000000000089ac       0x30 zephyr/subsys/bluetooth/host/libsubsys__bluetooth__host.a(hci_core.c.obj)
 .text.bt_hci_cmd_create
                0x00000000000089dc       0x70 zephyr/subsys/bluetooth/host/libsubsys__bluetooth__host.a(hci_core.c.obj)
                0x00000000000089dc                bt_hci_cmd_create
 .text.bt_hci_cmd_send
                0x0000000000008a4c       0x64 zephyr/subsys/bluetooth/host/libsubsys__bluetooth__host.a(hci_core.c.obj)
                0x0000000000008a4c                bt_hci_cmd_send
 .text.le_ltk_request
                0x0000000000008ab0       0xc0 zephyr/subsys/bluetooth/host/libsubsys__bluetooth__host.a(hci_core.c.obj)
 .text.le_conn_param_neg_reply
                0x0000000000008b70       0x54 zephyr/subsys/bluetooth/host/libsubsys__bluetooth__host.a(hci_core.c.obj)
 .text.le_conn_param_req
                0x0000000000008bc4       0xd0 zephyr/subsys/bluetooth/host/libsubsys__bluetooth__host.a(hci_core.c.obj)
 .text.bt_hci_cmd_send_sync
                0x0000000000008c94       0xf0 zephyr/subsys/bluetooth/host/libsubsys__bluetooth__host.a(hci_core.c.obj)
                0x0000000000008c94                bt_hci_cmd_send_sync
 .text.hci_le_read_max_data_len
                0x0000000000008d84       0x54 zephyr/subsys/bluetooth/host/libsubsys__bluetooth__host.a(hci_core.c.obj)
 .text.set_random_address
                0x0000000000008dd8       0x5c zephyr/subsys/bluetooth/host/libsubsys__bluetooth__host.a(hci_core.c.obj)
 .text.le_create_conn_set_random_addr.isra.0
                0x0000000000008e34       0x24 zephyr/subsys/bluetooth/host/libsubsys__bluetooth__host.a(hci_core.c.obj)
 .text.set_le_adv_enable_legacy
                0x0000000000008e58       0x5c zephyr/subsys/bluetooth/host/libsubsys__bluetooth__host.a(hci_core.c.obj)
 .text.set_le_scan_enable_legacy
                0x0000000000008eb4       0x78 zephyr/subsys/bluetooth/host/libsubsys__bluetooth__host.a(hci_core.c.obj)
 .text.start_le_scan_legacy
                0x0000000000008f2c       0x98 zephyr/subsys/bluetooth/host/libsubsys__bluetooth__host.a(hci_core.c.obj)
 .text.bt_le_create_conn_legacy
                0x0000000000008fc4       0xd8 zephyr/subsys/bluetooth/host/libsubsys__bluetooth__host.a(hci_core.c.obj)
                0x0000000000008fc4                bt_le_create_conn_legacy
 .text.bt_le_create_conn_cancel
                0x000000000000909c       0x48 zephyr/subsys/bluetooth/host/libsubsys__bluetooth__host.a(hci_core.c.obj)
                0x000000000000909c                bt_le_create_conn_cancel
 .text.conn_auto_initiate
                0x00000000000090e4       0xe8 zephyr/subsys/bluetooth/host/libsubsys__bluetooth__host.a(hci_core.c.obj)
 .text.le_phy_update_complete
                0x00000000000091cc       0x64 zephyr/subsys/bluetooth/host/libsubsys__bluetooth__host.a(hci_core.c.obj)
 .text.le_remote_feat_complete
                0x0000000000009230       0x60 zephyr/subsys/bluetooth/host/libsubsys__bluetooth__host.a(hci_core.c.obj)
 .text.bt_id_add
                0x0000000000009290      0x1bc zephyr/subsys/bluetooth/host/libsubsys__bluetooth__host.a(hci_core.c.obj)
                0x0000000000009290                bt_id_add
 .text.bt_id_del
                0x000000000000944c      0x154 zephyr/subsys/bluetooth/host/libsubsys__bluetooth__host.a(hci_core.c.obj)
                0x000000000000944c                bt_id_del
 .text.bt_le_scan_update
                0x00000000000095a0       0x7c zephyr/subsys/bluetooth/host/libsubsys__bluetooth__host.a(hci_core.c.obj)
                0x00000000000095a0                bt_le_scan_update
 .text.hci_disconn_complete
                0x000000000000961c       0x74 zephyr/subsys/bluetooth/host/libsubsys__bluetooth__host.a(hci_core.c.obj)
 .text.le_adv_report
                0x0000000000009690      0x1fc zephyr/subsys/bluetooth/host/libsubsys__bluetooth__host.a(hci_core.c.obj)
 .text.enh_conn_complete
                0x000000000000988c      0x1c0 zephyr/subsys/bluetooth/host/libsubsys__bluetooth__host.a(hci_core.c.obj)
 .text.bt_data_parse
                0x0000000000009a4c       0x6c zephyr/subsys/bluetooth/host/libsubsys__bluetooth__host.a(hci_core.c.obj)
                0x0000000000009a4c                bt_data_parse
 .text.id_create.isra.0
                0x0000000000009ab8       0x58 zephyr/subsys/bluetooth/host/libsubsys__bluetooth__host.a(hci_core.c.obj)
 .text.bt_recv  0x0000000000009b10      0x154 zephyr/subsys/bluetooth/host/libsubsys__bluetooth__host.a(hci_core.c.obj)
                0x0000000000009b10                bt_recv
 .text.bt_recv_prio
                0x0000000000009c64       0xac zephyr/subsys/bluetooth/host/libsubsys__bluetooth__host.a(hci_core.c.obj)
                0x0000000000009c64                bt_recv_prio
 .text.bt_hci_driver_register
                0x0000000000009d10       0x28 zephyr/subsys/bluetooth/host/libsubsys__bluetooth__host.a(hci_core.c.obj)
                0x0000000000009d10                bt_hci_driver_register
 .text.bt_finalize_init
                0x0000000000009d38       0xe0 zephyr/subsys/bluetooth/host/libsubsys__bluetooth__host.a(hci_core.c.obj)
                0x0000000000009d38                bt_finalize_init
 .text.bt_get_name
                0x0000000000009e18        0x8 zephyr/subsys/bluetooth/host/libsubsys__bluetooth__host.a(hci_core.c.obj)
                0x0000000000009e18                bt_get_name
 .text.bt_id_create
                0x0000000000009e20       0x8c zephyr/subsys/bluetooth/host/libsubsys__bluetooth__host.a(hci_core.c.obj)
                0x0000000000009e20                bt_id_create
 .text.bt_setup_public_id_addr
                0x0000000000009eac       0xa0 zephyr/subsys/bluetooth/host/libsubsys__bluetooth__host.a(hci_core.c.obj)
                0x0000000000009eac                bt_setup_public_id_addr
 .text.bt_read_static_addr
                0x0000000000009f4c       0xb4 zephyr/subsys/bluetooth/host/libsubsys__bluetooth__host.a(hci_core.c.obj)
                0x0000000000009f4c                bt_read_static_addr
 .text.bt_setup_random_id_addr
                0x000000000000a000       0x58 zephyr/subsys/bluetooth/host/libsubsys__bluetooth__host.a(hci_core.c.obj)
                0x000000000000a000                bt_setup_random_id_addr
 .text.bt_enable
                0x000000000000a058       0xfc zephyr/subsys/bluetooth/host/libsubsys__bluetooth__host.a(hci_core.c.obj)
                0x000000000000a058                bt_enable
 .text.init_work
                0x000000000000a154       0x2c zephyr/subsys/bluetooth/host/libsubsys__bluetooth__host.a(hci_core.c.obj)
 .text.bt_le_scan_start
                0x000000000000a180       0xb0 zephyr/subsys/bluetooth/host/libsubsys__bluetooth__host.a(hci_core.c.obj)
                0x000000000000a180                bt_le_scan_start
 .text.bt_le_scan_stop
                0x000000000000a230       0x2c zephyr/subsys/bluetooth/host/libsubsys__bluetooth__host.a(hci_core.c.obj)
                0x000000000000a230                bt_le_scan_stop
 .text.bt_buf_get_rx
                0x000000000000a25c       0x20 zephyr/subsys/bluetooth/host/libsubsys__bluetooth__host.a(hci_core.c.obj)
                0x000000000000a25c                bt_buf_get_rx
 .text.bt_buf_get_cmd_complete
                0x000000000000a27c       0x4c zephyr/subsys/bluetooth/host/libsubsys__bluetooth__host.a(hci_core.c.obj)
                0x000000000000a27c                bt_buf_get_cmd_complete
 .text.bt_buf_get_evt
                0x000000000000a2c8       0x54 zephyr/subsys/bluetooth/host/libsubsys__bluetooth__host.a(hci_core.c.obj)
                0x000000000000a2c8                bt_buf_get_evt
 .text.bt_pub_key_gen
                0x000000000000a31c       0xa0 zephyr/subsys/bluetooth/host/libsubsys__bluetooth__host.a(hci_core.c.obj)
                0x000000000000a31c                bt_pub_key_gen
 .text.bt_pub_key_get
                0x000000000000a3bc       0x1c zephyr/subsys/bluetooth/host/libsubsys__bluetooth__host.a(hci_core.c.obj)
                0x000000000000a3bc                bt_pub_key_get
 .text.bt_dh_key_gen
                0x000000000000a3d8       0x74 zephyr/subsys/bluetooth/host/libsubsys__bluetooth__host.a(hci_core.c.obj)
                0x000000000000a3d8                bt_dh_key_gen
 .text.tx_free  0x000000000000a44c       0x14 zephyr/subsys/bluetooth/host/libsubsys__bluetooth__host.a(conn.c.obj)
 .text.notify_connected
                0x000000000000a460       0x2c zephyr/subsys/bluetooth/host/libsubsys__bluetooth__host.a(conn.c.obj)
 .text.send_frag
                0x000000000000a48c      0x130 zephyr/subsys/bluetooth/host/libsubsys__bluetooth__host.a(conn.c.obj)
 .text.conn_update_timeout
                0x000000000000a5bc       0x6c zephyr/subsys/bluetooth/host/libsubsys__bluetooth__host.a(conn.c.obj)
 .text.conn_cleanup
                0x000000000000a628       0x44 zephyr/subsys/bluetooth/host/libsubsys__bluetooth__host.a(conn.c.obj)
 .text.bt_conn_get_pkts
                0x000000000000a66c        0x8 zephyr/subsys/bluetooth/host/libsubsys__bluetooth__host.a(conn.c.obj)
                0x000000000000a66c                bt_conn_get_pkts
 .text.notify_le_param_updated
                0x000000000000a674       0x68 zephyr/subsys/bluetooth/host/libsubsys__bluetooth__host.a(conn.c.obj)
                0x000000000000a674                notify_le_param_updated
 .text.le_param_req
                0x000000000000a6dc       0x40 zephyr/subsys/bluetooth/host/libsubsys__bluetooth__host.a(conn.c.obj)
                0x000000000000a6dc                le_param_req
 .text.bt_conn_identity_resolved
                0x000000000000a71c       0x34 zephyr/subsys/bluetooth/host/libsubsys__bluetooth__host.a(conn.c.obj)
                0x000000000000a71c                bt_conn_identity_resolved
 .text.bt_conn_security_changed
                0x000000000000a750       0x24 zephyr/subsys/bluetooth/host/libsubsys__bluetooth__host.a(conn.c.obj)
                0x000000000000a750                bt_conn_security_changed
 .text.bt_conn_cb_register
                0x000000000000a774       0x10 zephyr/subsys/bluetooth/host/libsubsys__bluetooth__host.a(conn.c.obj)
                0x000000000000a774                bt_conn_cb_register
 .text.bt_conn_recv
                0x000000000000a784      0x134 zephyr/subsys/bluetooth/host/libsubsys__bluetooth__host.a(conn.c.obj)
                0x000000000000a784                bt_conn_recv
 .text.bt_conn_send_cb
                0x000000000000a8b8       0xd8 zephyr/subsys/bluetooth/host/libsubsys__bluetooth__host.a(conn.c.obj)
                0x000000000000a8b8                bt_conn_send_cb
 .text.bt_conn_prepare_events
                0x000000000000a990       0x94 zephyr/subsys/bluetooth/host/libsubsys__bluetooth__host.a(conn.c.obj)
                0x000000000000a990                bt_conn_prepare_events
 .text.bt_conn_add_le
                0x000000000000aa24       0xe4 zephyr/subsys/bluetooth/host/libsubsys__bluetooth__host.a(conn.c.obj)
                0x000000000000aa24                bt_conn_add_le
 .text.bt_conn_set_state
                0x000000000000ab08      0x200 zephyr/subsys/bluetooth/host/libsubsys__bluetooth__host.a(conn.c.obj)
                0x000000000000ab08                bt_conn_set_state
 .text.bt_conn_lookup_handle
                0x000000000000ad08       0x48 zephyr/subsys/bluetooth/host/libsubsys__bluetooth__host.a(conn.c.obj)
                0x000000000000ad08                bt_conn_lookup_handle
 .text.bt_conn_lookup_addr_le
                0x000000000000ad50       0x4c zephyr/subsys/bluetooth/host/libsubsys__bluetooth__host.a(conn.c.obj)
                0x000000000000ad50                bt_conn_lookup_addr_le
 .text.bt_conn_exists_le
                0x000000000000ad9c       0x4c zephyr/subsys/bluetooth/host/libsubsys__bluetooth__host.a(conn.c.obj)
                0x000000000000ad9c                bt_conn_exists_le
 .text.bt_conn_lookup_state_le
                0x000000000000ade8       0x64 zephyr/subsys/bluetooth/host/libsubsys__bluetooth__host.a(conn.c.obj)
                0x000000000000ade8                bt_conn_lookup_state_le
 .text.bt_conn_get_info
                0x000000000000ae4c       0x58 zephyr/subsys/bluetooth/host/libsubsys__bluetooth__host.a(conn.c.obj)
                0x000000000000ae4c                bt_conn_get_info
 .text.bt_conn_le_create
                0x000000000000aea4      0x158 zephyr/subsys/bluetooth/host/libsubsys__bluetooth__host.a(conn.c.obj)
                0x000000000000aea4                bt_conn_le_create
 .text.bt_le_set_auto_conn
                0x000000000000affc       0xf0 zephyr/subsys/bluetooth/host/libsubsys__bluetooth__host.a(conn.c.obj)
                0x000000000000affc                bt_le_set_auto_conn
 .text.bt_conn_disconnect
                0x000000000000b0ec       0x98 zephyr/subsys/bluetooth/host/libsubsys__bluetooth__host.a(conn.c.obj)
                0x000000000000b0ec                bt_conn_disconnect
 .text.bt_conn_create_pdu_timeout
                0x000000000000b184       0x48 zephyr/subsys/bluetooth/host/libsubsys__bluetooth__host.a(conn.c.obj)
                0x000000000000b184                bt_conn_create_pdu_timeout
 .text.bt_conn_create_frag_timeout
                0x000000000000b1cc        0xc zephyr/subsys/bluetooth/host/libsubsys__bluetooth__host.a(conn.c.obj)
                0x000000000000b1cc                bt_conn_create_frag_timeout
 .text.create_frag.isra.0
                0x000000000000b1d8       0x6c zephyr/subsys/bluetooth/host/libsubsys__bluetooth__host.a(conn.c.obj)
 .text.bt_conn_process_tx
                0x000000000000b244       0xd0 zephyr/subsys/bluetooth/host/libsubsys__bluetooth__host.a(conn.c.obj)
                0x000000000000b244                bt_conn_process_tx
 .text.bt_conn_index
                0x000000000000b314       0x18 zephyr/subsys/bluetooth/host/libsubsys__bluetooth__host.a(conn.c.obj)
                0x000000000000b314                bt_conn_index
 .text.bt_conn_lookup_index
                0x000000000000b32c       0x34 zephyr/subsys/bluetooth/host/libsubsys__bluetooth__host.a(conn.c.obj)
                0x000000000000b32c                bt_conn_lookup_index
 .text.bt_conn_init
                0x000000000000b360       0x6c zephyr/subsys/bluetooth/host/libsubsys__bluetooth__host.a(conn.c.obj)
                0x000000000000b360                bt_conn_init
 .text.get_ident
                0x000000000000b3cc       0x18 zephyr/subsys/bluetooth/host/libsubsys__bluetooth__host.a(l2cap.c.obj)
 .text.l2cap_server_lookup_psm
                0x000000000000b3e4       0x28 zephyr/subsys/bluetooth/host/libsubsys__bluetooth__host.a(l2cap.c.obj)
 .text.l2cap_accept
                0x000000000000b40c       0x54 zephyr/subsys/bluetooth/host/libsubsys__bluetooth__host.a(l2cap.c.obj)
 .text.l2cap_create_le_sig_pdu.isra.0
                0x000000000000b460       0x60 zephyr/subsys/bluetooth/host/libsubsys__bluetooth__host.a(l2cap.c.obj)
 .text.l2cap_chan_tx_init
                0x000000000000b4c0       0x40 zephyr/subsys/bluetooth/host/libsubsys__bluetooth__host.a(l2cap.c.obj)
 .text.k_work_submit_to_queue.constprop.0
                0x000000000000b500       0x30 zephyr/subsys/bluetooth/host/libsubsys__bluetooth__host.a(l2cap.c.obj)
 .text.l2cap_rtx_timeout
                0x000000000000b530       0x50 zephyr/subsys/bluetooth/host/libsubsys__bluetooth__host.a(l2cap.c.obj)
 .text.l2cap_chan_le_send
                0x000000000000b580      0x1d8 zephyr/subsys/bluetooth/host/libsubsys__bluetooth__host.a(l2cap.c.obj)
 .text.l2cap_chan_send_req
                0x000000000000b758       0x20 zephyr/subsys/bluetooth/host/libsubsys__bluetooth__host.a(l2cap.c.obj)
 .text.l2cap_chan_send_credits.isra.0
                0x000000000000b778       0xe8 zephyr/subsys/bluetooth/host/libsubsys__bluetooth__host.a(l2cap.c.obj)
 .text.l2cap_chan_add
                0x000000000000b860       0xb8 zephyr/subsys/bluetooth/host/libsubsys__bluetooth__host.a(l2cap.c.obj)
 .text.bt_l2cap_connected
                0x000000000000b918       0x74 zephyr/subsys/bluetooth/host/libsubsys__bluetooth__host.a(l2cap.c.obj)
                0x000000000000b918                bt_l2cap_connected
 .text.l2cap_chan_accept
                0x000000000000b98c       0xdc zephyr/subsys/bluetooth/host/libsubsys__bluetooth__host.a(l2cap.c.obj)
 .text.l2cap_chan_le_recv_seg
                0x000000000000ba68      0x168 zephyr/subsys/bluetooth/host/libsubsys__bluetooth__host.a(l2cap.c.obj)
 .text.l2cap_chan_le_recv
                0x000000000000bbd0       0xf8 zephyr/subsys/bluetooth/host/libsubsys__bluetooth__host.a(l2cap.c.obj)
 .text.bt_l2cap_recv
                0x000000000000bcc8       0xe0 zephyr/subsys/bluetooth/host/libsubsys__bluetooth__host.a(l2cap.c.obj)
                0x000000000000bcc8                bt_l2cap_recv
 .text.l2cap_recv
                0x000000000000bda8      0x7b8 zephyr/subsys/bluetooth/host/libsubsys__bluetooth__host.a(l2cap.c.obj)
 .text.att_cfm_sent
                0x000000000000c560       0x10 zephyr/subsys/bluetooth/host/libsubsys__bluetooth__host.a(att.c.obj)
 .text.att_rsp_sent
                0x000000000000c570       0x10 zephyr/subsys/bluetooth/host/libsubsys__bluetooth__host.a(att.c.obj)
 .text.att_req_sent
                0x000000000000c580       0x10 zephyr/subsys/bluetooth/host/libsubsys__bluetooth__host.a(att.c.obj)
 .text.bt_att_released
                0x000000000000c590       0x18 zephyr/subsys/bluetooth/host/libsubsys__bluetooth__host.a(att.c.obj)
 .text.read_group_cb
                0x000000000000c5a8       0xa8 zephyr/subsys/bluetooth/host/libsubsys__bluetooth__host.a(att.c.obj)
 .text.read_type_cb
                0x000000000000c650       0xa4 zephyr/subsys/bluetooth/host/libsubsys__bluetooth__host.a(att.c.obj)
 .text.find_type_cb
                0x000000000000c6f4      0x164 zephyr/subsys/bluetooth/host/libsubsys__bluetooth__host.a(att.c.obj)
 .text.att_get  0x000000000000c858       0x80 zephyr/subsys/bluetooth/host/libsubsys__bluetooth__host.a(att.c.obj)
 .text.chan_req_sent
                0x000000000000c8d8       0x1c zephyr/subsys/bluetooth/host/libsubsys__bluetooth__host.a(att.c.obj)
 .text.bt_att_accept
                0x000000000000c8f4       0xd8 zephyr/subsys/bluetooth/host/libsubsys__bluetooth__host.a(att.c.obj)
 .text.bt_att_connected
                0x000000000000c9cc       0x64 zephyr/subsys/bluetooth/host/libsubsys__bluetooth__host.a(att.c.obj)
 .text.prep_write_cb
                0x000000000000ca30       0x7c zephyr/subsys/bluetooth/host/libsubsys__bluetooth__host.a(att.c.obj)
 .text.chan_send
                0x000000000000caac       0xb8 zephyr/subsys/bluetooth/host/libsubsys__bluetooth__host.a(att.c.obj)
 .text.bt_att_chan_create_pdu
                0x000000000000cb64       0x88 zephyr/subsys/bluetooth/host/libsubsys__bluetooth__host.a(att.c.obj)
                0x000000000000cb64                bt_att_chan_create_pdu
 .text.att_indicate
                0x000000000000cbec       0x3c zephyr/subsys/bluetooth/host/libsubsys__bluetooth__host.a(att.c.obj)
 .text.send_err_rsp.part.0
                0x000000000000cc28       0x40 zephyr/subsys/bluetooth/host/libsubsys__bluetooth__host.a(att.c.obj)
 .text.bt_att_recv
                0x000000000000cc68      0x158 zephyr/subsys/bluetooth/host/libsubsys__bluetooth__host.a(att.c.obj)
 .text.att_write_rsp
                0x000000000000cdc0       0xd0 zephyr/subsys/bluetooth/host/libsubsys__bluetooth__host.a(att.c.obj)
 .text.bt_att_create_pdu
                0x000000000000ce90       0x70 zephyr/subsys/bluetooth/host/libsubsys__bluetooth__host.a(att.c.obj)
                0x000000000000ce90                bt_att_create_pdu
 .text.att_exec_write_req
                0x000000000000cf00       0x84 zephyr/subsys/bluetooth/host/libsubsys__bluetooth__host.a(att.c.obj)
 .text.att_prepare_write_req
                0x000000000000cf84       0xe4 zephyr/subsys/bluetooth/host/libsubsys__bluetooth__host.a(att.c.obj)
 .text.att_read_group_req
                0x000000000000d068      0x108 zephyr/subsys/bluetooth/host/libsubsys__bluetooth__host.a(att.c.obj)
 .text.att_read_mult_req
                0x000000000000d170       0x8c zephyr/subsys/bluetooth/host/libsubsys__bluetooth__host.a(att.c.obj)
 .text.att_read_rsp
                0x000000000000d1fc       0x98 zephyr/subsys/bluetooth/host/libsubsys__bluetooth__host.a(att.c.obj)
 .text.att_read_type_req
                0x000000000000d294       0xc8 zephyr/subsys/bluetooth/host/libsubsys__bluetooth__host.a(att.c.obj)
 .text.att_find_type_req
                0x000000000000d35c       0xdc zephyr/subsys/bluetooth/host/libsubsys__bluetooth__host.a(att.c.obj)
 .text.att_find_info_req
                0x000000000000d438       0x78 zephyr/subsys/bluetooth/host/libsubsys__bluetooth__host.a(att.c.obj)
 .text.att_mtu_req
                0x000000000000d4b0       0x6c zephyr/subsys/bluetooth/host/libsubsys__bluetooth__host.a(att.c.obj)
 .text.bt_att_req_alloc
                0x000000000000d51c       0x2c zephyr/subsys/bluetooth/host/libsubsys__bluetooth__host.a(att.c.obj)
                0x000000000000d51c                bt_att_req_alloc
 .text.bt_att_req_free
                0x000000000000d548       0x18 zephyr/subsys/bluetooth/host/libsubsys__bluetooth__host.a(att.c.obj)
                0x000000000000d548                bt_att_req_free
 .text.att_handle_rsp
                0x000000000000d560       0xf4 zephyr/subsys/bluetooth/host/libsubsys__bluetooth__host.a(att.c.obj)
 .text.att_error_rsp
                0x000000000000d654       0x78 zephyr/subsys/bluetooth/host/libsubsys__bluetooth__host.a(att.c.obj)
 .text.bt_att_encrypt_change
                0x000000000000d6cc       0x68 zephyr/subsys/bluetooth/host/libsubsys__bluetooth__host.a(att.c.obj)
 .text.att_reset
                0x000000000000d734       0x78 zephyr/subsys/bluetooth/host/libsubsys__bluetooth__host.a(att.c.obj)
 .text.att_timeout
                0x000000000000d7ac       0x48 zephyr/subsys/bluetooth/host/libsubsys__bluetooth__host.a(att.c.obj)
 .text.bt_att_req_cancel
                0x000000000000d7f4       0x60 zephyr/subsys/bluetooth/host/libsubsys__bluetooth__host.a(att.c.obj)
                0x000000000000d7f4                bt_att_req_cancel
 .text.find_static_attr
                0x000000000000d854       0x48 zephyr/subsys/bluetooth/host/libsubsys__bluetooth__host.a(gatt.c.obj)
 .text.notify_mult_process
                0x000000000000d89c       0x30 zephyr/subsys/bluetooth/host/libsubsys__bluetooth__host.a(gatt.c.obj)
 .text.gatt_send.constprop.0
                0x000000000000d8cc       0x78 zephyr/subsys/bluetooth/host/libsubsys__bluetooth__host.a(gatt.c.obj)
 .text.gatt_indicate
                0x000000000000d944       0x80 zephyr/subsys/bluetooth/host/libsubsys__bluetooth__host.a(gatt.c.obj)
 .text.gatt_sub_find_free
                0x000000000000d9c4       0x54 zephyr/subsys/bluetooth/host/libsubsys__bluetooth__host.a(gatt.c.obj)
 .text.find_sc_cfg
                0x000000000000da18       0x44 zephyr/subsys/bluetooth/host/libsubsys__bluetooth__host.a(gatt.c.obj)
 .text.sc_save  0x000000000000da5c       0x70 zephyr/subsys/bluetooth/host/libsubsys__bluetooth__host.a(gatt.c.obj)
 .text.find_cf_cfg
                0x000000000000dacc       0x44 zephyr/subsys/bluetooth/host/libsubsys__bluetooth__host.a(gatt.c.obj)
 .text.gatt_notify
                0x000000000000db10      0x154 zephyr/subsys/bluetooth/host/libsubsys__bluetooth__host.a(gatt.c.obj)
 .text.notify_cb
                0x000000000000dc64       0xf4 zephyr/subsys/bluetooth/host/libsubsys__bluetooth__host.a(gatt.c.obj)
 .text.bt_gatt_attr_write_ccc
                0x000000000000dd58       0xd4 zephyr/subsys/bluetooth/host/libsubsys__bluetooth__host.a(gatt.c.obj)
                0x000000000000dd58                bt_gatt_attr_write_ccc
 .text.gatt_write_ccc.constprop.0
                0x000000000000de2c       0x68 zephyr/subsys/bluetooth/host/libsubsys__bluetooth__host.a(gatt.c.obj)
 .text.cf_write
                0x000000000000de94       0xc0 zephyr/subsys/bluetooth/host/libsubsys__bluetooth__host.a(gatt.c.obj)
 .text.sc_indicate_rsp
                0x000000000000df54       0x60 zephyr/subsys/bluetooth/host/libsubsys__bluetooth__host.a(gatt.c.obj)
 .text.disconnected_cb
                0x000000000000dfb4       0xbc zephyr/subsys/bluetooth/host/libsubsys__bluetooth__host.a(gatt.c.obj)
 .text.bt_gatt_init
                0x000000000000e070       0x88 zephyr/subsys/bluetooth/host/libsubsys__bluetooth__host.a(gatt.c.obj)
                0x000000000000e070                bt_gatt_init
 .text.bt_gatt_attr_value_handle
                0x000000000000e0f8       0x30 zephyr/subsys/bluetooth/host/libsubsys__bluetooth__host.a(gatt.c.obj)
                0x000000000000e0f8                bt_gatt_attr_value_handle
 .text.bt_gatt_foreach_attr_type
                0x000000000000e128       0xc0 zephyr/subsys/bluetooth/host/libsubsys__bluetooth__host.a(gatt.c.obj)
                0x000000000000e128                bt_gatt_foreach_attr_type
 .text.db_hash_gen.isra.0
                0x000000000000e1e8       0x90 zephyr/subsys/bluetooth/host/libsubsys__bluetooth__host.a(gatt.c.obj)
 .text.bt_gatt_indicate
                0x000000000000e278       0xf8 zephyr/subsys/bluetooth/host/libsubsys__bluetooth__host.a(gatt.c.obj)
                0x000000000000e278                bt_gatt_indicate
 .text.sc_process
                0x000000000000e370       0x68 zephyr/subsys/bluetooth/host/libsubsys__bluetooth__host.a(gatt.c.obj)
 .text.update_ccc
                0x000000000000e3d8      0x130 zephyr/subsys/bluetooth/host/libsubsys__bluetooth__host.a(gatt.c.obj)
 .text.bt_gatt_mult_notification
                0x000000000000e508       0xc0 zephyr/subsys/bluetooth/host/libsubsys__bluetooth__host.a(gatt.c.obj)
                0x000000000000e508                bt_gatt_mult_notification
 .text.bt_gatt_connected
                0x000000000000e5c8       0x80 zephyr/subsys/bluetooth/host/libsubsys__bluetooth__host.a(gatt.c.obj)
                0x000000000000e5c8                bt_gatt_connected
 .text.bt_gatt_encrypt_change
                0x000000000000e648       0x20 zephyr/subsys/bluetooth/host/libsubsys__bluetooth__host.a(gatt.c.obj)
                0x000000000000e648                bt_gatt_encrypt_change
 .text.db_hash_read
                0x000000000000e668       0x4c zephyr/subsys/bluetooth/host/libsubsys__bluetooth__host.a(gatt.c.obj)
 .text.bt_gatt_disconnected
                0x000000000000e6b4       0xd8 zephyr/subsys/bluetooth/host/libsubsys__bluetooth__host.a(gatt.c.obj)
                0x000000000000e6b4                bt_gatt_disconnected
 .text.get_io_capa
                0x000000000000e78c       0x4c zephyr/subsys/bluetooth/host/libsubsys__bluetooth__host.a(smp.c.obj)
 .text.smp_ident_info
                0x000000000000e7d8       0x70 zephyr/subsys/bluetooth/host/libsubsys__bluetooth__host.a(smp.c.obj)
 .text.smp_encrypt_info
                0x000000000000e848       0x70 zephyr/subsys/bluetooth/host/libsubsys__bluetooth__host.a(smp.c.obj)
 .text.smp_chan_get
                0x000000000000e8b8       0x30 zephyr/subsys/bluetooth/host/libsubsys__bluetooth__host.a(smp.c.obj)
 .text.bt_smp_accept
                0x000000000000e8e8       0x54 zephyr/subsys/bluetooth/host/libsubsys__bluetooth__host.a(smp.c.obj)
 .text.smp_send.isra.0
                0x000000000000e93c       0x30 zephyr/subsys/bluetooth/host/libsubsys__bluetooth__host.a(smp.c.obj)
 .text.compute_and_send_master_dhcheck
                0x000000000000e96c      0x170 zephyr/subsys/bluetooth/host/libsubsys__bluetooth__host.a(smp.c.obj)
 .text.sc_send_public_key
                0x000000000000eadc       0x44 zephyr/subsys/bluetooth/host/libsubsys__bluetooth__host.a(smp.c.obj)
 .text.smp_send_pairing_req
                0x000000000000eb20      0x1ac zephyr/subsys/bluetooth/host/libsubsys__bluetooth__host.a(smp.c.obj)
 .text.smp_security_request
                0x000000000000eccc      0x104 zephyr/subsys/bluetooth/host/libsubsys__bluetooth__host.a(smp.c.obj)
 .text.bt_smp_distribute_keys
                0x000000000000edd0      0x14c zephyr/subsys/bluetooth/host/libsubsys__bluetooth__host.a(smp.c.obj)
 .text.smp_pairing_complete
                0x000000000000ef1c       0x94 zephyr/subsys/bluetooth/host/libsubsys__bluetooth__host.a(smp.c.obj)
 .text.bt_smp_dhkey_ready
                0x000000000000efb0       0x9c zephyr/subsys/bluetooth/host/libsubsys__bluetooth__host.a(smp.c.obj)
 .text.bt_smp_recv
                0x000000000000f04c      0x100 zephyr/subsys/bluetooth/host/libsubsys__bluetooth__host.a(smp.c.obj)
 .text.bt_smp_pkey_ready
                0x000000000000f14c       0x7c zephyr/subsys/bluetooth/host/libsubsys__bluetooth__host.a(smp.c.obj)
 .text.smp_timeout
                0x000000000000f1c8       0x3c zephyr/subsys/bluetooth/host/libsubsys__bluetooth__host.a(smp.c.obj)
 .text.smp_pairing_failed
                0x000000000000f204       0x68 zephyr/subsys/bluetooth/host/libsubsys__bluetooth__host.a(smp.c.obj)
 .text.smp_master_ident
                0x000000000000f26c       0xcc zephyr/subsys/bluetooth/host/libsubsys__bluetooth__host.a(smp.c.obj)
 .text.bt_smp_connected
                0x000000000000f338       0x1c zephyr/subsys/bluetooth/host/libsubsys__bluetooth__host.a(smp.c.obj)
 .text.smp_send_pairing_confirm
                0x000000000000f354       0x90 zephyr/subsys/bluetooth/host/libsubsys__bluetooth__host.a(smp.c.obj)
 .text.smp_public_key
                0x000000000000f3e4      0x1bc zephyr/subsys/bluetooth/host/libsubsys__bluetooth__host.a(smp.c.obj)
 .text.smp_pairing_rsp
                0x000000000000f5a0      0x388 zephyr/subsys/bluetooth/host/libsubsys__bluetooth__host.a(smp.c.obj)
 .text.smp_pairing_random
                0x000000000000f928      0x268 zephyr/subsys/bluetooth/host/libsubsys__bluetooth__host.a(smp.c.obj)
 .text.smp_ident_addr_info
                0x000000000000fb90      0x158 zephyr/subsys/bluetooth/host/libsubsys__bluetooth__host.a(smp.c.obj)
 .text.bt_smp_update_keys
                0x000000000000fce8      0x120 zephyr/subsys/bluetooth/host/libsubsys__bluetooth__host.a(smp.c.obj)
                0x000000000000fce8                bt_smp_update_keys
 .text.bt_smp_init
                0x000000000000fe08       0x2c zephyr/subsys/bluetooth/host/libsubsys__bluetooth__host.a(smp.c.obj)
                0x000000000000fe08                bt_smp_init
 .text.bt_keys_get_addr
                0x000000000000fe34       0x50 zephyr/subsys/bluetooth/host/libsubsys__bluetooth__host.a(keys.c.obj)
                0x000000000000fe34                bt_keys_get_addr
 .text.bt_keys_foreach
                0x000000000000fe84       0x1c zephyr/subsys/bluetooth/host/libsubsys__bluetooth__host.a(keys.c.obj)
                0x000000000000fe84                bt_keys_foreach
 .text.bt_keys_find
                0x000000000000fea0       0x2c zephyr/subsys/bluetooth/host/libsubsys__bluetooth__host.a(keys.c.obj)
                0x000000000000fea0                bt_keys_find
 .text.bt_keys_find_irk
                0x000000000000fecc       0x74 zephyr/subsys/bluetooth/host/libsubsys__bluetooth__host.a(keys.c.obj)
                0x000000000000fecc                bt_keys_find_irk
 .text.bt_keys_find_addr
                0x000000000000ff40       0x20 zephyr/subsys/bluetooth/host/libsubsys__bluetooth__host.a(keys.c.obj)
                0x000000000000ff40                bt_keys_find_addr
 .text.mem_init
                0x000000000000ff60       0x5c zephyr/subsys/bluetooth/controller/libsubsys__bluetooth__controller.a(mem.c.obj)
                0x000000000000ff60                mem_init
 .text.mem_acquire
                0x000000000000ffbc       0x34 zephyr/subsys/bluetooth/controller/libsubsys__bluetooth__controller.a(mem.c.obj)
                0x000000000000ffbc                mem_acquire
 .text.mem_release
                0x000000000000fff0       0x30 zephyr/subsys/bluetooth/controller/libsubsys__bluetooth__controller.a(mem.c.obj)
                0x000000000000fff0                mem_release
 .text.mem_get  0x0000000000010020        0x8 zephyr/subsys/bluetooth/controller/libsubsys__bluetooth__controller.a(mem.c.obj)
                0x0000000000010020                mem_get
 .text.mem_index_get
                0x0000000000010028        0xc zephyr/subsys/bluetooth/controller/libsubsys__bluetooth__controller.a(mem.c.obj)
                0x0000000000010028                mem_index_get
 .text.mem_rcopy
                0x0000000000010034       0x1c zephyr/subsys/bluetooth/controller/libsubsys__bluetooth__controller.a(mem.c.obj)
                0x0000000000010034                mem_rcopy
 .text.mem_nz   0x0000000000010050       0x18 zephyr/subsys/bluetooth/controller/libsubsys__bluetooth__controller.a(mem.c.obj)
                0x0000000000010050                mem_nz
 .text.memq_init
                0x0000000000010068        0x8 zephyr/subsys/bluetooth/controller/libsubsys__bluetooth__controller.a(memq.c.obj)
                0x0000000000010068                memq_init
 .text.memq_deinit
                0x0000000000010070       0x14 zephyr/subsys/bluetooth/controller/libsubsys__bluetooth__controller.a(memq.c.obj)
                0x0000000000010070                memq_deinit
 .text.memq_enqueue
                0x0000000000010084       0x10 zephyr/subsys/bluetooth/controller/libsubsys__bluetooth__controller.a(memq.c.obj)
                0x0000000000010084                memq_enqueue
 .text.memq_peek
                0x0000000000010094       0x10 zephyr/subsys/bluetooth/controller/libsubsys__bluetooth__controller.a(memq.c.obj)
                0x0000000000010094                memq_peek
 .text.memq_dequeue
                0x00000000000100a4       0x20 zephyr/subsys/bluetooth/controller/libsubsys__bluetooth__controller.a(memq.c.obj)
                0x00000000000100a4                memq_dequeue
 .text.mayfly_init
                0x00000000000100c4       0x40 zephyr/subsys/bluetooth/controller/libsubsys__bluetooth__controller.a(mayfly.c.obj)
                0x00000000000100c4                mayfly_init
 .text.mayfly_enable
                0x0000000000010104       0x68 zephyr/subsys/bluetooth/controller/libsubsys__bluetooth__controller.a(mayfly.c.obj)
                0x0000000000010104                mayfly_enable
 .text.mayfly_enqueue
                0x000000000001016c       0xa8 zephyr/subsys/bluetooth/controller/libsubsys__bluetooth__controller.a(mayfly.c.obj)
                0x000000000001016c                mayfly_enqueue
 .text.mayfly_run
                0x0000000000010214      0x144 zephyr/subsys/bluetooth/controller/libsubsys__bluetooth__controller.a(mayfly.c.obj)
                0x0000000000010214                mayfly_run
 .text.util_ones_count_get
                0x0000000000010358       0x30 zephyr/subsys/bluetooth/controller/libsubsys__bluetooth__controller.a(util.c.obj)
                0x0000000000010358                util_ones_count_get
 .text.util_aa_le32
                0x0000000000010388      0x2c0 zephyr/subsys/bluetooth/controller/libsubsys__bluetooth__controller.a(util.c.obj)
                0x0000000000010388                util_aa_le32
 .text.ticker_worker
                0x0000000000010648      0x284 zephyr/subsys/bluetooth/controller/libsubsys__bluetooth__controller.a(ticker.c.obj)
                0x0000000000010648                ticker_worker
 .text.ticker_job
                0x00000000000108cc      0xe44 zephyr/subsys/bluetooth/controller/libsubsys__bluetooth__controller.a(ticker.c.obj)
                0x00000000000108cc                ticker_job
 .text.ticker_init
                0x0000000000011710       0x98 zephyr/subsys/bluetooth/controller/libsubsys__bluetooth__controller.a(ticker.c.obj)
                0x0000000000011710                ticker_init
 .text.ticker_trigger
                0x00000000000117a8       0x30 zephyr/subsys/bluetooth/controller/libsubsys__bluetooth__controller.a(ticker.c.obj)
                0x00000000000117a8                ticker_trigger
 .text.ticker_start_ext
                0x00000000000117d8       0xac zephyr/subsys/bluetooth/controller/libsubsys__bluetooth__controller.a(ticker.c.obj)
                0x00000000000117d8                ticker_start_ext
 .text.ticker_start
                0x0000000000011884       0x38 zephyr/subsys/bluetooth/controller/libsubsys__bluetooth__controller.a(ticker.c.obj)
                0x0000000000011884                ticker_start
 .text.ticker_update
                0x00000000000118bc       0xa0 zephyr/subsys/bluetooth/controller/libsubsys__bluetooth__controller.a(ticker.c.obj)
                0x00000000000118bc                ticker_update
 .text.ticker_stop
                0x000000000001195c       0x8c zephyr/subsys/bluetooth/controller/libsubsys__bluetooth__controller.a(ticker.c.obj)
                0x000000000001195c                ticker_stop
 .text.ticker_ticks_now_get
                0x00000000000119e8        0x4 zephyr/subsys/bluetooth/controller/libsubsys__bluetooth__controller.a(ticker.c.obj)
                0x00000000000119e8                ticker_ticks_now_get
 .text.ll_addr_get
                0x00000000000119ec       0x3c zephyr/subsys/bluetooth/controller/libsubsys__bluetooth__controller.a(ll_addr.c.obj)
                0x00000000000119ec                ll_addr_get
 .text.ll_addr_set
                0x0000000000011a28       0x3c zephyr/subsys/bluetooth/controller/libsubsys__bluetooth__controller.a(ll_addr.c.obj)
                0x0000000000011a28                ll_addr_set
 .text.ll_tx_pwr_lvl_get
                0x0000000000011a64       0x20 zephyr/subsys/bluetooth/controller/libsubsys__bluetooth__controller.a(ll_tx_pwr.c.obj)
                0x0000000000011a64                ll_tx_pwr_lvl_get
 .text.ll_tx_pwr_get
                0x0000000000011a84        0x8 zephyr/subsys/bluetooth/controller/libsubsys__bluetooth__controller.a(ll_tx_pwr.c.obj)
                0x0000000000011a84                ll_tx_pwr_get
 .text.hci_driver_init
                0x0000000000011a8c       0x10 zephyr/subsys/bluetooth/controller/libsubsys__bluetooth__controller.a(hci_driver.c.obj)
 .text.recv_thread
                0x0000000000011a9c       0xf0 zephyr/subsys/bluetooth/controller/libsubsys__bluetooth__controller.a(hci_driver.c.obj)
 .text.prio_recv_thread
                0x0000000000011b8c       0x74 zephyr/subsys/bluetooth/controller/libsubsys__bluetooth__controller.a(hci_driver.c.obj)
 .text.hci_driver_send
                0x0000000000011c00       0xb0 zephyr/subsys/bluetooth/controller/libsubsys__bluetooth__controller.a(hci_driver.c.obj)
 .text.hci_driver_open
                0x0000000000011cb0       0xbc zephyr/subsys/bluetooth/controller/libsubsys__bluetooth__controller.a(hci_driver.c.obj)
 .text.meta_evt
                0x0000000000011d6c       0x30 zephyr/subsys/bluetooth/controller/libsubsys__bluetooth__controller.a(hci.c.obj)
 .text.le_remote_feat_complete
                0x0000000000011d9c       0x6c zephyr/subsys/bluetooth/controller/libsubsys__bluetooth__controller.a(hci.c.obj)
 .text.encrypt_change.part.0
                0x0000000000011e08       0x34 zephyr/subsys/bluetooth/controller/libsubsys__bluetooth__controller.a(hci.c.obj)
 .text.bt_hci_evt_create
                0x0000000000011e3c       0x28 zephyr/subsys/bluetooth/controller/libsubsys__bluetooth__controller.a(hci.c.obj)
                0x0000000000011e3c                bt_hci_evt_create
 .text.bt_hci_cmd_complete_create
                0x0000000000011e64       0x28 zephyr/subsys/bluetooth/controller/libsubsys__bluetooth__controller.a(hci.c.obj)
                0x0000000000011e64                bt_hci_cmd_complete_create
 .text.bt_hci_cmd_status_create
                0x0000000000011e8c       0x28 zephyr/subsys/bluetooth/controller/libsubsys__bluetooth__controller.a(hci.c.obj)
                0x0000000000011e8c                bt_hci_cmd_status_create
 .text.hci_cmd_complete
                0x0000000000011eb4       0x20 zephyr/subsys/bluetooth/controller/libsubsys__bluetooth__controller.a(hci.c.obj)
                0x0000000000011eb4                hci_cmd_complete
 .text.hci_vendor_cmd_handle_common
                0x0000000000011ed4      0x11c zephyr/subsys/bluetooth/controller/libsubsys__bluetooth__controller.a(hci.c.obj)
                0x0000000000011ed4                hci_vendor_cmd_handle_common
 .text.hci_cmd_handle
                0x0000000000011ff0      0x84c zephyr/subsys/bluetooth/controller/libsubsys__bluetooth__controller.a(hci.c.obj)
                0x0000000000011ff0                hci_cmd_handle
 .text.hci_acl_handle
                0x000000000001283c      0x130 zephyr/subsys/bluetooth/controller/libsubsys__bluetooth__controller.a(hci.c.obj)
                0x000000000001283c                hci_acl_handle
 .text.hci_acl_encode
                0x000000000001296c       0x74 zephyr/subsys/bluetooth/controller/libsubsys__bluetooth__controller.a(hci.c.obj)
                0x000000000001296c                hci_acl_encode
 .text.hci_evt_encode
                0x00000000000129e0      0x848 zephyr/subsys/bluetooth/controller/libsubsys__bluetooth__controller.a(hci.c.obj)
                0x00000000000129e0                hci_evt_encode
 .text.hci_num_cmplt_encode
                0x0000000000013228       0x30 zephyr/subsys/bluetooth/controller/libsubsys__bluetooth__controller.a(hci.c.obj)
                0x0000000000013228                hci_num_cmplt_encode
 .text.hci_get_class
                0x0000000000013258       0x2c zephyr/subsys/bluetooth/controller/libsubsys__bluetooth__controller.a(hci.c.obj)
                0x0000000000013258                hci_get_class
 .text.hci_init
                0x0000000000013284       0x40 zephyr/subsys/bluetooth/controller/libsubsys__bluetooth__controller.a(hci.c.obj)
                0x0000000000013284                hci_init
 .text.bt_rand  0x00000000000132c4        0x4 zephyr/subsys/bluetooth/controller/libsubsys__bluetooth__controller.a(crypto.c.obj)
                0x00000000000132c4                bt_rand
 .text.bt_encrypt_le
                0x00000000000132c8        0xc zephyr/subsys/bluetooth/controller/libsubsys__bluetooth__controller.a(crypto.c.obj)
                0x00000000000132c8                bt_encrypt_le
 .text.perform_lll_reset
                0x00000000000132d4       0x94 zephyr/subsys/bluetooth/controller/libsubsys__bluetooth__controller.a(ull.c.obj)
 .text.disabled_cb
                0x0000000000013368        0x4 zephyr/subsys/bluetooth/controller/libsubsys__bluetooth__controller.a(ull.c.obj)
 .text.tx_cmplt_get
                0x000000000001336c       0xcc zephyr/subsys/bluetooth/controller/libsubsys__bluetooth__controller.a(ull.c.obj)
 .text.rx_demux
                0x0000000000013438      0x3ac zephyr/subsys/bluetooth/controller/libsubsys__bluetooth__controller.a(ull.c.obj)
 .text.ll_init  0x00000000000137e4      0x2e4 zephyr/subsys/bluetooth/controller/libsubsys__bluetooth__controller.a(ull.c.obj)
                0x00000000000137e4                ll_init
 .text.ll_reset
                0x0000000000013ac8      0x32c zephyr/subsys/bluetooth/controller/libsubsys__bluetooth__controller.a(ull.c.obj)
                0x0000000000013ac8                ll_reset
 .text.ll_rx_get
                0x0000000000013df4      0x1cc zephyr/subsys/bluetooth/controller/libsubsys__bluetooth__controller.a(ull.c.obj)
                0x0000000000013df4                ll_rx_get
 .text.ll_rx_dequeue
                0x0000000000013fc0       0xdc zephyr/subsys/bluetooth/controller/libsubsys__bluetooth__controller.a(ull.c.obj)
                0x0000000000013fc0                ll_rx_dequeue
 .text.ll_rx_mem_release
                0x000000000001409c      0x324 zephyr/subsys/bluetooth/controller/libsubsys__bluetooth__controller.a(ull.c.obj)
                0x000000000001409c                ll_rx_mem_release
 .text.ll_rx_link_alloc
                0x00000000000143c0        0xc zephyr/subsys/bluetooth/controller/libsubsys__bluetooth__controller.a(ull.c.obj)
                0x00000000000143c0                ll_rx_link_alloc
 .text.ll_rx_link_release
                0x00000000000143cc        0xc zephyr/subsys/bluetooth/controller/libsubsys__bluetooth__controller.a(ull.c.obj)
                0x00000000000143cc                ll_rx_link_release
 .text.ll_rx_put
                0x00000000000143d8       0x14 zephyr/subsys/bluetooth/controller/libsubsys__bluetooth__controller.a(ull.c.obj)
                0x00000000000143d8                ll_rx_put
 .text.ll_rx_sched
                0x00000000000143ec        0xc zephyr/subsys/bluetooth/controller/libsubsys__bluetooth__controller.a(ull.c.obj)
                0x00000000000143ec                ll_rx_sched
 .text.ll_pdu_rx_alloc_peek
                0x00000000000143f8       0x48 zephyr/subsys/bluetooth/controller/libsubsys__bluetooth__controller.a(ull.c.obj)
                0x00000000000143f8                ll_pdu_rx_alloc_peek
 .text.ll_pdu_rx_alloc
                0x0000000000014440       0x30 zephyr/subsys/bluetooth/controller/libsubsys__bluetooth__controller.a(ull.c.obj)
                0x0000000000014440                ll_pdu_rx_alloc
 .text.ll_tx_ack_put
                0x0000000000014470       0x60 zephyr/subsys/bluetooth/controller/libsubsys__bluetooth__controller.a(ull.c.obj)
                0x0000000000014470                ll_tx_ack_put
 .text.ull_ticker_status_give
                0x00000000000144d0        0xc zephyr/subsys/bluetooth/controller/libsubsys__bluetooth__controller.a(ull.c.obj)
                0x00000000000144d0                ull_ticker_status_give
 .text.ull_ticker_status_take
                0x00000000000144dc       0x1c zephyr/subsys/bluetooth/controller/libsubsys__bluetooth__controller.a(ull.c.obj)
                0x00000000000144dc                ull_ticker_status_take
 .text.ull_disable_mark
                0x00000000000144f8       0x18 zephyr/subsys/bluetooth/controller/libsubsys__bluetooth__controller.a(ull.c.obj)
                0x00000000000144f8                ull_disable_mark
 .text.ull_disable_unmark
                0x0000000000014510       0x18 zephyr/subsys/bluetooth/controller/libsubsys__bluetooth__controller.a(ull.c.obj)
                0x0000000000014510                ull_disable_unmark
 .text.ull_disable_mark_get
                0x0000000000014528        0xc zephyr/subsys/bluetooth/controller/libsubsys__bluetooth__controller.a(ull.c.obj)
                0x0000000000014528                ull_disable_mark_get
 .text.ull_update_mark
                0x0000000000014534       0x18 zephyr/subsys/bluetooth/controller/libsubsys__bluetooth__controller.a(ull.c.obj)
                0x0000000000014534                ull_update_mark
 .text.ull_update_unmark
                0x000000000001454c       0x18 zephyr/subsys/bluetooth/controller/libsubsys__bluetooth__controller.a(ull.c.obj)
                0x000000000001454c                ull_update_unmark
 .text.ull_update_mark_get
                0x0000000000014564        0xc zephyr/subsys/bluetooth/controller/libsubsys__bluetooth__controller.a(ull.c.obj)
                0x0000000000014564                ull_update_mark_get
 .text.ull_disable
                0x0000000000014570       0x7c zephyr/subsys/bluetooth/controller/libsubsys__bluetooth__controller.a(ull.c.obj)
                0x0000000000014570                ull_disable
 .text.ull_pdu_rx_alloc_peek
                0x00000000000145ec       0x3c zephyr/subsys/bluetooth/controller/libsubsys__bluetooth__controller.a(ull.c.obj)
                0x00000000000145ec                ull_pdu_rx_alloc_peek
 .text.ull_pdu_rx_alloc
                0x0000000000014628       0x30 zephyr/subsys/bluetooth/controller/libsubsys__bluetooth__controller.a(ull.c.obj)
                0x0000000000014628                ull_pdu_rx_alloc
 .text.ull_rx_put
                0x0000000000014658       0x20 zephyr/subsys/bluetooth/controller/libsubsys__bluetooth__controller.a(ull.c.obj)
                0x0000000000014658                ull_rx_put
 .text.ull_rx_sched
                0x0000000000014678       0x10 zephyr/subsys/bluetooth/controller/libsubsys__bluetooth__controller.a(ull.c.obj)
                0x0000000000014678                ull_rx_sched
 .text.ull_prepare_enqueue
                0x0000000000014688       0x70 zephyr/subsys/bluetooth/controller/libsubsys__bluetooth__controller.a(ull.c.obj)
                0x0000000000014688                ull_prepare_enqueue
 .text.ull_prepare_dequeue_get
                0x00000000000146f8       0x1c zephyr/subsys/bluetooth/controller/libsubsys__bluetooth__controller.a(ull.c.obj)
                0x00000000000146f8                ull_prepare_dequeue_get
 .text.ull_prepare_dequeue_iter
                0x0000000000014714       0x3c zephyr/subsys/bluetooth/controller/libsubsys__bluetooth__controller.a(ull.c.obj)
                0x0000000000014714                ull_prepare_dequeue_iter
 .text.ull_event_done_extra_get
                0x0000000000014750       0x20 zephyr/subsys/bluetooth/controller/libsubsys__bluetooth__controller.a(ull.c.obj)
                0x0000000000014750                ull_event_done_extra_get
 .text.ull_event_done
                0x0000000000014770       0x60 zephyr/subsys/bluetooth/controller/libsubsys__bluetooth__controller.a(ull.c.obj)
                0x0000000000014770                ull_event_done
 .text.ticker_cb
                0x00000000000147d0       0x9c zephyr/subsys/bluetooth/controller/libsubsys__bluetooth__controller.a(ull_scan.c.obj)
 .text.ull_scan_init
                0x000000000001486c        0x4 zephyr/subsys/bluetooth/controller/libsubsys__bluetooth__controller.a(ull_scan.c.obj)
                0x000000000001486c                ull_scan_init
 .text.ull_scan_disable
                0x0000000000014870       0xe4 zephyr/subsys/bluetooth/controller/libsubsys__bluetooth__controller.a(ull_scan.c.obj)
                0x0000000000014870                ull_scan_disable
 .text.disable.constprop.0
                0x0000000000014954       0x3c zephyr/subsys/bluetooth/controller/libsubsys__bluetooth__controller.a(ull_scan.c.obj)
 .text.ll_scan_enable
                0x0000000000014990       0x88 zephyr/subsys/bluetooth/controller/libsubsys__bluetooth__controller.a(ull_scan.c.obj)
                0x0000000000014990                ll_scan_enable
 .text.ull_scan_reset
                0x0000000000014a18        0xc zephyr/subsys/bluetooth/controller/libsubsys__bluetooth__controller.a(ull_scan.c.obj)
                0x0000000000014a18                ull_scan_reset
 .text.ull_scan_handle_get
                0x0000000000014a24       0x1c zephyr/subsys/bluetooth/controller/libsubsys__bluetooth__controller.a(ull_scan.c.obj)
                0x0000000000014a24                ull_scan_handle_get
 .text.ull_scan_is_enabled_get
                0x0000000000014a40       0x1c zephyr/subsys/bluetooth/controller/libsubsys__bluetooth__controller.a(ull_scan.c.obj)
                0x0000000000014a40                ull_scan_is_enabled_get
 .text.ull_scan_is_disabled_get
                0x0000000000014a5c       0x18 zephyr/subsys/bluetooth/controller/libsubsys__bluetooth__controller.a(ull_scan.c.obj)
                0x0000000000014a5c                ull_scan_is_disabled_get
 .text.ull_scan_is_enabled
                0x0000000000014a74       0x30 zephyr/subsys/bluetooth/controller/libsubsys__bluetooth__controller.a(ull_scan.c.obj)
                0x0000000000014a74                ull_scan_is_enabled
 .text.ull_scan_filter_pol_get
                0x0000000000014aa4       0x20 zephyr/subsys/bluetooth/controller/libsubsys__bluetooth__controller.a(ull_scan.c.obj)
                0x0000000000014aa4                ull_scan_filter_pol_get
 .text.tx_ull_dequeue
                0x0000000000014ac4       0x84 zephyr/subsys/bluetooth/controller/libsubsys__bluetooth__controller.a(ull_conn.c.obj)
 .text.calc_eff_time
                0x0000000000014b48       0x5c zephyr/subsys/bluetooth/controller/libsubsys__bluetooth__controller.a(ull_conn.c.obj)
 .text.init_reset
                0x0000000000014ba4       0x78 zephyr/subsys/bluetooth/controller/libsubsys__bluetooth__controller.a(ull_conn.c.obj)
 .text.ctrl_tx_pause_enqueue
                0x0000000000014c1c       0xb0 zephyr/subsys/bluetooth/controller/libsubsys__bluetooth__controller.a(ull_conn.c.obj)
 .text.tx_lll_flush
                0x0000000000014ccc       0xf8 zephyr/subsys/bluetooth/controller/libsubsys__bluetooth__controller.a(ull_conn.c.obj)
 .text.ticker_start_conn_op_cb
                0x0000000000014dc4       0x58 zephyr/subsys/bluetooth/controller/libsubsys__bluetooth__controller.a(ull_conn.c.obj)
 .text.ticker_stop_conn_op_cb
                0x0000000000014e1c       0x58 zephyr/subsys/bluetooth/controller/libsubsys__bluetooth__controller.a(ull_conn.c.obj)
 .text.ticker_update_conn_op_cb
                0x0000000000014e74       0x40 zephyr/subsys/bluetooth/controller/libsubsys__bluetooth__controller.a(ull_conn.c.obj)
 .text.ticker_op_stop_cb
                0x0000000000014eb4       0x64 zephyr/subsys/bluetooth/controller/libsubsys__bluetooth__controller.a(ull_conn.c.obj)
 .text.reject_ext_ind_send.isra.0
                0x0000000000014f18       0xa4 zephyr/subsys/bluetooth/controller/libsubsys__bluetooth__controller.a(ull_conn.c.obj)
 .text.start_enc_rsp_send
                0x0000000000014fbc       0xc4 zephyr/subsys/bluetooth/controller/libsubsys__bluetooth__controller.a(ull_conn.c.obj)
 .text.ctrl_tx_sec_enqueue
                0x0000000000015080      0x124 zephyr/subsys/bluetooth/controller/libsubsys__bluetooth__controller.a(ull_conn.c.obj)
 .text.feature_rsp_send.isra.0
                0x00000000000151a4       0xa0 zephyr/subsys/bluetooth/controller/libsubsys__bluetooth__controller.a(ull_conn.c.obj)
 .text.ll_conn_acquire
                0x0000000000015244        0xc zephyr/subsys/bluetooth/controller/libsubsys__bluetooth__controller.a(ull_conn.c.obj)
                0x0000000000015244                ll_conn_acquire
 .text.ll_conn_release
                0x0000000000015250        0xc zephyr/subsys/bluetooth/controller/libsubsys__bluetooth__controller.a(ull_conn.c.obj)
                0x0000000000015250                ll_conn_release
 .text.ll_conn_handle_get
                0x000000000001525c       0x10 zephyr/subsys/bluetooth/controller/libsubsys__bluetooth__controller.a(ull_conn.c.obj)
                0x000000000001525c                ll_conn_handle_get
 .text.ll_conn_get
                0x000000000001526c       0x10 zephyr/subsys/bluetooth/controller/libsubsys__bluetooth__controller.a(ull_conn.c.obj)
                0x000000000001526c                ll_conn_get
 .text.ll_connected_get
                0x000000000001527c       0x28 zephyr/subsys/bluetooth/controller/libsubsys__bluetooth__controller.a(ull_conn.c.obj)
                0x000000000001527c                ll_connected_get
 .text.ll_tx_mem_acquire
                0x00000000000152a4        0xc zephyr/subsys/bluetooth/controller/libsubsys__bluetooth__controller.a(ull_conn.c.obj)
                0x00000000000152a4                ll_tx_mem_acquire
 .text.ll_tx_mem_release
                0x00000000000152b0        0xc zephyr/subsys/bluetooth/controller/libsubsys__bluetooth__controller.a(ull_conn.c.obj)
                0x00000000000152b0                ll_tx_mem_release
 .text.ll_tx_mem_enqueue
                0x00000000000152bc       0x64 zephyr/subsys/bluetooth/controller/libsubsys__bluetooth__controller.a(ull_conn.c.obj)
                0x00000000000152bc                ll_tx_mem_enqueue
 .text.ll_conn_update_BLEX
                0x0000000000015320       0xf4 zephyr/subsys/bluetooth/controller/libsubsys__bluetooth__controller.a(ull_conn.c.obj)
                0x0000000000015320                ll_conn_update_BLEX
 .text.ll_conn_update
                0x0000000000015414      0x110 zephyr/subsys/bluetooth/controller/libsubsys__bluetooth__controller.a(ull_conn.c.obj)
                0x0000000000015414                ll_conn_update
 .text.ll_chm_get
                0x0000000000015524       0x48 zephyr/subsys/bluetooth/controller/libsubsys__bluetooth__controller.a(ull_conn.c.obj)
                0x0000000000015524                ll_chm_get
 .text.ll_terminate_ind_send
                0x000000000001556c       0x3c zephyr/subsys/bluetooth/controller/libsubsys__bluetooth__controller.a(ull_conn.c.obj)
                0x000000000001556c                ll_terminate_ind_send
 .text.ll_feature_req_send
                0x00000000000155a8       0x3c zephyr/subsys/bluetooth/controller/libsubsys__bluetooth__controller.a(ull_conn.c.obj)
                0x00000000000155a8                ll_feature_req_send
 .text.ll_version_ind_send
                0x00000000000155e4       0x3c zephyr/subsys/bluetooth/controller/libsubsys__bluetooth__controller.a(ull_conn.c.obj)
                0x00000000000155e4                ll_version_ind_send
 .text.ll_length_req_send
                0x0000000000015620       0x98 zephyr/subsys/bluetooth/controller/libsubsys__bluetooth__controller.a(ull_conn.c.obj)
                0x0000000000015620                ll_length_req_send
 .text.ll_length_default_get
                0x00000000000156b8       0x18 zephyr/subsys/bluetooth/controller/libsubsys__bluetooth__controller.a(ull_conn.c.obj)
                0x00000000000156b8                ll_length_default_get
 .text.ll_length_default_set
                0x00000000000156d0       0x14 zephyr/subsys/bluetooth/controller/libsubsys__bluetooth__controller.a(ull_conn.c.obj)
                0x00000000000156d0                ll_length_default_set
 .text.ll_length_max_get
                0x00000000000156e4       0x14 zephyr/subsys/bluetooth/controller/libsubsys__bluetooth__controller.a(ull_conn.c.obj)
                0x00000000000156e4                ll_length_max_get
 .text.ll_phy_get
                0x00000000000156f8       0x44 zephyr/subsys/bluetooth/controller/libsubsys__bluetooth__controller.a(ull_conn.c.obj)
                0x00000000000156f8                ll_phy_get
 .text.ll_phy_default_set
                0x000000000001573c       0x14 zephyr/subsys/bluetooth/controller/libsubsys__bluetooth__controller.a(ull_conn.c.obj)
                0x000000000001573c                ll_phy_default_set
 .text.ll_phy_req_send
                0x0000000000015750       0xa4 zephyr/subsys/bluetooth/controller/libsubsys__bluetooth__controller.a(ull_conn.c.obj)
                0x0000000000015750                ll_phy_req_send
 .text.ll_apto_get
                0x00000000000157f4       0x4c zephyr/subsys/bluetooth/controller/libsubsys__bluetooth__controller.a(ull_conn.c.obj)
                0x00000000000157f4                ll_apto_get
 .text.ll_apto_set
                0x0000000000015840       0x4c zephyr/subsys/bluetooth/controller/libsubsys__bluetooth__controller.a(ull_conn.c.obj)
                0x0000000000015840                ll_apto_set
 .text.ull_conn_init
                0x000000000001588c        0x4 zephyr/subsys/bluetooth/controller/libsubsys__bluetooth__controller.a(ull_conn.c.obj)
                0x000000000001588c                ull_conn_init
 .text.ull_conn_reset
                0x0000000000015890       0xf4 zephyr/subsys/bluetooth/controller/libsubsys__bluetooth__controller.a(ull_conn.c.obj)
                0x0000000000015890                ull_conn_reset
 .text.ull_conn_default_tx_octets_get
                0x0000000000015984        0xc zephyr/subsys/bluetooth/controller/libsubsys__bluetooth__controller.a(ull_conn.c.obj)
                0x0000000000015984                ull_conn_default_tx_octets_get
 .text.ull_conn_default_tx_time_get
                0x0000000000015990        0xc zephyr/subsys/bluetooth/controller/libsubsys__bluetooth__controller.a(ull_conn.c.obj)
                0x0000000000015990                ull_conn_default_tx_time_get
 .text.ull_conn_default_phy_tx_get
                0x000000000001599c        0xc zephyr/subsys/bluetooth/controller/libsubsys__bluetooth__controller.a(ull_conn.c.obj)
                0x000000000001599c                ull_conn_default_phy_tx_get
 .text.ull_conn_default_phy_rx_get
                0x00000000000159a8        0xc zephyr/subsys/bluetooth/controller/libsubsys__bluetooth__controller.a(ull_conn.c.obj)
                0x00000000000159a8                ull_conn_default_phy_rx_get
 .text.ull_conn_setup
                0x00000000000159b4       0x44 zephyr/subsys/bluetooth/controller/libsubsys__bluetooth__controller.a(ull_conn.c.obj)
                0x00000000000159b4                ull_conn_setup
 .text.ull_conn_rx
                0x00000000000159f8     0x1818 zephyr/subsys/bluetooth/controller/libsubsys__bluetooth__controller.a(ull_conn.c.obj)
                0x00000000000159f8                ull_conn_rx
 .text.ull_conn_tx_demux
                0x0000000000017210       0xac zephyr/subsys/bluetooth/controller/libsubsys__bluetooth__controller.a(ull_conn.c.obj)
                0x0000000000017210                ull_conn_tx_demux
 .text.conn_cleanup
                0x00000000000172bc       0xfc zephyr/subsys/bluetooth/controller/libsubsys__bluetooth__controller.a(ull_conn.c.obj)
 .text.ull_conn_tx_lll_enqueue
                0x00000000000173b8      0x1ec zephyr/subsys/bluetooth/controller/libsubsys__bluetooth__controller.a(ull_conn.c.obj)
                0x00000000000173b8                ull_conn_tx_lll_enqueue
 .text.ull_conn_link_tx_release
                0x00000000000175a4        0xc zephyr/subsys/bluetooth/controller/libsubsys__bluetooth__controller.a(ull_conn.c.obj)
                0x00000000000175a4                ull_conn_link_tx_release
 .text.ull_conn_ack_last_idx_get
                0x00000000000175b0        0xc zephyr/subsys/bluetooth/controller/libsubsys__bluetooth__controller.a(ull_conn.c.obj)
                0x00000000000175b0                ull_conn_ack_last_idx_get
 .text.ull_conn_ack_peek
                0x00000000000175bc       0x34 zephyr/subsys/bluetooth/controller/libsubsys__bluetooth__controller.a(ull_conn.c.obj)
                0x00000000000175bc                ull_conn_ack_peek
 .text.ull_conn_ack_by_last_peek
                0x00000000000175f0       0x2c zephyr/subsys/bluetooth/controller/libsubsys__bluetooth__controller.a(ull_conn.c.obj)
                0x00000000000175f0                ull_conn_ack_by_last_peek
 .text.ull_conn_ack_dequeue
                0x000000000001761c       0x30 zephyr/subsys/bluetooth/controller/libsubsys__bluetooth__controller.a(ull_conn.c.obj)
                0x000000000001761c                ull_conn_ack_dequeue
 .text.ull_conn_lll_ack_enqueue
                0x000000000001764c       0x60 zephyr/subsys/bluetooth/controller/libsubsys__bluetooth__controller.a(ull_conn.c.obj)
                0x000000000001764c                ull_conn_lll_ack_enqueue
 .text.ull_conn_tx_ack
                0x00000000000176ac      0x36c zephyr/subsys/bluetooth/controller/libsubsys__bluetooth__controller.a(ull_conn.c.obj)
                0x00000000000176ac                ull_conn_tx_ack
 .text.ull_conn_llcp_req
                0x0000000000017a18       0x18 zephyr/subsys/bluetooth/controller/libsubsys__bluetooth__controller.a(ull_conn.c.obj)
                0x0000000000017a18                ull_conn_llcp_req
 .text.ull_conn_lll_max_tx_octets_get
                0x0000000000017a30       0x4c zephyr/subsys/bluetooth/controller/libsubsys__bluetooth__controller.a(ull_conn.c.obj)
                0x0000000000017a30                ull_conn_lll_max_tx_octets_get
 .text.set_winoffset
                0x0000000000017a7c      0x1b0 zephyr/subsys/bluetooth/controller/libsubsys__bluetooth__controller.a(ull_conn.c.obj)
                0x0000000000017a7c                set_winoffset
 .text.ticker_op_stop_scan_cb
                0x0000000000017c2c        0x4 zephyr/subsys/bluetooth/controller/libsubsys__bluetooth__controller.a(ull_master.c.obj)
 .text.ticker_op_cb
                0x0000000000017c30       0x30 zephyr/subsys/bluetooth/controller/libsubsys__bluetooth__controller.a(ull_master.c.obj)
 .text.ull_master_ticker_cb
                0x0000000000017c60       0xb8 zephyr/subsys/bluetooth/controller/libsubsys__bluetooth__controller.a(ull_master.c.obj)
                0x0000000000017c60                ull_master_ticker_cb
 .text.ll_create_connection
                0x0000000000017d18      0x408 zephyr/subsys/bluetooth/controller/libsubsys__bluetooth__controller.a(ull_master.c.obj)
                0x0000000000017d18                ll_create_connection
 .text.ll_connect_disable
                0x0000000000018120       0x8c zephyr/subsys/bluetooth/controller/libsubsys__bluetooth__controller.a(ull_master.c.obj)